Component: ARM Compiler 5.06 update 7 (build 960) Tool: armlink [4d3601]

==============================================================================

Section Cross References

    startup_stm32h743xx.o(STACK) refers (Special) to heapauxi.o(.text) for __use_two_region_memory
    startup_stm32h743xx.o(HEAP) refers (Special) to heapauxi.o(.text) for __use_two_region_memory
    startup_stm32h743xx.o(RESET) refers (Special) to heapauxi.o(.text) for __use_two_region_memory
    startup_stm32h743xx.o(RESET) refers to startup_stm32h743xx.o(STACK) for __initial_sp
    startup_stm32h743xx.o(RESET) refers to startup_stm32h743xx.o(.text) for Reset_Handler
    startup_stm32h743xx.o(RESET) refers to stm32h7xx_it.o(i.NMI_Handler) for NMI_Handler
    startup_stm32h743xx.o(RESET) refers to stm32h7xx_it.o(i.HardFault_Handler) for HardFault_Handler
    startup_stm32h743xx.o(RESET) refers to stm32h7xx_it.o(i.MemManage_Handler) for MemManage_Handler
    startup_stm32h743xx.o(RESET) refers to stm32h7xx_it.o(i.BusFault_Handler) for BusFault_Handler
    startup_stm32h743xx.o(RESET) refers to stm32h7xx_it.o(i.UsageFault_Handler) for UsageFault_Handler
    startup_stm32h743xx.o(RESET) refers to stm32h7xx_it.o(i.SVC_Handler) for SVC_Handler
    startup_stm32h743xx.o(RESET) refers to stm32h7xx_it.o(i.DebugMon_Handler) for DebugMon_Handler
    startup_stm32h743xx.o(RESET) refers to stm32h7xx_it.o(i.PendSV_Handler) for PendSV_Handler
    startup_stm32h743xx.o(RESET) refers to stm32h7xx_it.o(i.SysTick_Handler) for SysTick_Handler
    startup_stm32h743xx.o(RESET) refers to stm32h7xx_it.o(i.OTG_FS_IRQHandler) for OTG_FS_IRQHandler
    startup_stm32h743xx.o(.text) refers (Special) to heapauxi.o(.text) for __use_two_region_memory
    startup_stm32h743xx.o(.text) refers to system_stm32h7xx.o(i.SystemInit) for SystemInit
    startup_stm32h743xx.o(.text) refers to __main.o(!!!main) for __main
    startup_stm32h743xx.o(.text) refers to startup_stm32h743xx.o(HEAP) for Heap_Mem
    startup_stm32h743xx.o(.text) refers to startup_stm32h743xx.o(STACK) for Stack_Mem
    ad5270_71.o(i.AD5270_71_global_init) refers to ad5270_71.o(i.write_reg_ad5270) for write_reg_ad5270
    ad5270_71.o(i.AD5270_71_global_init) refers to ad5270_71.o(i.write_RDAC) for write_RDAC
    ad5270_71.o(i.AD5270_71_init) refers to ad5270_71.o(i.write_reg_ad5270) for write_reg_ad5270
    ad5270_71.o(i.AD5270_71_init) refers to ad5270_71.o(i.write_RDAC) for write_RDAC
    ad5270_71.o(i.write_RDAC) refers to ad5270_71.o(i.write_reg_ad5270) for write_reg_ad5270
    ad5270_71.o(i.write_reg_ad5270) refers to mux.o(i.set_mux) for set_mux
    ad5270_71.o(i.write_reg_ad5270) refers to mux.o(i.enable_mux) for enable_mux
    ad5270_71.o(i.write_reg_ad5270) refers to stm32h7xx_hal_spi.o(i.HAL_SPI_Transmit) for HAL_SPI_Transmit
    ad5270_71.o(i.write_reg_ad5270) refers to mux.o(i.disable_mux) for disable_mux
    ad5270_71.o(i.write_reg_ad5270) refers to ad5270_71.o(.data) for .data
    ad5270_71.o(i.write_reg_ad5270) refers to spi.o(.bss) for hspi5
    ad9834.o(i.AD9834_disable) refers to ad9834.o(i.write_reg_ad9834) for write_reg_ad9834
    ad9834.o(i.AD9834_disableAll) refers to stm32h7xx_hal_gpio.o(i.HAL_GPIO_WritePin) for HAL_GPIO_WritePin
    ad9834.o(i.AD9834_global_init) refers to stm32h7xx_hal_gpio.o(i.HAL_GPIO_WritePin) for HAL_GPIO_WritePin
    ad9834.o(i.AD9834_global_init) refers to ad9834.o(i.write_reg_ad9834) for write_reg_ad9834
    ad9834.o(i.AD9834_global_init) refers to ad9834.o(i.AD9834_set) for AD9834_set
    ad9834.o(i.AD9834_init) refers to stm32h7xx_hal_gpio.o(i.HAL_GPIO_WritePin) for HAL_GPIO_WritePin
    ad9834.o(i.AD9834_init) refers to ad9834.o(i.AD9834_set) for AD9834_set
    ad9834.o(i.AD9834_set) refers to stm32h7xx_hal_gpio.o(i.HAL_GPIO_WritePin) for HAL_GPIO_WritePin
    ad9834.o(i.AD9834_set) refers to ad9834.o(i.write_reg_ad9834) for write_reg_ad9834
    ad9834.o(i.AD9834_set) refers to ad9834.o(i.setFrequencyRegister) for setFrequencyRegister
    ad9834.o(i.AD9834_set) refers to ad9834.o(i.setPhaseRegister) for setPhaseRegister
    ad9834.o(i.AD9834_start) refers to stm32h7xx_hal_gpio.o(i.HAL_GPIO_WritePin) for HAL_GPIO_WritePin
    ad9834.o(i.setFrequencyRegister) refers to ad9834.o(i.write_reg_ad9834) for write_reg_ad9834
    ad9834.o(i.setFrequencyRegister) refers to stm32h7xx_hal_gpio.o(i.HAL_GPIO_WritePin) for HAL_GPIO_WritePin
    ad9834.o(i.setFrequencyRegister) refers to stm32h7xx_hal.o(i.HAL_Delay) for HAL_Delay
    ad9834.o(i.setPhaseRegister) refers to ad9834.o(i.write_reg_ad9834) for write_reg_ad9834
    ad9834.o(i.setPhaseRegister) refers to stm32h7xx_hal_gpio.o(i.HAL_GPIO_WritePin) for HAL_GPIO_WritePin
    ad9834.o(i.setPhaseRegister) refers to stm32h7xx_hal.o(i.HAL_Delay) for HAL_Delay
    ad9834.o(i.write_reg_ad9834) refers to mux.o(i.set_mux) for set_mux
    ad9834.o(i.write_reg_ad9834) refers to mux.o(i.enable_mux) for enable_mux
    ad9834.o(i.write_reg_ad9834) refers to stm32h7xx_hal_spi.o(i.HAL_SPI_Transmit) for HAL_SPI_Transmit
[...]
    __rt_entry_postsh_1                      0x08000371   Thumb Code     0  __rtentry2.o(.ARM.Collect$$rtentry$$00000009)
    __rt_entry_main                          0x08000375   Thumb Code     0  __rtentry2.o(.ARM.Collect$$rtentry$$0000000D)
    __rt_entry_postli_1                      0x08000375   Thumb Code     0  __rtentry2.o(.ARM.Collect$$rtentry$$0000000C)
    __rt_exit                                0x0800037d   Thumb Code     0  rtexit.o(.ARM.Collect$$rtexit$$00000000)
    __rt_exit_ls                             0x0800037f   Thumb Code     0  rtexit2.o(.ARM.Collect$$rtexit$$00000003)
    __rt_exit_prels_1                        0x0800037f   Thumb Code     0  rtexit2.o(.ARM.Collect$$rtexit$$00000002)
    __rt_exit_exit                           0x08000383   Thumb Code     0  rtexit2.o(.ARM.Collect$$rtexit$$00000004)
    Reset_Handler                            0x08000389   Thumb Code     8  startup_stm32h743xx.o(.text)
    _maybe_terminate_alloc                   0x08000389   Thumb Code     0  maybetermalloc1.o(.emb_text)
    ADC3_IRQHandler                          0x080003a3   Thumb Code     0  startup_stm32h743xx.o(.text)
    ADC_IRQHandler                           0x080003a3   Thumb Code     0  startup_stm32h743xx.o(.text)
    BDMA_Channel0_IRQHandler                 0x080003a3   Thumb Code     0  startup_stm32h743xx.o(.text)
    BDMA_Channel1_IRQHandler                 0x080003a3   Thumb Code     0  startup_stm32h743xx.o(.text)
    BDMA_Channel2_IRQHandler                 0x080003a3   Thumb Code     0  startup_stm32h743xx.o(.text)
    BDMA_Channel3_IRQHandler                 0x080003a3   Thumb Code     0  startup_stm32h743xx.o(.text)
    BDMA_Channel4_IRQHandler                 0x080003a3   Thumb Code     0  startup_stm32h743xx.o(.text)
    BDMA_Channel5_IRQHandler                 0x080003a3   Thumb Code     0  startup_stm32h743xx.o(.text)
    BDMA_Channel6_IRQHandler                 0x080003a3   Thumb Code     0  startup_stm32h743xx.o(.text)
    BDMA_Channel7_IRQHandler                 0x080003a3   Thumb Code     0  startup_stm32h743xx.o(.text)
    CEC_IRQHandler                           0x080003a3   Thumb Code     0  startup_stm32h743xx.o(.text)
    COMP1_IRQHandler                         0x080003a3   Thumb Code     0  startup_stm32h743xx.o(.text)
    CRS_IRQHandler                           0x080003a3   Thumb Code     0  startup_stm32h743xx.o(.text)
    DCMI_IRQHandler                          0x080003a3   Thumb Code     0  startup_stm32h743xx.o(.text)
    DFSDM1_FLT0_IRQHandler                   0x080003a3   Thumb Code     0  startup_stm32h743xx.o(.text)
    DFSDM1_FLT1_IRQHandler                   0x080003a3   Thumb Code     0  startup_stm32h743xx.o(.text)
    DFSDM1_FLT2_IRQHandler                   0x080003a3   Thumb Code     0  startup_stm32h743xx.o(.text)
    DFSDM1_FLT3_IRQHandler                   0x080003a3   Thumb Code     0  startup_stm32h743xx.o(.text)
    DMA1_Stream0_IRQHandler                  0x080003a3   Thumb Code     0  startup_stm32h743xx.o(.text)
    DMA1_Stream1_IRQHandler                  0x080003a3   Thumb Code     0  startup_stm32h743xx.o(.text)
    DMA1_Stream2_IRQHandler                  0x080003a3   Thumb Code     0  startup_stm32h743xx.o(.text)
    DMA1_Stream3_IRQHandler                  0x080003a3   Thumb Code     0  startup_stm32h743xx.o(.text)
    DMA1_Stream4_IRQHandler                  0x080003a3   Thumb Code     0  startup_stm32h743xx.o(.text)
    DMA1_Stream5_IRQHandler                  0x080003a3   Thumb Code     0  startup_stm32h743xx.o(.text)
    DMA1_Stream6_IRQHandler                  0x080003a3   Thumb Code     0  startup_stm32h743xx.o(.text)
    DMA1_Stream7_IRQHandler                  0x080003a3   Thumb Code     0  startup_stm32h743xx.o(.text)
    DMA2D_IRQHandler                         0x080003a3   Thumb Code     0  startup_stm32h743xx.o(.text)
    DMA2_Stream0_IRQHandler                  0x080003a3   Thumb Code     0  startup_stm32h743xx.o(.text)
    DMA2_Stream1_IRQHandler                  0x080003a3   Thumb Code     0  startup_stm32h743xx.o(.text)
    DMA2_Stream2_IRQHandler                  0x080003a3   Thumb Code     0  startup_stm32h743xx.o(.text)
    DMA2_Stream3_IRQHandler                  0x080003a3   Thumb Code     0  startup_stm32h743xx.o(.text)
    DMA2_Stream4_IRQHandler                  0x080003a3   Thumb Code     0  startup_stm32h743xx.o(.text)
    DMA2_Stream5_IRQHandler                  0x080003a3   Thumb Code     0  startup_stm32h743xx.o(.text)
    DMA2_Stream6_IRQHandler                  0x080003a3   Thumb Code     0  startup_stm32h743xx.o(.text)
    DMA2_Stream7_IRQHandler                  0x080003a3   Thumb Code     0  startup_stm32h743xx.o(.text)
    DMAMUX1_OVR_IRQHandler                   0x080003a3   Thumb Code     0  startup_stm32h743xx.o(.text)
    DMAMUX2_OVR_IRQHandler                   0x080003a3   Thumb Code     0  startup_stm32h743xx.o(.text)
    ECC_IRQHandler                           0x080003a3   Thumb Code     0  startup_stm32h743xx.o(.text)
    ETH_IRQHandler                           0x080003a3   Thumb Code     0  startup_stm32h743xx.o(.text)
    ETH_WKUP_IRQHandler                      0x080003a3   Thumb Code     0  startup_stm32h743xx.o(.text)
    EXTI0_IRQHandler                         0x080003a3   Thumb Code     0  startup_stm32h743xx.o(.text)
    EXTI15_10_IRQHandler                     0x080003a3   Thumb Code     0  startup_stm32h743xx.o(.text)
    EXTI1_IRQHandler                         0x080003a3   Thumb Code     0  startup_stm32h743xx.o(.text)
    EXTI2_IRQHandler                         0x080003a3   Thumb Code     0  startup_stm32h743xx.o(.text)
    EXTI3_IRQHandler                         0x080003a3   Thumb Code     0  startup_stm32h743xx.o(.text)
    EXTI4_IRQHandler                         0x080003a3   Thumb Code     0  startup_stm32h743xx.o(.text)
    EXTI9_5_IRQHandler                       0x080003a3   Thumb Code     0  startup_stm32h743xx.o(.text)
    FDCAN1_IT0_IRQHandler                    0x080003a3   Thumb Code     0  startup_stm32h743xx.o(.text)
    FDCAN1_IT1_IRQHandler                    0x080003a3   Thumb Code     0  startup_stm32h743xx.o(.text)
    FDCAN2_IT0_IRQHandler                    0x080003a3   Thumb Code     0  startup_stm32h743xx.o(.text)
    FDCAN2_IT1_IRQHandler                    0x080003a3   Thumb Code     0  startup_stm32h743xx.o(.text)
    FDCAN_CAL_IRQHandler                     0x080003a3   Thumb Code     0  startup_stm32h743xx.o(.text)
    FLASH_IRQHandler                         0x080003a3   Thumb Code     0  startup_stm32h743xx.o(.text)
    FMC_IRQHandler                           0x080003a3   Thumb Code     0  startup_stm32h743xx.o(.text)
    FPU_IRQHandler                           0x080003a3   Thumb Code     0  startup_stm32h743xx.o(.text)
    HRTIM1_FLT_IRQHandler                    0x080003a3   Thumb Code     0  startup_stm32h743xx.o(.text)
    HRTIM1_Master_IRQHandler                 0x080003a3   Thumb Code     0  startup_stm32h743xx.o(.text)
    HRTIM1_TIMA_IRQHandler                   0x080003a3   Thumb Code     0  startup_stm32h743xx.o(.text)
    HRTIM1_TIMB_IRQHandler                   0x080003a3   Thumb Code     0  startup_stm32h743xx.o(.text)
    HRTIM1_TIMC_IRQHandler                   0x080003a3   Thumb Code     0  startup_stm32h743xx.o(.text)
    HRTIM1_TIMD_IRQHandler                   0x080003a3   Thumb Code     0  startup_stm32h743xx.o(.text)
    HRTIM1_TIME_IRQHandler                   0x080003a3   Thumb Code     0  startup_stm32h743xx.o(.text)
    HSEM1_IRQHandler                         0x080003a3   Thumb Code     0  startup_stm32h743xx.o(.text)
    I2C1_ER_IRQHandler                       0x080003a3   Thumb Code     0  startup_stm32h743xx.o(.text)
    I2C1_EV_IRQHandler                       0x080003a3   Thumb Code     0  startup_stm32h743xx.o(.text)
    I2C2_ER_IRQHandler                       0x080003a3   Thumb Code     0  startup_stm32h743xx.o(.text)
    I2C2_EV_IRQHandler                       0x080003a3   Thumb Code     0  startup_stm32h743xx.o(.text)
    I2C3_ER_IRQHandler                       0x080003a3   Thumb Code     0  startup_stm32h743xx.o(.text)
    I2C3_EV_IRQHandler                       0x080003a3   Thumb Code     0  startup_stm32h743xx.o(.text)
    I2C4_ER_IRQHandler                       0x080003a3   Thumb Code     0  startup_stm32h743xx.o(.text)
    I2C4_EV_IRQHandler                       0x080003a3   Thumb Code     0  startup_stm32h743xx.o(.text)
    JPEG_IRQHandler                          0x080003a3   Thumb Code     0  startup_stm32h743xx.o(.text)
    LPTIM1_IRQHandler                        0x080003a3   Thumb Code     0  startup_stm32h743xx.o(.text)
    LPTIM2_IRQHandler                        0x080003a3   Thumb Code     0  startup_stm32h743xx.o(.text)
    LPTIM3_IRQHandler                        0x080003a3   Thumb Code     0  startup_stm32h743xx.o(.text)
    LPTIM4_IRQHandler                        0x080003a3   Thumb Code     0  startup_stm32h743xx.o(.text)
    LPTIM5_IRQHandler                        0x080003a3   Thumb Code     0  startup_stm32h743xx.o(.text)
    LPUART1_IRQHandler                       0x080003a3   Thumb Code     0  startup_stm32h743xx.o(.text)
    LTDC_ER_IRQHandler                       0x080003a3   Thumb Code     0  startup_stm32h743xx.o(.text)
    LTDC_IRQHandler                          0x080003a3   Thumb Code     0  startup_stm32h743xx.o(.text)
    MDIOS_IRQHandler                         0x080003a3   Thumb Code     0  startup_stm32h743xx.o(.text)
    MDIOS_WKUP_IRQHandler                    0x080003a3   Thumb Code     0  startup_stm32h743xx.o(.text)
    MDMA_IRQHandler                          0x080003a3   Thumb Code     0  startup_stm32h743xx.o(.text)
    OTG_FS_EP1_IN_IRQHandler                 0x080003a3   Thumb Code     0  startup_stm32h743xx.o(.text)
    OTG_FS_EP1_OUT_IRQHandler                0x080003a3   Thumb Code     0  startup_stm32h743xx.o(.text)
    OTG_FS_WKUP_IRQHandler                   0x080003a3   Thumb Code     0  startup_stm32h743xx.o(.text)
    OTG_HS_EP1_IN_IRQHandler                 0x080003a3   Thumb Code     0  startup_stm32h743xx.o(.text)
    OTG_HS_EP1_OUT_IRQHandler                0x080003a3   Thumb Code     0  startup_stm32h743xx.o(.text)
    OTG_HS_IRQHandler                        0x080003a3   Thumb Code     0  startup_stm32h743xx.o(.text)
    OTG_HS_WKUP_IRQHandler                   0x080003a3   Thumb Code     0  startup_stm32h743xx.o(.text)
    PVD_AVD_IRQHandler                       0x080003a3   Thumb Code     0  startup_stm32h743xx.o(.text)
    QUADSPI_IRQHandler                       0x080003a3   Thumb Code     0  startup_stm32h743xx.o(.text)
    RCC_IRQHandler                           0x080003a3   Thumb Code     0  startup_stm32h743xx.o(.text)
    RNG_IRQHandler                           0x080003a3   Thumb Code     0  startup_stm32h743xx.o(.text)
    RTC_Alarm_IRQHandler                     0x080003a3   Thumb Code     0  startup_stm32h743xx.o(.text)
    RTC_WKUP_IRQHandler                      0x080003a3   Thumb Code     0  startup_stm32h743xx.o(.text)
    SAI1_IRQHandler                          0x080003a3   Thumb Code     0  startup_stm32h743xx.o(.text)
    SAI2_IRQHandler                          0x080003a3   Thumb Code     0  startup_stm32h743xx.o(.text)
    SAI3_IRQHandler                          0x080003a3   Thumb Code     0  startup_stm32h743xx.o(.text)
    SAI4_IRQHandler                          0x080003a3   Thumb Code     0  startup_stm32h743xx.o(.text)
    SDMMC1_IRQHandler                        0x080003a3   Thumb Code     0  startup_stm32h743xx.o(.text)
    SDMMC2_IRQHandler                        0x080003a3   Thumb Code     0  startup_stm32h743xx.o(.text)
    SPDIF_RX_IRQHandler                      0x080003a3   Thumb Code     0  startup_stm32h743xx.o(.text)
    SPI1_IRQHandler                          0x080003a3   Thumb Code     0  startup_stm32h743xx.o(.text)
    SPI2_IRQHandler                          0x080003a3   Thumb Code     0  startup_stm32h743xx.o(.text)
    SPI3_IRQHandler                          0x080003a3   Thumb Code     0  startup_stm32h743xx.o(.text)
    SPI4_IRQHandler                          0x080003a3   Thumb Code     0  startup_stm32h743xx.o(.text)
    SPI5_IRQHandler                          0x080003a3   Thumb Code     0  startup_stm32h743xx.o(.text)
    SPI6_IRQHandler                          0x080003a3   Thumb Code     0  startup_stm32h743xx.o(.text)
    SWPMI1_IRQHandler                        0x080003a3   Thumb Code     0  startup_stm32h743xx.o(.text)
    TAMP_STAMP_IRQHandler                    0x080003a3   Thumb Code     0  startup_stm32h743xx.o(.text)
    TIM15_IRQHandler                         0x080003a3   Thumb Code     0  startup_stm32h743xx.o(.text)
    TIM16_IRQHandler                         0x080003a3   Thumb Code     0  startup_stm32h743xx.o(.text)
    TIM17_IRQHandler                         0x080003a3   Thumb Code     0  startup_stm32h743xx.o(.text)
    TIM1_BRK_IRQHandler                      0x080003a3   Thumb Code     0  startup_stm32h743xx.o(.text)
    TIM1_CC_IRQHandler                       0x080003a3   Thumb Code     0  startup_stm32h743xx.o(.text)
    TIM1_TRG_COM_IRQHandler                  0x080003a3   Thumb Code     0  startup_stm32h743xx.o(.text)
    TIM1_UP_IRQHandler                       0x080003a3   Thumb Code     0  startup_stm32h743xx.o(.text)
    TIM2_IRQHandler                          0x080003a3   Thumb Code     0  startup_stm32h743xx.o(.text)
    TIM3_IRQHandler                          0x080003a3   Thumb Code     0  startup_stm32h743xx.o(.text)
    TIM4_IRQHandler                          0x080003a3   Thumb Code     0  startup_stm32h743xx.o(.text)
    TIM5_IRQHandler                          0x080003a3   Thumb Code     0  startup_stm32h743xx.o(.text)
    TIM6_DAC_IRQHandler                      0x080003a3   Thumb Code     0  startup_stm32h743xx.o(.text)
    TIM7_IRQHandler                          0x080003a3   Thumb Code     0  startup_stm32h743xx.o(.text)
    TIM8_BRK_TIM12_IRQHandler                0x080003a3   Thumb Code     0  startup_stm32h743xx.o(.text)
    TIM8_CC_IRQHandler                       0x080003a3   Thumb Code     0  startup_stm32h743xx.o(.text)
    TIM8_TRG_COM_TIM14_IRQHandler            0x080003a3   Thumb Code     0  startup_stm32h743xx.o(.text)
    TIM8_UP_TIM13_IRQHandler                 0x080003a3   Thumb Code     0  startup_stm32h743xx.o(.text)
    UART4_IRQHandler                         0x080003a3   Thumb Code     0  startup_stm32h743xx.o(.text)
    UART5_IRQHandler                         0x080003a3   Thumb Code     0  startup_stm32h743xx.o(.text)
    UART7_IRQHandler                         0x080003a3   Thumb Code     0  startup_stm32h743xx.o(.text)
    UART8_IRQHandler                         0x080003a3   Thumb Code     0  startup_stm32h743xx.o(.text)
    USART1_IRQHandler                        0x080003a3   Thumb Code     0  startup_stm32h743xx.o(.text)
    USART2_IRQHandler                        0x080003a3   Thumb Code     0  startup_stm32h743xx.o(.text)
    USART3_IRQHandler                        0x080003a3   Thumb Code     0  startup_stm32h743xx.o(.text)
    USART6_IRQHandler                        0x080003a3   Thumb Code     0  startup_stm32h743xx.o(.text)
    WAKEUP_PIN_IRQHandler                    0x080003a3   Thumb Code     0  startup_stm32h743xx.o(.text)
    WWDG_IRQHandler                          0x080003a3   Thumb Code     0  startup_stm32h743xx.o(.text)
    __user_initial_stackheap                 0x080003a5   Thumb Code     0  startup_stm32h743xx.o(.text)
    malloc                                   0x080003c9   Thumb Code    94  h1_alloc.o(.text)
    free                                     0x08000427   Thumb Code    78  h1_free.o(.text)
    __aeabi_uldivmod                         0x08000475   Thumb Code     0  lludivv7m.o(.text)
    _ll_udiv                                 0x08000475   Thumb Code   238  lludivv7m.o(.text)
    __2sprintf                               0x08000565   Thumb Code    34  noretval__2sprintf.o(.text)
    __printf                                 0x0800058d   Thumb Code   104  __printf.o(.text)
    _printf_int_dec                          0x080005f5   Thumb Code   104  _printf_dec.o(.text)
    __aeabi_memcpy4                          0x0800066d   Thumb Code     0  rt_memcpy_w.o(.text)
    __aeabi_memcpy8                          0x0800066d   Thumb Code     0  rt_memcpy_w.o(.text)
    __rt_memcpy_w                            0x0800066d   Thumb Code   100  rt_memcpy_w.o(.text)
    _memcpy_lastbytes_aligned                0x080006b5   Thumb Code     0  rt_memcpy_w.o(.text)
    __aeabi_memclr4                          0x080006d1   Thumb Code     0  rt_memclr_w.o(.text)
    __aeabi_memclr8                          0x080006d1   Thumb Code     0  rt_memclr_w.o(.text)
    __rt_memclr_w                            0x080006d1   Thumb Code    78  rt_memclr_w.o(.text)
    _memset_w                                0x080006d5   Thumb Code     0  rt_memclr_w.o(.text)
    __use_two_region_memory                  0x0800071f   Thumb Code     2  heapauxi.o(.text)
    __rt_heap_escrow                         0x08000721   Thumb Code     2  heapauxi.o(.text)
    __rt_heap_expand                         0x08000723   Thumb Code     2  heapauxi.o(.text)
    __rt_heap_descriptor                     0x08000725   Thumb Code     8  rt_heap_descriptor_intlibspace.o(.text)
    __use_no_heap                            0x0800072d   Thumb Code     2  hguard.o(.text)
    __heap$guard                             0x0800072f   Thumb Code     2  hguard.o(.text)
    _terminate_user_alloc                    0x08000731   Thumb Code     2  init_alloc.o(.text)
    _init_user_alloc                         0x08000733   Thumb Code     2  init_alloc.o(.text)
    __Heap_Full                              0x08000735   Thumb Code    34  init_alloc.o(.text)
    __Heap_Broken                            0x08000757   Thumb Code     6  init_alloc.o(.text)
    _init_alloc                              0x0800075d   Thumb Code    94  init_alloc.o(.text)
    __Heap_Initialize                        0x080007bb   Thumb Code    10  h1_init.o(.text)
    __Heap_DescSize                          0x080007c5   Thumb Code     4  h1_init.o(.text)
    _printf_int_common                       0x080007c9   Thumb Code   178  _printf_intcommon.o(.text)
    _printf_char_common                      0x08000887   Thumb Code    32  _printf_char_common.o(.text)
    _sputc                                   0x080008ad   Thumb Code    10  _sputc.o(.text)
    __user_libspace                          0x080008b9   Thumb Code     8  libspace.o(.text)
    __user_perproc_libspace                  0x080008b9   Thumb Code     0  libspace.o(.text)
    __user_perthread_libspace                0x080008b9   Thumb Code     0  libspace.o(.text)
    __Heap_ProvideMemory                     0x080008c1   Thumb Code    52  h1_extend.o(.text)
    __rt_SIGRTMEM                            0x080008f5   Thumb Code    14  defsig_rtmem_outer.o(.text)
    __I$use$semihosting                      0x08000903   Thumb Code     0  use_no_semi.o(.text)
    __use_no_semihosting_swi                 0x08000903   Thumb Code     2  use_no_semi.o(.text)
    __semihosting_library_function           0x08000905   Thumb Code     0  indicate_semi.o(.text)
    __user_setup_stackheap                   0x08000905   Thumb Code    74  sys_stackheap_outer.o(.text)
    exit                                     0x0800094f   Thumb Code    18  exit.o(.text)
    __sig_exit                               0x08000961   Thumb Code    10  defsig_exit.o(.text)
    __rt_SIGRTMEM_inner                      0x0800096d   Thumb Code    22  defsig_rtmem_inner.o(.text)
    _sys_exit                                0x080009bd   Thumb Code     8  sys_exit.o(.text)
    __default_signal_display                 0x080009c9   Thumb Code    50  defsig_general.o(.text)
    _ttywrch                                 0x080009fb   Thumb Code    14  sys_wrch.o(.text)
    AD5270_71_global_init                    0x08000a09   Thumb Code    68  ad5270_71.o(i.AD5270_71_global_init)
    AD9834_disable                           0x08000a51   Thumb Code     6  ad9834.o(i.AD9834_disable)
    AD9834_global_init                       0x08000a59   Thumb Code   126  ad9834.o(i.AD9834_global_init)
    AD9834_set                               0x08000af1   Thumb Code    86  ad9834.o(i.AD9834_set)
    BusFault_Handler                         0x08000b4d   Thumb Code     2  stm32h7xx_it.o(i.BusFault_Handler)
    CDC_Read_FS                              0x08000b89   Thumb Code    24  usbd_cdc_if.o(i.CDC_Read_FS)
    CDC_Transmit_FS                          0x08000bd1   Thumb Code    38  usbd_cdc_if.o(i.CDC_Transmit_FS)
    DebugMon_Handler                         0x08000bfd   Thumb Code     2  stm32h7xx_it.o(i.DebugMon_Handler)
    Error_Handler                            0x08000bff   Thumb Code     2  main.o(i.Error_Handler)
    HAL_Delay                                0x08000c01   Thumb Code    32  stm32h7xx_hal.o(i.HAL_Delay)
    HAL_GPIO_Init                            0x08000c25   Thumb Code   510  stm32h7xx_hal_gpio.o(i.HAL_GPIO_Init)
    HAL_GPIO_WritePin                        0x08000e55   Thumb Code    10  stm32h7xx_hal_gpio.o(i.HAL_GPIO_WritePin)
    HAL_GetREVID                             0x08000e61   Thumb Code     8  stm32h7xx_hal.o(i.HAL_GetREVID)
    HAL_GetTick                              0x08000e6d   Thumb Code     6  stm32h7xx_hal.o(i.HAL_GetTick)
    HAL_IncTick                              0x08000e79   Thumb Code    12  stm32h7xx_hal.o(i.HAL_IncTick)
    HAL_Init                                 0x08000e89   Thumb Code    74  stm32h7xx_hal.o(i.HAL_Init)
    HAL_InitTick                             0x08000ee5   Thumb Code    56  stm32h7xx_hal.o(i.HAL_InitTick)
    HAL_MspInit                              0x08000f25   Thumb Code    22  stm32h7xx_hal_msp.o(i.HAL_MspInit)
    HAL_NVIC_EnableIRQ                       0x08000f41   Thumb Code    26  stm32h7xx_hal_cortex.o(i.HAL_NVIC_EnableIRQ)
    HAL_NVIC_SetPriority                     0x08000f5d   Thumb Code    60  stm32h7xx_hal_cortex.o(i.HAL_NVIC_SetPriority)
    HAL_NVIC_SetPriorityGrouping             0x08000f9d   Thumb Code    28  stm32h7xx_hal_cortex.o(i.HAL_NVIC_SetPriorityGrouping)
    HAL_PCDEx_ActivateLPM                    0x08000fc1   Thumb Code    34  stm32h7xx_hal_pcd_ex.o(i.HAL_PCDEx_ActivateLPM)
    HAL_PCDEx_LPM_Callback                   0x08000fe9   Thumb Code     2  stm32h7xx_hal_pcd_ex.o(i.HAL_PCDEx_LPM_Callback)
    HAL_PCDEx_SetRxFiFo                      0x08000feb   Thumb Code     8  stm32h7xx_hal_pcd_ex.o(i.HAL_PCDEx_SetRxFiFo)
    HAL_PCDEx_SetTxFiFo                      0x08000ff3   Thumb Code    70  stm32h7xx_hal_pcd_ex.o(i.HAL_PCDEx_SetTxFiFo)
    HAL_PCD_ConnectCallback                  0x08001039   Thumb Code     8  usbd_conf.o(i.HAL_PCD_ConnectCallback)
    HAL_PCD_DataInStageCallback              0x08001041   Thumb Code    18  usbd_conf.o(i.HAL_PCD_DataInStageCallback)
    HAL_PCD_DataOutStageCallback             0x08001053   Thumb Code    20  usbd_conf.o(i.HAL_PCD_DataOutStageCallback)
    HAL_PCD_DisconnectCallback               0x08001067   Thumb Code     8  usbd_conf.o(i.HAL_PCD_DisconnectCallback)
    HAL_PCD_EP_Close                         0x0800106f   Thumb Code    76  stm32h7xx_hal_pcd.o(i.HAL_PCD_EP_Close)
    HAL_PCD_EP_ClrStall                      0x080010bb   Thumb Code    92  stm32h7xx_hal_pcd.o(i.HAL_PCD_EP_ClrStall)
    HAL_PCD_EP_GetRxCount                    0x08001117   Thumb Code    18  stm32h7xx_hal_pcd.o(i.HAL_PCD_EP_GetRxCount)
    HAL_PCD_EP_Open                          0x08001129   Thumb Code    96  stm32h7xx_hal_pcd.o(i.HAL_PCD_EP_Open)
    HAL_PCD_EP_Receive                       0x08001189   Thumb Code    68  stm32h7xx_hal_pcd.o(i.HAL_PCD_EP_Receive)
    HAL_PCD_EP_SetStall                      0x080011cd   Thumb Code   116  stm32h7xx_hal_pcd.o(i.HAL_PCD_EP_SetStall)
    HAL_PCD_EP_Transmit                      0x08001241   Thumb Code    68  stm32h7xx_hal_pcd.o(i.HAL_PCD_EP_Transmit)
    HAL_PCD_IRQHandler                       0x08001285   Thumb Code  1134  stm32h7xx_hal_pcd.o(i.HAL_PCD_IRQHandler)
    HAL_PCD_ISOINIncompleteCallback          0x080016f9   Thumb Code     8  usbd_conf.o(i.HAL_PCD_ISOINIncompleteCallback)
    HAL_PCD_ISOOUTIncompleteCallback         0x08001701   Thumb Code     8  usbd_conf.o(i.HAL_PCD_ISOOUTIncompleteCallback)
    HAL_PCD_Init                             0x08001709   Thumb Code   242  stm32h7xx_hal_pcd.o(i.HAL_PCD_Init)
    HAL_PCD_MspInit                          0x080017fd   Thumb Code   126  usbd_conf.o(i.HAL_PCD_MspInit)
    HAL_PCD_ResetCallback                    0x08001889   Thumb Code    44  usbd_conf.o(i.HAL_PCD_ResetCallback)
    HAL_PCD_ResumeCallback                   0x080018b5   Thumb Code     8  usbd_conf.o(i.HAL_PCD_ResumeCallback)
    HAL_PCD_SOFCallback                      0x080018bd   Thumb Code     8  usbd_conf.o(i.HAL_PCD_SOFCallback)
    HAL_PCD_SetAddress                       0x080018c5   Thumb Code    40  stm32h7xx_hal_pcd.o(i.HAL_PCD_SetAddress)
    HAL_PCD_SetupStageCallback               0x080018ed   Thumb Code    14  usbd_conf.o(i.HAL_PCD_SetupStageCallback)
    HAL_PCD_Start                            0x080018fb   Thumb Code    66  stm32h7xx_hal_pcd.o(i.HAL_PCD_Start)
    HAL_PCD_SuspendCallback                  0x0800193d   Thumb Code    44  usbd_conf.o(i.HAL_PCD_SuspendCallback)
    HAL_PWREx_ConfigSupply                   0x0800196d   Thumb Code    78  stm32h7xx_hal_pwr_ex.o(i.HAL_PWREx_ConfigSupply)
    HAL_PWREx_EnableUSBVoltageDetector       0x080019c1   Thumb Code    12  stm32h7xx_hal_pwr_ex.o(i.HAL_PWREx_EnableUSBVoltageDetector)
    HAL_RCCEx_GetD3PCLK1Freq                 0x080019d1   Thumb Code    26  stm32h7xx_hal_rcc_ex.o(i.HAL_RCCEx_GetD3PCLK1Freq)
    HAL_RCCEx_GetPLL2ClockFreq               0x080019f5   Thumb Code   296  stm32h7xx_hal_rcc_ex.o(i.HAL_RCCEx_GetPLL2ClockFreq)
    HAL_RCCEx_GetPLL3ClockFreq               0x08001b39   Thumb Code   296  stm32h7xx_hal_rcc_ex.o(i.HAL_RCCEx_GetPLL3ClockFreq)
    HAL_RCCEx_PeriphCLKConfig                0x08001c7d   Thumb Code  2204  stm32h7xx_hal_rcc_ex.o(i.HAL_RCCEx_PeriphCLKConfig)
    HAL_RCC_ClockConfig                      0x08002519   Thumb Code   580  stm32h7xx_hal_rcc.o(i.HAL_RCC_ClockConfig)
    HAL_RCC_GetHCLKFreq                      0x08002775   Thumb Code    52  stm32h7xx_hal_rcc.o(i.HAL_RCC_GetHCLKFreq)
    HAL_RCC_GetPCLK1Freq                     0x080027b9   Thumb Code    26  stm32h7xx_hal_rcc.o(i.HAL_RCC_GetPCLK1Freq)
    HAL_RCC_GetPCLK2Freq                     0x080027dd   Thumb Code    26  stm32h7xx_hal_rcc.o(i.HAL_RCC_GetPCLK2Freq)
    HAL_RCC_GetSysClockFreq                  0x08002801   Thumb Code   278  stm32h7xx_hal_rcc.o(i.HAL_RCC_GetSysClockFreq)
    HAL_RCC_OscConfig                        0x08002939   Thumb Code  1258  stm32h7xx_hal_rcc.o(i.HAL_RCC_OscConfig)
    HAL_SPI_Init                             0x08002e25   Thumb Code   308  stm32h7xx_hal_spi.o(i.HAL_SPI_Init)
    HAL_SPI_MspInit                          0x08002f65   Thumb Code   382  spi.o(i.HAL_SPI_MspInit)
    HAL_SPI_Transmit                         0x0800310d   Thumb Code   566  stm32h7xx_hal_spi.o(i.HAL_SPI_Transmit)
    HAL_SYSTICK_Config                       0x08003343   Thumb Code    38  stm32h7xx_hal_cortex.o(i.HAL_SYSTICK_Config)
    HAL_TIMEx_MasterConfigSynchronization    0x08003369   Thumb Code   128  stm32h7xx_hal_tim_ex.o(i.HAL_TIMEx_MasterConfigSynchronization)
    HAL_TIM_Base_Init                        0x08003401   Thumb Code    54  stm32h7xx_hal_tim.o(i.HAL_TIM_Base_Init)
    HAL_TIM_Base_MspInit                     0x08003439   Thumb Code    30  tim.o(i.HAL_TIM_Base_MspInit)
    HAL_TIM_Base_Start                       0x08003461   Thumb Code    42  stm32h7xx_hal_tim.o(i.HAL_TIM_Base_Start)
    HAL_TIM_ConfigClockSource                0x08003491   Thumb Code   242  stm32h7xx_hal_tim.o(i.HAL_TIM_ConfigClockSource)
    HAL_TIM_MspPostInit                      0x08003589   Thumb Code    68  tim.o(i.HAL_TIM_MspPostInit)
    HAL_TIM_PWM_ConfigChannel                0x080035d9   Thumb Code   296  stm32h7xx_hal_tim.o(i.HAL_TIM_PWM_ConfigChannel)
    HAL_TIM_PWM_Init                         0x08003701   Thumb Code    54  stm32h7xx_hal_tim.o(i.HAL_TIM_PWM_Init)
    HAL_TIM_PWM_MspInit                      0x08003737   Thumb Code     2  stm32h7xx_hal_tim.o(i.HAL_TIM_PWM_MspInit)
    HAL_TIM_PWM_Start                        0x08003739   Thumb Code    82  stm32h7xx_hal_tim.o(i.HAL_TIM_PWM_Start)
    HAL_UARTEx_DisableFifoMode               0x080037a5   Thumb Code    64  stm32h7xx_hal_uart_ex.o(i.HAL_UARTEx_DisableFifoMode)
    HAL_UARTEx_SetRxFifoThreshold            0x080037e5   Thumb Code    76  stm32h7xx_hal_uart_ex.o(i.HAL_UARTEx_SetRxFifoThreshold)
    HAL_UARTEx_SetTxFifoThreshold            0x08003831   Thumb Code    76  stm32h7xx_hal_uart_ex.o(i.HAL_UARTEx_SetTxFifoThreshold)
    HAL_UART_Init                            0x0800387d   Thumb Code   106  stm32h7xx_hal_uart.o(i.HAL_UART_Init)
    HAL_UART_MspInit                         0x080038e9   Thumb Code    92  usart.o(i.HAL_UART_MspInit)
    HardFault_Handler                        0x08003951   Thumb Code     2  stm32h7xx_it.o(i.HardFault_Handler)
    MX_GPIO_Init                             0x0800398d   Thumb Code   526  gpio.o(i.MX_GPIO_Init)
    MX_SPI1_Init                             0x08003bc1   Thumb Code    86  spi.o(i.MX_SPI1_Init)
    MX_SPI3_Init                             0x08003c21   Thumb Code    86  spi.o(i.MX_SPI3_Init)
    MX_SPI4_Init                             0x08003c81   Thumb Code    86  spi.o(i.MX_SPI4_Init)
    MX_SPI5_Init                             0x08003ce1   Thumb Code    86  spi.o(i.MX_SPI5_Init)
    MX_TIM4_Init                             0x08003d41   Thumb Code   146  tim.o(i.MX_TIM4_Init)
    MX_USART3_UART_Init                      0x08003ddd   Thumb Code    94  usart.o(i.MX_USART3_UART_Init)
    MX_USB_DEVICE_Init                       0x08003e45   Thumb Code    66  usb_device.o(i.MX_USB_DEVICE_Init)
    MemManage_Handler                        0x08003e99   Thumb Code     2  stm32h7xx_it.o(i.MemManage_Handler)
    NMI_Handler                              0x08003e9b   Thumb Code     2  stm32h7xx_it.o(i.NMI_Handler)
    OTG_FS_IRQHandler                        0x08003e9d   Thumb Code     6  stm32h7xx_it.o(i.OTG_FS_IRQHandler)
    PendSV_Handler                           0x08004017   Thumb Code     2  stm32h7xx_it.o(i.PendSV_Handler)
    SVC_Handler                              0x08004357   Thumb Code     2  stm32h7xx_it.o(i.SVC_Handler)
    SysTick_Handler                          0x08004359   Thumb Code     4  stm32h7xx_it.o(i.SysTick_Handler)
    SystemClock_Config                       0x0800435d   Thumb Code   182  main.o(i.SystemClock_Config)
    SystemInit                               0x08004421   Thumb Code   134  system_stm32h7xx.o(i.SystemInit)
    TIM_Base_SetConfig                       0x080044bd   Thumb Code   162  stm32h7xx_hal_tim.o(i.TIM_Base_SetConfig)
    TIM_CCxChannelCmd                        0x08004581   Thumb Code    26  stm32h7xx_hal_tim.o(i.TIM_CCxChannelCmd)
    TIM_ETR_SetConfig                        0x0800459b   Thumb Code    18  stm32h7xx_hal_tim.o(i.TIM_ETR_SetConfig)
    TIM_OC2_SetConfig                        0x08004669   Thumb Code   126  stm32h7xx_hal_tim.o(i.TIM_OC2_SetConfig)
    UART_AdvFeatureConfig                    0x0800497d   Thumb Code   200  stm32h7xx_hal_uart.o(i.UART_AdvFeatureConfig)
    UART_CheckIdleState                      0x08004a45   Thumb Code    94  stm32h7xx_hal_uart.o(i.UART_CheckIdleState)
    UART_SetConfig                           0x08004aa5   Thumb Code  3084  stm32h7xx_hal_uart.o(i.UART_SetConfig)
    UART_WaitOnFlagUntilTimeout              0x080056b5   Thumb Code   164  stm32h7xx_hal_uart.o(i.UART_WaitOnFlagUntilTimeout)
    USBD_CDC_GetDeviceQualifierDescriptor    0x08005839   Thumb Code     8  usbd_cdc.o(i.USBD_CDC_GetDeviceQualifierDescriptor)
    USBD_CDC_ReceivePacket                   0x080058fd   Thumb Code    40  usbd_cdc.o(i.USBD_CDC_ReceivePacket)
    USBD_CDC_RegisterInterface               0x08005925   Thumb Code    20  usbd_cdc.o(i.USBD_CDC_RegisterInterface)
    USBD_CDC_SetRxBuffer                     0x08005939   Thumb Code    12  usbd_cdc.o(i.USBD_CDC_SetRxBuffer)
    USBD_CDC_SetTxBuffer                     0x08005945   Thumb Code    16  usbd_cdc.o(i.USBD_CDC_SetTxBuffer)
    USBD_CDC_TransmitPacket                  0x08005a03   Thumb Code    54  usbd_cdc.o(i.USBD_CDC_TransmitPacket)
    USBD_ClrClassConfig                      0x08005a39   Thumb Code    14  usbd_core.o(i.USBD_ClrClassConfig)
    USBD_CtlContinueRx                       0x08005a47   Thumb Code    16  usbd_ioreq.o(i.USBD_CtlContinueRx)
    USBD_CtlContinueSendData                 0x08005a57   Thumb Code    16  usbd_ioreq.o(i.USBD_CtlContinueSendData)
    USBD_CtlError                            0x08005a67   Thumb Code    22  usbd_ctlreq.o(i.USBD_CtlError)
    USBD_CtlPrepareRx                        0x08005a7d   Thumb Code    30  usbd_ioreq.o(i.USBD_CtlPrepareRx)
    USBD_CtlReceiveStatus                    0x08005a9b   Thumb Code    22  usbd_ioreq.o(i.USBD_CtlReceiveStatus)
    USBD_CtlSendData                         0x08005ab1   Thumb Code    26  usbd_ioreq.o(i.USBD_CtlSendData)
    USBD_CtlSendStatus                       0x08005acb   Thumb Code    22  usbd_ioreq.o(i.USBD_CtlSendStatus)
    USBD_FS_ConfigStrDescriptor              0x08005ae1   Thumb Code    16  usbd_desc.o(i.USBD_FS_ConfigStrDescriptor)
    USBD_FS_DeviceDescriptor                 0x08005b01   Thumb Code     8  usbd_desc.o(i.USBD_FS_DeviceDescriptor)
    USBD_FS_InterfaceStrDescriptor           0x08005b0d   Thumb Code    16  usbd_desc.o(i.USBD_FS_InterfaceStrDescriptor)
    USBD_FS_LangIDStrDescriptor              0x08005b31   Thumb Code     8  usbd_desc.o(i.USBD_FS_LangIDStrDescriptor)
    USBD_FS_ManufacturerStrDescriptor        0x08005b3d   Thumb Code    16  usbd_desc.o(i.USBD_FS_ManufacturerStrDescriptor)
    USBD_FS_ProductStrDescriptor             0x08005b65   Thumb Code    16  usbd_desc.o(i.USBD_FS_ProductStrDescriptor)
    USBD_FS_SerialStrDescriptor              0x08005b91   Thumb Code    50  usbd_desc.o(i.USBD_FS_SerialStrDescriptor)
    USBD_GetString                           0x08005cb5   Thumb Code    74  usbd_ctlreq.o(i.USBD_GetString)
    USBD_Get_USB_Status                      0x08005cff   Thumb Code    24  usbd_conf.o(i.USBD_Get_USB_Status)
    USBD_Init                                0x08005d17   Thumb Code    42  usbd_core.o(i.USBD_Init)
    USBD_LL_ClearStallEP                     0x08005d41   Thumb Code    18  usbd_conf.o(i.USBD_LL_ClearStallEP)
    USBD_LL_CloseEP                          0x08005d53   Thumb Code    18  usbd_conf.o(i.USBD_LL_CloseEP)
    USBD_LL_DataInStage                      0x08005d65   Thumb Code   194  usbd_core.o(i.USBD_LL_DataInStage)
    USBD_LL_DataOutStage                     0x08005e27   Thumb Code   130  usbd_core.o(i.USBD_LL_DataOutStage)
    USBD_LL_DevConnected                     0x08005ea9   Thumb Code     4  usbd_core.o(i.USBD_LL_DevConnected)
    USBD_LL_DevDisconnected                  0x08005ead   Thumb Code    22  usbd_core.o(i.USBD_LL_DevDisconnected)
    USBD_LL_GetRxDataSize                    0x08005ec3   Thumb Code     8  usbd_conf.o(i.USBD_LL_GetRxDataSize)
    USBD_LL_Init                             0x08005ecd   Thumb Code    92  usbd_conf.o(i.USBD_LL_Init)
    USBD_LL_IsStallEP                        0x08005f31   Thumb Code    32  usbd_conf.o(i.USBD_LL_IsStallEP)
    USBD_LL_IsoINIncomplete                  0x08005f51   Thumb Code     4  usbd_core.o(i.USBD_LL_IsoINIncomplete)
    USBD_LL_IsoOUTIncomplete                 0x08005f55   Thumb Code     4  usbd_core.o(i.USBD_LL_IsoOUTIncomplete)
    USBD_LL_OpenEP                           0x08005f59   Thumb Code    24  usbd_conf.o(i.USBD_LL_OpenEP)
    USBD_LL_PrepareReceive                   0x08005f71   Thumb Code    18  usbd_conf.o(i.USBD_LL_PrepareReceive)
    USBD_LL_Reset                            0x08005f83   Thumb Code    80  usbd_core.o(i.USBD_LL_Reset)
    USBD_LL_Resume                           0x08005fd3   Thumb Code    20  usbd_core.o(i.USBD_LL_Resume)
    USBD_LL_SOF                              0x08005fe7   Thumb Code    24  usbd_core.o(i.USBD_LL_SOF)
    USBD_LL_SetSpeed                         0x08005fff   Thumb Code     6  usbd_core.o(i.USBD_LL_SetSpeed)
    USBD_LL_SetUSBAddress                    0x08006005   Thumb Code    18  usbd_conf.o(i.USBD_LL_SetUSBAddress)
    USBD_LL_SetupStage                       0x08006017   Thumb Code    86  usbd_core.o(i.USBD_LL_SetupStage)
    USBD_LL_StallEP                          0x0800606d   Thumb Code    18  usbd_conf.o(i.USBD_LL_StallEP)
    USBD_LL_Start                            0x0800607f   Thumb Code    18  usbd_conf.o(i.USBD_LL_Start)
    USBD_LL_Suspend                          0x08006091   Thumb Code    18  usbd_core.o(i.USBD_LL_Suspend)
    USBD_LL_Transmit                         0x080060a3   Thumb Code    18  usbd_conf.o(i.USBD_LL_Transmit)
    USBD_ParseSetupRequest                   0x080060b5   Thumb Code    40  usbd_ctlreq.o(i.USBD_ParseSetupRequest)
    USBD_RegisterClass                       0x080060dd   Thumb Code    18  usbd_core.o(i.USBD_RegisterClass)
    USBD_SetClassConfig                      0x080060ef   Thumb Code    22  usbd_core.o(i.USBD_SetClassConfig)
    USBD_Start                               0x0800618d   Thumb Code    10  usbd_core.o(i.USBD_Start)
    USBD_StdDevReq                           0x08006197   Thumb Code   276  usbd_ctlreq.o(i.USBD_StdDevReq)
    USBD_StdEPReq                            0x080062ab   Thumb Code   336  usbd_ctlreq.o(i.USBD_StdEPReq)
    USBD_StdItfReq                           0x080063fb   Thumb Code    78  usbd_ctlreq.o(i.USBD_StdItfReq)
    USB_ActivateEndpoint                     0x08006449   Thumb Code   124  stm32h7xx_ll_usb.o(i.USB_ActivateEndpoint)
    USB_ActivateSetup                        0x080064c9   Thumb Code    28  stm32h7xx_ll_usb.o(i.USB_ActivateSetup)
    USB_CoreInit                             0x080064e5   Thumb Code   114  stm32h7xx_ll_usb.o(i.USB_CoreInit)
    USB_DeactivateEndpoint                   0x08006595   Thumb Code   118  stm32h7xx_ll_usb.o(i.USB_DeactivateEndpoint)
    USB_DevConnect                           0x08006615   Thumb Code    24  stm32h7xx_ll_usb.o(i.USB_DevConnect)
    USB_DevDisconnect                        0x0800662d   Thumb Code    24  stm32h7xx_ll_usb.o(i.USB_DevDisconnect)
    USB_DevInit                              0x08006645   Thumb Code   368  stm32h7xx_ll_usb.o(i.USB_DevInit)
    USB_DisableGlobalInt                     0x080067bd   Thumb Code    12  stm32h7xx_ll_usb.o(i.USB_DisableGlobalInt)
    USB_EP0StartXfer                         0x080067c9   Thumb Code   280  stm32h7xx_ll_usb.o(i.USB_EP0StartXfer)
    USB_EP0_OutStart                         0x080068e5   Thumb Code    84  stm32h7xx_ll_usb.o(i.USB_EP0_OutStart)
    USB_EPClearStall                         0x0800693d   Thumb Code    88  stm32h7xx_ll_usb.o(i.USB_EPClearStall)
    USB_EPSetStall                           0x08006995   Thumb Code    88  stm32h7xx_ll_usb.o(i.USB_EPSetStall)
    USB_EPStartXfer                          0x080069ed   Thumb Code   482  stm32h7xx_ll_usb.o(i.USB_EPStartXfer)
    USB_EnableGlobalInt                      0x08006bd5   Thumb Code    12  stm32h7xx_ll_usb.o(i.USB_EnableGlobalInt)
    USB_FlushRxFifo                          0x08006be1   Thumb Code    28  stm32h7xx_ll_usb.o(i.USB_FlushRxFifo)
    USB_FlushTxFifo                          0x08006c01   Thumb Code    32  stm32h7xx_ll_usb.o(i.USB_FlushTxFifo)
    USB_GetDevSpeed                          0x08006c25   Thumb Code    26  stm32h7xx_ll_usb.o(i.USB_GetDevSpeed)
    USB_GetMode                              0x08006c3f   Thumb Code     8  stm32h7xx_ll_usb.o(i.USB_GetMode)
    USB_ReadDevAllInEpInterrupt              0x08006c47   Thumb Code    14  stm32h7xx_ll_usb.o(i.USB_ReadDevAllInEpInterrupt)
    USB_ReadDevAllOutEpInterrupt             0x08006c55   Thumb Code    14  stm32h7xx_ll_usb.o(i.USB_ReadDevAllOutEpInterrupt)
    USB_ReadDevInEPInterrupt                 0x08006c63   Thumb Code    36  stm32h7xx_ll_usb.o(i.USB_ReadDevInEPInterrupt)
    USB_ReadDevOutEPInterrupt                0x08006c87   Thumb Code    16  stm32h7xx_ll_usb.o(i.USB_ReadDevOutEPInterrupt)
    USB_ReadInterrupts                       0x08006c97   Thumb Code     8  stm32h7xx_ll_usb.o(i.USB_ReadInterrupts)
    USB_ReadPacket                           0x08006c9f   Thumb Code    28  stm32h7xx_ll_usb.o(i.USB_ReadPacket)
    USB_SetCurrentMode                       0x08006cbb   Thumb Code    46  stm32h7xx_ll_usb.o(i.USB_SetCurrentMode)
    USB_SetDevAddress                        0x08006ce9   Thumb Code    34  stm32h7xx_ll_usb.o(i.USB_SetDevAddress)
    USB_SetTurnaroundTime                    0x08006d0d   Thumb Code   158  stm32h7xx_ll_usb.o(i.USB_SetTurnaroundTime)
    USB_WritePacket                          0x08006df5   Thumb Code    36  stm32h7xx_ll_usb.o(i.USB_WritePacket)
    UsageFault_Handler                       0x08006e19   Thumb Code     2  stm32h7xx_it.o(i.UsageFault_Handler)
    disable_mux                              0x08006e3d   Thumb Code    26  mux.o(i.disable_mux)
    enable_mux                               0x08006e61   Thumb Code    26  mux.o(i.enable_mux)
    main                                     0x08006e85   Thumb Code   398  main.o(i.main)
    mux_init                                 0x08007035   Thumb Code    26  mux.o(i.mux_init)
    ring_buffer_dequeue                      0x08007059   Thumb Code    42  ringbuffer.o(i.ring_buffer_dequeue)
    ring_buffer_dequeue_arr                  0x08007083   Thumb Code    50  ringbuffer.o(i.ring_buffer_dequeue_arr)
    ring_buffer_init                         0x080070b5   Thumb Code    12  ringbuffer.o(i.ring_buffer_init)
    ring_buffer_is_empty                     0x080070c1   Thumb Code    16  ringbuffer.o(i.ring_buffer_is_empty)
    ring_buffer_is_full                      0x080070d1   Thumb Code    24  ringbuffer.o(i.ring_buffer_is_full)
    ring_buffer_queue                        0x080070e9   Thumb Code    48  ringbuffer.o(i.ring_buffer_queue)
    ring_buffer_queue_arr                    0x08007119   Thumb Code    32  ringbuffer.o(i.ring_buffer_queue_arr)
    setFrequencyRegister                     0x08007139   Thumb Code   114  ad9834.o(i.setFrequencyRegister)
    setPhaseRegister                         0x080071b9   Thumb Code    86  ad9834.o(i.setPhaseRegister)
    set_mux                                  0x0800721d   Thumb Code    82  mux.o(i.set_mux)
    write_RDAC                               0x0800727d   Thumb Code    60  ad5270_71.o(i.write_RDAC)
    write_reg_ad5270                         0x080072c9   Thumb Code    38  ad5270_71.o(i.write_reg_ad5270)
    write_reg_ad9834                         0x080072f9   Thumb Code    38  ad9834.o(i.write_reg_ad9834)
    _fp_init                                 0x08007325   Thumb Code    10  fpinit.o(x$fpl$fpinit)
    __fplib_config_fpu_vfp                   0x0800732d   Thumb Code     0  fpinit.o(x$fpl$fpinit)
    __fplib_config_pureend_doubles           0x0800732d   Thumb Code     0  fpinit.o(x$fpl$fpinit)
    D1CorePrescTable                         0x0800732e   Data          16  system_stm32h7xx.o(.constdata)
    Region$$Table$$Base                      0x08007340   Number         0  anon$$obj.o(Region$$Table)
    Region$$Table$$Limit                     0x08007360   Number         0  anon$$obj.o(Region$$Table)
    cmd_buf                                  0x24000000   Data           2  ad5270_71.o(.data)
    FS_Desc                                  0x24000004   Data          28  usbd_desc.o(.data)
    USBD_LangIDDesc                          0x24000020   Data           4  usbd_desc.o(.data)
    USBD_FS_DeviceDesc                       0x24000024   Data          18  usbd_desc.o(.data)
    USBD_StringSerial                        0x24000038   Data          26  usbd_desc.o(.data)
    USBD_Interface_fops_FS                   0x24000054   Data          16  usbd_cdc_if.o(.data)
    uwTickFreq                               0x24000064   Data           1  stm32h7xx_hal.o(.data)
    uwTickPrio                               0x24000068   Data           4  stm32h7xx_hal.o(.data)
    uwTick                                   0x2400006c   Data           4  stm32h7xx_hal.o(.data)
    SystemCoreClock                          0x24000070   Data           4  system_stm32h7xx.o(.data)
    SystemD2Clock                            0x24000074   Data           4  system_stm32h7xx.o(.data)
    USBD_CDC_CfgHSDesc                       0x24000088   Data          67  usbd_cdc.o(.data)
    USBD_CDC_CfgFSDesc                       0x240000cc   Data          67  usbd_cdc.o(.data)
    USBD_CDC_OtherSpeedCfgDesc               0x24000110   Data          67  usbd_cdc.o(.data)
    USBD_CDC                                 0x24000154   Data          56  usbd_cdc.o(.data)
    hspi1                                    0x2400018c   Data         136  spi.o(.bss)
    hspi3                                    0x24000214   Data         136  spi.o(.bss)
    hspi4                                    0x2400029c   Data         136  spi.o(.bss)
    hspi5                                    0x24000324   Data         136  spi.o(.bss)
    htim4                                    0x240003ac   Data          64  tim.o(.bss)
    huart3                                   0x240003ec   Data         140  usart.o(.bss)
    hUsbDeviceFS                             0x24000478   Data         708  usb_device.o(.bss)
    hpcd_USB_OTG_FS                          0x2400073c   Data        1032  usbd_conf.o(.bss)
    USBD_StrDesc                             0x24000b44   Data         512  usbd_desc.o(.bss)
    UserRxBufferFS                           0x24000d44   Data        2048  usbd_cdc_if.o(.bss)
    UserTxBufferFS                           0x24001544   Data        2048  usbd_cdc_if.o(.bss)
    ring_buffer                              0x24001d44   Data         136  usbd_cdc_if.o(.bss)
    __libspace_start                         0x24001dcc   Data          96  libspace.o(.bss)
    __temporary_stack_top$libspace           0x24001e2c   Data           0  libspace.o(.bss)



==============================================================================

Memory Map of the image

  Image Entry point : 0x08000299

  Load Region LR_IROM1 (Base: 0x08000000, Size: 0x000074ec, Max: 0x00200000, ABSOLUTE, COMPRESSED[0x00007424])

    Execution Region ER_IROM1 (Exec base: 0x08000000, Load base: 0x08000000, Size: 0x00007360, Max: 0x00200000, ABSOLUTE)

    Exec Addr    Load Addr    Size         Type   Attr      Idx    E Section Name        Object

    0x08000000   0x08000000   0x00000298   Data   RO            3    RESET               startup_stm32h743xx.o
    0x08000298   0x08000298   0x00000008   Code   RO         6489  * !!!main             c_w.l(__main.o)
    0x080002a0   0x080002a0   0x00000034   Code   RO         6713    !!!scatter          c_w.l(__scatter.o)
    0x080002d4   0x080002d4   0x0000005a   Code   RO         6711    !!dczerorl2         c_w.l(__dczerorl2.o)
    0x0800032e   0x0800032e   0x00000002   PAD
    0x08000330   0x08000330   0x0000001c   Code   RO         6715    !!handler_zi        c_w.l(__scatter_zi.o)
    0x0800034c   0x0800034c   0x00000000   Code   RO         6482    .ARM.Collect$$_printf_percent$$00000000  c_w.l(_printf_percent.o)
    0x0800034c   0x0800034c   0x00000006   Code   RO         6481    .ARM.Collect$$_printf_percent$$00000009  c_w.l(_printf_d.o)
    0x08000352   0x08000352   0x00000004   Code   RO         6529    .ARM.Collect$$_printf_percent$$00000017  c_w.l(_printf_percent_end.o)
    0x08000356   0x08000356   0x00000002   Code   RO         6648    .ARM.Collect$$libinit$$00000000  c_w.l(libinit.o)
    0x08000358   0x08000358   0x00000004   Code   RO         6532    .ARM.Collect$$libinit$$00000001  c_w.l(libinit2.o)
    0x0800035c   0x0800035c   0x00000000   Code   RO         6535    .ARM.Collect$$libinit$$00000004  c_w.l(libinit2.o)
    0x0800035c   0x0800035c   0x00000008   Code   RO         6536    .ARM.Collect$$libinit$$00000005  c_w.l(libinit2.o)
    0x08000364   0x08000364   0x00000000   Code   RO         6538    .ARM.Collect$$libinit$$0000000A  c_w.l(libinit2.o)
    0x08000364   0x08000364   0x00000000   Code   RO         6540    .ARM.Collect$$libinit$$0000000C  c_w.l(libinit2.o)
    0x08000364   0x08000364   0x00000000   Code   RO         6542    .ARM.Collect$$libinit$$0000000E  c_w.l(libinit2.o)
    0x08000364   0x08000364   0x00000000   Code   RO         6545    .ARM.Collect$$libinit$$00000011  c_w.l(libinit2.o)
    0x08000364   0x08000364   0x00000000   Code   RO         6547    .ARM.Collect$$libinit$$00000013  c_w.l(libinit2.o)
    0x08000364   0x08000364   0x00000000   Code   RO         6549    .ARM.Collect$$libinit$$00000015  c_w.l(libinit2.o)
    0x08000364   0x08000364   0x00000000   Code   RO         6551    .ARM.Collect$$libinit$$00000017  c_w.l(libinit2.o)
    0x08000364   0x08000364   0x00000000   Code   RO         6553    .ARM.Collect$$libinit$$00000019  c_w.l(libinit2.o)
    0x08000364   0x08000364   0x00000000   Code   RO         6555    .ARM.Collect$$libinit$$0000001B  c_w.l(libinit2.o)
    0x08000364   0x08000364   0x00000000   Code   RO         6557    .ARM.Collect$$libinit$$0000001D  c_w.l(libinit2.o)
    0x08000364   0x08000364   0x00000000   Code   RO         6559    .ARM.Collect$$libinit$$0000001F  c_w.l(libinit2.o)
    0x08000364   0x08000364   0x00000000   Code   RO         6561    .ARM.Collect$$libinit$$00000021  c_w.l(libinit2.o)
    0x08000364   0x08000364   0x00000000   Code   RO         6563    .ARM.Collect$$libinit$$00000023  c_w.l(libinit2.o)
    0x08000364   0x08000364   0x00000000   Code   RO         6565    .ARM.Collect$$libinit$$00000025  c_w.l(libinit2.o)
    0x08000364   0x08000364   0x00000000   Code   RO         6569    .ARM.Collect$$libinit$$0000002C  c_w.l(libinit2.o)
    0x08000364   0x08000364   0x00000000   Code   RO         6571    .ARM.Collect$$libinit$$0000002E  c_w.l(libinit2.o)
    0x08000364   0x08000364   0x00000000   Code   RO         6573    .ARM.Collect$$libinit$$00000030  c_w.l(libinit2.o)
    0x08000364   0x08000364   0x00000000   Code   RO         6575    .ARM.Collect$$libinit$$00000032  c_w.l(libinit2.o)
    0x08000364   0x08000364   0x00000002   Code   RO         6576    .ARM.Collect$$libinit$$00000033  c_w.l(libinit2.o)
    0x08000366   0x08000366   0x00000002   Code   RO         6708    .ARM.Collect$$libshutdown$$00000000  c_w.l(libshutdown.o)
    0x08000368   0x08000368   0x00000000   Code   RO         6664    .ARM.Collect$$libshutdown$$00000002  c_w.l(libshutdown2.o)
    0x08000368   0x08000368   0x00000000   Code   RO         6666    .ARM.Collect$$libshutdown$$00000004  c_w.l(libshutdown2.o)
    0x08000368   0x08000368   0x00000000   Code   RO         6668    .ARM.Collect$$libshutdown$$00000006  c_w.l(libshutdown2.o)
    0x08000368   0x08000368   0x00000000   Code   RO         6671    .ARM.Collect$$libshutdown$$00000009  c_w.l(libshutdown2.o)
    0x08000368   0x08000368   0x00000000   Code   RO         6674    .ARM.Collect$$libshutdown$$0000000C  c_w.l(libshutdown2.o)
    0x08000368   0x08000368   0x00000000   Code   RO         6676    .ARM.Collect$$libshutdown$$0000000E  c_w.l(libshutdown2.o)
    0x08000368   0x08000368   0x00000000   Code   RO         6679    .ARM.Collect$$libshutdown$$00000011  c_w.l(libshutdown2.o)
    0x08000368   0x08000368   0x00000002   Code   RO         6680    .ARM.Collect$$libshutdown$$00000012  c_w.l(libshutdown2.o)
    0x0800036a   0x0800036a   0x00000000   Code   RO         6493    .ARM.Collect$$rtentry$$00000000  c_w.l(__rtentry.o)
    0x0800036a   0x0800036a   0x00000000   Code   RO         6583    .ARM.Collect$$rtentry$$00000002  c_w.l(__rtentry2.o)
    0x0800036a   0x0800036a   0x00000006   Code   RO         6595    .ARM.Collect$$rtentry$$00000004  c_w.l(__rtentry4.o)
    0x08000370   0x08000370   0x00000000   Code   RO         6585    .ARM.Collect$$rtentry$$00000009  c_w.l(__rtentry2.o)
    0x08000370   0x08000370   0x00000004   Code   RO         6586    .ARM.Collect$$rtentry$$0000000A  c_w.l(__rtentry2.o)
    0x08000374   0x08000374   0x00000000   Code   RO         6588    .ARM.Collect$$rtentry$$0000000C  c_w.l(__rtentry2.o)
    0x08000374   0x08000374   0x00000008   Code   RO         6589    .ARM.Collect$$rtentry$$0000000D  c_w.l(__rtentry2.o)
    0x0800037c   0x0800037c   0x00000002   Code   RO         6651    .ARM.Collect$$rtexit$$00000000  c_w.l(rtexit.o)
    0x0800037e   0x0800037e   0x00000000   Code   RO         6684    .ARM.Collect$$rtexit$$00000002  c_w.l(rtexit2.o)
    0x0800037e   0x0800037e   0x00000004   Code   RO         6685    .ARM.Collect$$rtexit$$00000003  c_w.l(rtexit2.o)
    0x08000382   0x08000382   0x00000006   Code   RO         6686    .ARM.Collect$$rtexit$$00000004  c_w.l(rtexit2.o)
    0x08000388   0x08000388   0x00000000   Code   RO         6601    .emb_text           c_w.l(maybetermalloc1.o)
    0x08000388   0x08000388   0x00000040   Code   RO            4    .text               startup_stm32h743xx.o
    0x080003c8   0x080003c8   0x0000005e   Code   RO         6393    .text               c_w.l(h1_alloc.o)
    0x08000426   0x08000426   0x0000004e   Code   RO         6395    .text               c_w.l(h1_free.o)
    0x08000474   0x08000474   0x000000ee   Code   RO         6451    .text               c_w.l(lludivv7m.o)
    0x08000562   0x08000562   0x00000002   PAD
    0x08000564   0x08000564   0x00000028   Code   RO         6455    .text               c_w.l(noretval__2sprintf.o)
    0x0800058c   0x0800058c   0x00000068   Code   RO         6457    .text               c_w.l(__printf.o)
    0x080005f4   0x080005f4   0x00000078   Code   RO         6459    .text               c_w.l(_printf_dec.o)
    0x0800066c   0x0800066c   0x00000064   Code   RO         6483    .text               c_w.l(rt_memcpy_w.o)
    0x080006d0   0x080006d0   0x0000004e   Code   RO         6485    .text               c_w.l(rt_memclr_w.o)
    0x0800071e   0x0800071e   0x00000006   Code   RO         6487    .text               c_w.l(heapauxi.o)
    0x08000724   0x08000724   0x00000008   Code   RO         6501    .text               c_w.l(rt_heap_descriptor_intlibspace.o)
    0x0800072c   0x0800072c   0x00000004   Code   RO         6503    .text               c_w.l(hguard.o)
    0x08000730   0x08000730   0x0000008a   Code   RO         6505    .text               c_w.l(init_alloc.o)
    0x080007ba   0x080007ba   0x0000000e   Code   RO         6509    .text               c_w.l(h1_init.o)
    0x080007c8   0x080007c8   0x000000b2   Code   RO         6523    .text               c_w.l(_printf_intcommon.o)
    0x0800087a   0x0800087a   0x00000002   PAD
    0x0800087c   0x0800087c   0x00000030   Code   RO         6525    .text               c_w.l(_printf_char_common.o)
    0x080008ac   0x080008ac   0x0000000a   Code   RO         6527    .text               c_w.l(_sputc.o)
    0x080008b6   0x080008b6   0x00000002   PAD
    0x080008b8   0x080008b8   0x00000008   Code   RO         6579    .text               c_w.l(libspace.o)
    0x080008c0   0x080008c0   0x00000034   Code   RO         6603    .text               c_w.l(h1_extend.o)
    0x080008f4   0x080008f4   0x0000000e   Code   RO         6609    .text               c_w.l(defsig_rtmem_outer.o)
    0x08000902   0x08000902   0x00000002   Code   RO         6620    .text               c_w.l(use_no_semi.o)
    0x08000904   0x08000904   0x00000000   Code   RO         6622    .text               c_w.l(indicate_semi.o)
    0x08000904   0x08000904   0x0000004a   Code   RO         6623    .text               c_w.l(sys_stackheap_outer.o)
    0x0800094e   0x0800094e   0x00000012   Code   RO         6629    .text               c_w.l(exit.o)
    0x08000960   0x08000960   0x0000000a   Code   RO         6631    .text               c_w.l(defsig_exit.o)
    0x0800096a   0x0800096a   0x00000002   PAD
    0x0800096c   0x0800096c   0x00000050   Code   RO         6637    .text               c_w.l(defsig_rtmem_inner.o)
    0x080009bc   0x080009bc   0x0000000c   Code   RO         6649    .text               c_w.l(sys_exit.o)
    0x080009c8   0x080009c8   0x00000032   Code   RO         6659    .text               c_w.l(defsig_general.o)
    0x080009fa   0x080009fa   0x0000000e   Code   RO         6681    .text               c_w.l(sys_wrch.o)
    0x08000a08   0x08000a08   0x00000048   Code   RO           13    i.AD5270_71_global_init  ad5270_71.o
    0x08000a50   0x08000a50   0x00000006   Code   RO          204    i.AD9834_disable    ad9834.o
    0x08000a56   0x08000a56   0x00000002   PAD
    0x08000a58   0x08000a58   0x00000098   Code   RO          206    i.AD9834_global_init  ad9834.o
    0x08000af0   0x08000af0   0x0000005c   Code   RO          208    i.AD9834_set        ad9834.o
    0x08000b4c   0x08000b4c   0x00000002   Code   RO         1070    i.BusFault_Handler  stm32h7xx_it.o
    0x08000b4e   0x08000b4e   0x00000004   Code   RO         1001    i.CDC_Control_FS    usbd_cdc_if.o
    0x08000b52   0x08000b52   0x00000004   Code   RO         1002    i.CDC_DeInit_FS     usbd_cdc_if.o
    0x08000b56   0x08000b56   0x00000002   PAD
    0x08000b58   0x08000b58   0x00000030   Code   RO         1003    i.CDC_Init_FS       usbd_cdc_if.o
    0x08000b88   0x08000b88   0x0000001c   Code   RO         1004    i.CDC_Read_FS       usbd_cdc_if.o
    0x08000ba4   0x08000ba4   0x0000002c   Code   RO         1005    i.CDC_Receive_FS    usbd_cdc_if.o
    0x08000bd0   0x08000bd0   0x0000002c   Code   RO         1006    i.CDC_Transmit_FS   usbd_cdc_if.o
    0x08000bfc   0x08000bfc   0x00000002   Code   RO         1071    i.DebugMon_Handler  stm32h7xx_it.o
    0x08000bfe   0x08000bfe   0x00000002   Code   RO          424    i.Error_Handler     main.o
    0x08000c00   0x08000c00   0x00000024   Code   RO         3265    i.HAL_Delay         stm32h7xx_hal.o
    0x08000c24   0x08000c24   0x00000230   Code   RO         2263    i.HAL_GPIO_Init     stm32h7xx_hal_gpio.o
    0x08000e54   0x08000e54   0x0000000a   Code   RO         2267    i.HAL_GPIO_WritePin  stm32h7xx_hal_gpio.o
    0x08000e5e   0x08000e5e   0x00000002   PAD
    0x08000e60   0x08000e60   0x0000000c   Code   RO         3280    i.HAL_GetREVID      stm32h7xx_hal.o
    0x08000e6c   0x08000e6c   0x0000000c   Code   RO         3281    i.HAL_GetTick       stm32h7xx_hal.o
    0x08000e78   0x08000e78   0x00000010   Code   RO         3287    i.HAL_IncTick       stm32h7xx_hal.o
    0x08000e88   0x08000e88   0x0000005c   Code   RO         3288    i.HAL_Init          stm32h7xx_hal.o
    0x08000ee4   0x08000ee4   0x00000040   Code   RO         3289    i.HAL_InitTick      stm32h7xx_hal.o
    0x08000f24   0x08000f24   0x0000001c   Code   RO         1152    i.HAL_MspInit       stm32h7xx_hal_msp.o
    0x08000f40   0x08000f40   0x0000001a   Code   RO         3123    i.HAL_NVIC_EnableIRQ  stm32h7xx_hal_cortex.o
    0x08000f5a   0x08000f5a   0x00000002   PAD
    0x08000f5c   0x08000f5c   0x00000040   Code   RO         3129    i.HAL_NVIC_SetPriority  stm32h7xx_hal_cortex.o
    0x08000f9c   0x08000f9c   0x00000024   Code   RO         3130    i.HAL_NVIC_SetPriorityGrouping  stm32h7xx_hal_cortex.o
    0x08000fc0   0x08000fc0   0x00000028   Code   RO         1397    i.HAL_PCDEx_ActivateLPM  stm32h7xx_hal_pcd_ex.o
    0x08000fe8   0x08000fe8   0x00000002   Code   RO         1402    i.HAL_PCDEx_LPM_Callback  stm32h7xx_hal_pcd_ex.o
    0x08000fea   0x08000fea   0x00000008   Code   RO         1403    i.HAL_PCDEx_SetRxFiFo  stm32h7xx_hal_pcd_ex.o
    0x08000ff2   0x08000ff2   0x00000046   Code   RO         1404    i.HAL_PCDEx_SetTxFiFo  stm32h7xx_hal_pcd_ex.o
    0x08001038   0x08001038   0x00000008   Code   RO          716    i.HAL_PCD_ConnectCallback  usbd_conf.o
    0x08001040   0x08001040   0x00000012   Code   RO          717    i.HAL_PCD_DataInStageCallback  usbd_conf.o
    0x08001052   0x08001052   0x00000014   Code   RO          718    i.HAL_PCD_DataOutStageCallback  usbd_conf.o
    0x08001066   0x08001066   0x00000008   Code   RO          719    i.HAL_PCD_DisconnectCallback  usbd_conf.o
    0x0800106e   0x0800106e   0x0000004c   Code   RO         1185    i.HAL_PCD_EP_Close  stm32h7xx_hal_pcd.o
    0x080010ba   0x080010ba   0x0000005c   Code   RO         1186    i.HAL_PCD_EP_ClrStall  stm32h7xx_hal_pcd.o
    0x08001116   0x08001116   0x00000012   Code   RO         1188    i.HAL_PCD_EP_GetRxCount  stm32h7xx_hal_pcd.o
    0x08001128   0x08001128   0x00000060   Code   RO         1189    i.HAL_PCD_EP_Open   stm32h7xx_hal_pcd.o
    0x08001188   0x08001188   0x00000044   Code   RO         1190    i.HAL_PCD_EP_Receive  stm32h7xx_hal_pcd.o
    0x080011cc   0x080011cc   0x00000074   Code   RO         1191    i.HAL_PCD_EP_SetStall  stm32h7xx_hal_pcd.o
    0x08001240   0x08001240   0x00000044   Code   RO         1192    i.HAL_PCD_EP_Transmit  stm32h7xx_hal_pcd.o
    0x08001284   0x08001284   0x00000474   Code   RO         1194    i.HAL_PCD_IRQHandler  stm32h7xx_hal_pcd.o
    0x080016f8   0x080016f8   0x00000008   Code   RO          720    i.HAL_PCD_ISOINIncompleteCallback  usbd_conf.o
    0x08001700   0x08001700   0x00000008   Code   RO          721    i.HAL_PCD_ISOOUTIncompleteCallback  usbd_conf.o
    0x08001708   0x08001708   0x000000f2   Code   RO         1197    i.HAL_PCD_Init      stm32h7xx_hal_pcd.o
    0x080017fa   0x080017fa   0x00000002   PAD
    0x080017fc   0x080017fc   0x0000008c   Code   RO          723    i.HAL_PCD_MspInit   usbd_conf.o
    0x08001888   0x08001888   0x0000002c   Code   RO          724    i.HAL_PCD_ResetCallback  usbd_conf.o
    0x080018b4   0x080018b4   0x00000008   Code   RO          725    i.HAL_PCD_ResumeCallback  usbd_conf.o
    0x080018bc   0x080018bc   0x00000008   Code   RO          726    i.HAL_PCD_SOFCallback  usbd_conf.o
    0x080018c4   0x080018c4   0x00000028   Code   RO         1203    i.HAL_PCD_SetAddress  stm32h7xx_hal_pcd.o
    0x080018ec   0x080018ec   0x0000000e   Code   RO          727    i.HAL_PCD_SetupStageCallback  usbd_conf.o
    0x080018fa   0x080018fa   0x00000042   Code   RO         1205    i.HAL_PCD_Start     stm32h7xx_hal_pcd.o
    0x0800193c   0x0800193c   0x00000030   Code   RO          728    i.HAL_PCD_SuspendCallback  usbd_conf.o
    0x0800196c   0x0800196c   0x00000054   Code   RO         2864    i.HAL_PWREx_ConfigSupply  stm32h7xx_hal_pwr_ex.o
    0x080019c0   0x080019c0   0x00000010   Code   RO         2881    i.HAL_PWREx_EnableUSBVoltageDetector  stm32h7xx_hal_pwr_ex.o
    0x080019d0   0x080019d0   0x00000024   Code   RO         1884    i.HAL_RCCEx_GetD3PCLK1Freq  stm32h7xx_hal_rcc_ex.o
    0x080019f4   0x080019f4   0x00000144   Code   RO         1886    i.HAL_RCCEx_GetPLL2ClockFreq  stm32h7xx_hal_rcc_ex.o
    0x08001b38   0x08001b38   0x00000144   Code   RO         1887    i.HAL_RCCEx_GetPLL3ClockFreq  stm32h7xx_hal_rcc_ex.o
    0x08001c7c   0x08001c7c   0x0000089c   Code   RO         1893    i.HAL_RCCEx_PeriphCLKConfig  stm32h7xx_hal_rcc_ex.o
    0x08002518   0x08002518   0x0000025c   Code   RO         1769    i.HAL_RCC_ClockConfig  stm32h7xx_hal_rcc.o
    0x08002774   0x08002774   0x00000044   Code   RO         1774    i.HAL_RCC_GetHCLKFreq  stm32h7xx_hal_rcc.o
    0x080027b8   0x080027b8   0x00000024   Code   RO         1776    i.HAL_RCC_GetPCLK1Freq  stm32h7xx_hal_rcc.o
    0x080027dc   0x080027dc   0x00000024   Code   RO         1777    i.HAL_RCC_GetPCLK2Freq  stm32h7xx_hal_rcc.o
    0x08002800   0x08002800   0x00000138   Code   RO         1778    i.HAL_RCC_GetSysClockFreq  stm32h7xx_hal_rcc.o
    0x08002938   0x08002938   0x000004ea   Code   RO         1781    i.HAL_RCC_OscConfig  stm32h7xx_hal_rcc.o
    0x08002e22   0x08002e22   0x00000002   PAD
    0x08002e24   0x08002e24   0x00000140   Code   RO         4193    i.HAL_SPI_Init      stm32h7xx_hal_spi.o
    0x08002f64   0x08002f64   0x000001a8   Code   RO          532    i.HAL_SPI_MspInit   spi.o
    0x0800310c   0x0800310c   0x00000236   Code   RO         4201    i.HAL_SPI_Transmit  stm32h7xx_hal_spi.o
    0x08003342   0x08003342   0x00000026   Code   RO         3134    i.HAL_SYSTICK_Config  stm32h7xx_hal_cortex.o
    0x08003368   0x08003368   0x00000098   Code   RO         5225    i.HAL_TIMEx_MasterConfigSynchronization  stm32h7xx_hal_tim_ex.o
    0x08003400   0x08003400   0x00000036   Code   RO         4507    i.HAL_TIM_Base_Init  stm32h7xx_hal_tim.o
    0x08003436   0x08003436   0x00000002   PAD
    0x08003438   0x08003438   0x00000028   Code   RO          592    i.HAL_TIM_Base_MspInit  tim.o
    0x08003460   0x08003460   0x00000030   Code   RO         4510    i.HAL_TIM_Base_Start  stm32h7xx_hal_tim.o
    0x08003490   0x08003490   0x000000f8   Code   RO         4516    i.HAL_TIM_ConfigClockSource  stm32h7xx_hal_tim.o
    0x08003588   0x08003588   0x00000050   Code   RO          593    i.HAL_TIM_MspPostInit  tim.o
    0x080035d8   0x080035d8   0x00000128   Code   RO         4576    i.HAL_TIM_PWM_ConfigChannel  stm32h7xx_hal_tim.o
    0x08003700   0x08003700   0x00000036   Code   RO         4579    i.HAL_TIM_PWM_Init  stm32h7xx_hal_tim.o
    0x08003736   0x08003736   0x00000002   Code   RO         4581    i.HAL_TIM_PWM_MspInit  stm32h7xx_hal_tim.o
    0x08003738   0x08003738   0x0000006c   Code   RO         4584    i.HAL_TIM_PWM_Start  stm32h7xx_hal_tim.o
    0x080037a4   0x080037a4   0x00000040   Code   RO         5875    i.HAL_UARTEx_DisableFifoMode  stm32h7xx_hal_uart_ex.o
    0x080037e4   0x080037e4   0x0000004c   Code   RO         5880    i.HAL_UARTEx_SetRxFifoThreshold  stm32h7xx_hal_uart_ex.o
    0x08003830   0x08003830   0x0000004c   Code   RO         5881    i.HAL_UARTEx_SetTxFifoThreshold  stm32h7xx_hal_uart_ex.o
    0x0800387c   0x0800387c   0x0000006a   Code   RO         5507    i.HAL_UART_Init     stm32h7xx_hal_uart.o
    0x080038e6   0x080038e6   0x00000002   PAD
    0x080038e8   0x080038e8   0x00000068   Code   RO          640    i.HAL_UART_MspInit  usart.o
    0x08003950   0x08003950   0x00000002   Code   RO         1072    i.HardFault_Handler  stm32h7xx_it.o
    0x08003952   0x08003952   0x00000002   PAD
    0x08003954   0x08003954   0x00000038   Code   RO          915    i.IntToUnicode      usbd_desc.o
    0x0800398c   0x0800398c   0x00000234   Code   RO          507    i.MX_GPIO_Init      gpio.o
    0x08003bc0   0x08003bc0   0x00000060   Code   RO          533    i.MX_SPI1_Init      spi.o
    0x08003c20   0x08003c20   0x00000060   Code   RO          534    i.MX_SPI3_Init      spi.o
    0x08003c80   0x08003c80   0x00000060   Code   RO          535    i.MX_SPI4_Init      spi.o
    0x08003ce0   0x08003ce0   0x00000060   Code   RO          536    i.MX_SPI5_Init      spi.o
    0x08003d40   0x08003d40   0x0000009c   Code   RO          594    i.MX_TIM4_Init      tim.o
    0x08003ddc   0x08003ddc   0x00000068   Code   RO          641    i.MX_USART3_UART_Init  usart.o
    0x08003e44   0x08003e44   0x00000054   Code   RO          681    i.MX_USB_DEVICE_Init  usb_device.o
    0x08003e98   0x08003e98   0x00000002   Code   RO         1073    i.MemManage_Handler  stm32h7xx_it.o
    0x08003e9a   0x08003e9a   0x00000002   Code   RO         1074    i.NMI_Handler       stm32h7xx_it.o
    0x08003e9c   0x08003e9c   0x0000000c   Code   RO         1075    i.OTG_FS_IRQHandler  stm32h7xx_it.o
    0x08003ea8   0x08003ea8   0x000000cc   Code   RO         1208    i.PCD_EP_OutXfrComplete_int  stm32h7xx_hal_pcd.o
    0x08003f74   0x08003f74   0x000000a2   Code   RO         1209    i.PCD_WriteEmptyTxFifo  stm32h7xx_hal_pcd.o
    0x08004016   0x08004016   0x00000002   Code   RO         1076    i.PendSV_Handler    stm32h7xx_it.o
    0x08004018   0x08004018   0x00000120   Code   RO         1896    i.RCCEx_PLL2_Config  stm32h7xx_hal_rcc_ex.o
    0x08004138   0x08004138   0x00000120   Code   RO         1897    i.RCCEx_PLL3_Config  stm32h7xx_hal_rcc_ex.o
    0x08004258   0x08004258   0x000000bc   Code   RO         4212    i.SPI_CloseTransfer  stm32h7xx_hal_spi.o
    0x08004314   0x08004314   0x00000042   Code   RO         4229    i.SPI_WaitOnFlagUntilTimeout  stm32h7xx_hal_spi.o
    0x08004356   0x08004356   0x00000002   Code   RO         1077    i.SVC_Handler       stm32h7xx_it.o
    0x08004358   0x08004358   0x00000004   Code   RO         1078    i.SysTick_Handler   stm32h7xx_it.o
    0x0800435c   0x0800435c   0x000000c4   Code   RO          425    i.SystemClock_Config  main.o
    0x08004420   0x08004420   0x0000009c   Code   RO         5969    i.SystemInit        system_stm32h7xx.o
    0x080044bc   0x080044bc   0x000000c4   Code   RO         4597    i.TIM_Base_SetConfig  stm32h7xx_hal_tim.o
    0x08004580   0x08004580   0x0000001a   Code   RO         4598    i.TIM_CCxChannelCmd  stm32h7xx_hal_tim.o
    0x0800459a   0x0800459a   0x00000012   Code   RO         4608    i.TIM_ETR_SetConfig  stm32h7xx_hal_tim.o
    0x080045ac   0x080045ac   0x00000014   Code   RO         4609    i.TIM_ITRx_SetConfig  stm32h7xx_hal_tim.o
    0x080045c0   0x080045c0   0x000000a8   Code   RO         4610    i.TIM_OC1_SetConfig  stm32h7xx_hal_tim.o
    0x08004668   0x08004668   0x00000098   Code   RO         4611    i.TIM_OC2_SetConfig  stm32h7xx_hal_tim.o
    0x08004700   0x08004700   0x0000008c   Code   RO         4612    i.TIM_OC3_SetConfig  stm32h7xx_hal_tim.o
    0x0800478c   0x0800478c   0x0000006c   Code   RO         4613    i.TIM_OC4_SetConfig  stm32h7xx_hal_tim.o
    0x080047f8   0x080047f8   0x0000006c   Code   RO         4614    i.TIM_OC5_SetConfig  stm32h7xx_hal_tim.o
    0x08004864   0x08004864   0x0000006c   Code   RO         4615    i.TIM_OC6_SetConfig  stm32h7xx_hal_tim.o
    0x080048d0   0x080048d0   0x00000022   Code   RO         4617    i.TIM_TI1_ConfigInputStage  stm32h7xx_hal_tim.o
    0x080048f2   0x080048f2   0x00000024   Code   RO         4619    i.TIM_TI2_ConfigInputStage  stm32h7xx_hal_tim.o
    0x08004916   0x08004916   0x00000002   PAD
    0x08004918   0x08004918   0x00000064   Code   RO         5885    i.UARTEx_SetNbDataToProcess  stm32h7xx_hal_uart_ex.o
    0x0800497c   0x0800497c   0x000000c8   Code   RO         5521    i.UART_AdvFeatureConfig  stm32h7xx_hal_uart.o
    0x08004a44   0x08004a44   0x0000005e   Code   RO         5522    i.UART_CheckIdleState  stm32h7xx_hal_uart.o
    0x08004aa2   0x08004aa2   0x00000002   PAD
    0x08004aa4   0x08004aa4   0x00000c10   Code   RO         5539    i.UART_SetConfig    stm32h7xx_hal_uart.o
    0x080056b4   0x080056b4   0x000000a4   Code   RO         5544    i.UART_WaitOnFlagUntilTimeout  stm32h7xx_hal_uart.o
    0x08005758   0x08005758   0x0000004a   Code   RO         6280    i.USBD_CDC_DataIn   usbd_cdc.o
    0x080057a2   0x080057a2   0x0000002e   Code   RO         6281    i.USBD_CDC_DataOut  usbd_cdc.o
    0x080057d0   0x080057d0   0x00000044   Code   RO         6282    i.USBD_CDC_DeInit   usbd_cdc.o
    0x08005814   0x08005814   0x00000024   Code   RO         6283    i.USBD_CDC_EP0_RxReady  usbd_cdc.o
    0x08005838   0x08005838   0x0000000c   Code   RO         6284    i.USBD_CDC_GetDeviceQualifierDescriptor  usbd_cdc.o
    0x08005844   0x08005844   0x0000000c   Code   RO         6285    i.USBD_CDC_GetFSCfgDesc  usbd_cdc.o
    0x08005850   0x08005850   0x0000000c   Code   RO         6286    i.USBD_CDC_GetHSCfgDesc  usbd_cdc.o
    0x0800585c   0x0800585c   0x0000000c   Code   RO         6287    i.USBD_CDC_GetOtherSpeedCfgDesc  usbd_cdc.o
    0x08005868   0x08005868   0x00000094   Code   RO         6288    i.USBD_CDC_Init     usbd_cdc.o
    0x080058fc   0x080058fc   0x00000028   Code   RO         6289    i.USBD_CDC_ReceivePacket  usbd_cdc.o
    0x08005924   0x08005924   0x00000014   Code   RO         6290    i.USBD_CDC_RegisterInterface  usbd_cdc.o
    0x08005938   0x08005938   0x0000000c   Code   RO         6291    i.USBD_CDC_SetRxBuffer  usbd_cdc.o
    0x08005944   0x08005944   0x00000010   Code   RO         6292    i.USBD_CDC_SetTxBuffer  usbd_cdc.o
    0x08005954   0x08005954   0x000000ae   Code   RO         6293    i.USBD_CDC_Setup    usbd_cdc.o
    0x08005a02   0x08005a02   0x00000036   Code   RO         6294    i.USBD_CDC_TransmitPacket  usbd_cdc.o
    0x08005a38   0x08005a38   0x0000000e   Code   RO         6005    i.USBD_ClrClassConfig  usbd_core.o
    0x08005a46   0x08005a46   0x00000010   Code   RO         6216    i.USBD_CtlContinueRx  usbd_ioreq.o
    0x08005a56   0x08005a56   0x00000010   Code   RO         6217    i.USBD_CtlContinueSendData  usbd_ioreq.o
    0x08005a66   0x08005a66   0x00000016   Code   RO         6147    i.USBD_CtlError     usbd_ctlreq.o
    0x08005a7c   0x08005a7c   0x0000001e   Code   RO         6218    i.USBD_CtlPrepareRx  usbd_ioreq.o
    0x08005a9a   0x08005a9a   0x00000016   Code   RO         6219    i.USBD_CtlReceiveStatus  usbd_ioreq.o
    0x08005ab0   0x08005ab0   0x0000001a   Code   RO         6220    i.USBD_CtlSendData  usbd_ioreq.o
    0x08005aca   0x08005aca   0x00000016   Code   RO         6221    i.USBD_CtlSendStatus  usbd_ioreq.o
    0x08005ae0   0x08005ae0   0x00000020   Code   RO          916    i.USBD_FS_ConfigStrDescriptor  usbd_desc.o
    0x08005b00   0x08005b00   0x0000000c   Code   RO          917    i.USBD_FS_DeviceDescriptor  usbd_desc.o
    0x08005b0c   0x08005b0c   0x00000024   Code   RO          918    i.USBD_FS_InterfaceStrDescriptor  usbd_desc.o
    0x08005b30   0x08005b30   0x0000000c   Code   RO          919    i.USBD_FS_LangIDStrDescriptor  usbd_desc.o
    0x08005b3c   0x08005b3c   0x00000028   Code   RO          920    i.USBD_FS_ManufacturerStrDescriptor  usbd_desc.o
    0x08005b64   0x08005b64   0x0000002c   Code   RO          921    i.USBD_FS_ProductStrDescriptor  usbd_desc.o
    0x08005b90   0x08005b90   0x0000003c   Code   RO          922    i.USBD_FS_SerialStrDescriptor  usbd_desc.o
    0x08005bcc   0x08005bcc   0x000000e8   Code   RO         6148    i.USBD_GetDescriptor  usbd_ctlreq.o
    0x08005cb4   0x08005cb4   0x0000004a   Code   RO         6149    i.USBD_GetString    usbd_ctlreq.o
    0x08005cfe   0x08005cfe   0x00000018   Code   RO          729    i.USBD_Get_USB_Status  usbd_conf.o
    0x08005d16   0x08005d16   0x0000002a   Code   RO         6007    i.USBD_Init         usbd_core.o
    0x08005d40   0x08005d40   0x00000012   Code   RO          730    i.USBD_LL_ClearStallEP  usbd_conf.o
    0x08005d52   0x08005d52   0x00000012   Code   RO          731    i.USBD_LL_CloseEP   usbd_conf.o
    0x08005d64   0x08005d64   0x000000c2   Code   RO         6008    i.USBD_LL_DataInStage  usbd_core.o
    0x08005e26   0x08005e26   0x00000082   Code   RO         6009    i.USBD_LL_DataOutStage  usbd_core.o
    0x08005ea8   0x08005ea8   0x00000004   Code   RO         6010    i.USBD_LL_DevConnected  usbd_core.o
    0x08005eac   0x08005eac   0x00000016   Code   RO         6011    i.USBD_LL_DevDisconnected  usbd_core.o
    0x08005ec2   0x08005ec2   0x00000008   Code   RO          735    i.USBD_LL_GetRxDataSize  usbd_conf.o
    0x08005eca   0x08005eca   0x00000002   PAD
    0x08005ecc   0x08005ecc   0x00000064   Code   RO          736    i.USBD_LL_Init      usbd_conf.o
    0x08005f30   0x08005f30   0x00000020   Code   RO          737    i.USBD_LL_IsStallEP  usbd_conf.o
    0x08005f50   0x08005f50   0x00000004   Code   RO         6012    i.USBD_LL_IsoINIncomplete  usbd_core.o
    0x08005f54   0x08005f54   0x00000004   Code   RO         6013    i.USBD_LL_IsoOUTIncomplete  usbd_core.o
    0x08005f58   0x08005f58   0x00000018   Code   RO          738    i.USBD_LL_OpenEP    usbd_conf.o
    0x08005f70   0x08005f70   0x00000012   Code   RO          739    i.USBD_LL_PrepareReceive  usbd_conf.o
    0x08005f82   0x08005f82   0x00000050   Code   RO         6014    i.USBD_LL_Reset     usbd_core.o
    0x08005fd2   0x08005fd2   0x00000014   Code   RO         6015    i.USBD_LL_Resume    usbd_core.o
    0x08005fe6   0x08005fe6   0x00000018   Code   RO         6016    i.USBD_LL_SOF       usbd_core.o
    0x08005ffe   0x08005ffe   0x00000006   Code   RO         6017    i.USBD_LL_SetSpeed  usbd_core.o
    0x08006004   0x08006004   0x00000012   Code   RO          740    i.USBD_LL_SetUSBAddress  usbd_conf.o
    0x08006016   0x08006016   0x00000056   Code   RO         6018    i.USBD_LL_SetupStage  usbd_core.o
    0x0800606c   0x0800606c   0x00000012   Code   RO          741    i.USBD_LL_StallEP   usbd_conf.o
    0x0800607e   0x0800607e   0x00000012   Code   RO          742    i.USBD_LL_Start     usbd_conf.o
    0x08006090   0x08006090   0x00000012   Code   RO         6019    i.USBD_LL_Suspend   usbd_core.o
    0x080060a2   0x080060a2   0x00000012   Code   RO          744    i.USBD_LL_Transmit  usbd_conf.o
    0x080060b4   0x080060b4   0x00000028   Code   RO         6150    i.USBD_ParseSetupRequest  usbd_ctlreq.o
    0x080060dc   0x080060dc   0x00000012   Code   RO         6020    i.USBD_RegisterClass  usbd_core.o
    0x080060ee   0x080060ee   0x00000016   Code   RO         6022    i.USBD_SetClassConfig  usbd_core.o
    0x08006104   0x08006104   0x00000088   Code   RO         6151    i.USBD_SetConfig    usbd_ctlreq.o
    0x0800618c   0x0800618c   0x0000000a   Code   RO         6023    i.USBD_Start        usbd_core.o
    0x08006196   0x08006196   0x00000114   Code   RO         6152    i.USBD_StdDevReq    usbd_ctlreq.o
    0x080062aa   0x080062aa   0x00000150   Code   RO         6153    i.USBD_StdEPReq     usbd_ctlreq.o
    0x080063fa   0x080063fa   0x0000004e   Code   RO         6154    i.USBD_StdItfReq    usbd_ctlreq.o
    0x08006448   0x08006448   0x00000080   Code   RO         1469    i.USB_ActivateEndpoint  stm32h7xx_ll_usb.o
    0x080064c8   0x080064c8   0x0000001c   Code   RO         1471    i.USB_ActivateSetup  stm32h7xx_ll_usb.o
    0x080064e4   0x080064e4   0x00000078   Code   RO         1473    i.USB_CoreInit      stm32h7xx_ll_usb.o
    0x0800655c   0x0800655c   0x00000038   Code   RO         1474    i.USB_CoreReset     stm32h7xx_ll_usb.o
    0x08006594   0x08006594   0x00000080   Code   RO         1477    i.USB_DeactivateEndpoint  stm32h7xx_ll_usb.o
    0x08006614   0x08006614   0x00000018   Code   RO         1478    i.USB_DevConnect    stm32h7xx_ll_usb.o
    0x0800662c   0x0800662c   0x00000018   Code   RO         1479    i.USB_DevDisconnect  stm32h7xx_ll_usb.o
    0x08006644   0x08006644   0x00000178   Code   RO         1480    i.USB_DevInit       stm32h7xx_ll_usb.o
    0x080067bc   0x080067bc   0x0000000c   Code   RO         1481    i.USB_DisableGlobalInt  stm32h7xx_ll_usb.o
    0x080067c8   0x080067c8   0x0000011c   Code   RO         1484    i.USB_EP0StartXfer  stm32h7xx_ll_usb.o
    0x080068e4   0x080068e4   0x00000058   Code   RO         1485    i.USB_EP0_OutStart  stm32h7xx_ll_usb.o
    0x0800693c   0x0800693c   0x00000058   Code   RO         1486    i.USB_EPClearStall  stm32h7xx_ll_usb.o
    0x08006994   0x08006994   0x00000058   Code   RO         1487    i.USB_EPSetStall    stm32h7xx_ll_usb.o
    0x080069ec   0x080069ec   0x000001e8   Code   RO         1488    i.USB_EPStartXfer   stm32h7xx_ll_usb.o
    0x08006bd4   0x08006bd4   0x0000000c   Code   RO         1489    i.USB_EnableGlobalInt  stm32h7xx_ll_usb.o
    0x08006be0   0x08006be0   0x00000020   Code   RO         1490    i.USB_FlushRxFifo   stm32h7xx_ll_usb.o
    0x08006c00   0x08006c00   0x00000024   Code   RO         1491    i.USB_FlushTxFifo   stm32h7xx_ll_usb.o
    0x08006c24   0x08006c24   0x0000001a   Code   RO         1493    i.USB_GetDevSpeed   stm32h7xx_ll_usb.o
    0x08006c3e   0x08006c3e   0x00000008   Code   RO         1495    i.USB_GetMode       stm32h7xx_ll_usb.o
    0x08006c46   0x08006c46   0x0000000e   Code   RO         1502    i.USB_ReadDevAllInEpInterrupt  stm32h7xx_ll_usb.o
    0x08006c54   0x08006c54   0x0000000e   Code   RO         1503    i.USB_ReadDevAllOutEpInterrupt  stm32h7xx_ll_usb.o
    0x08006c62   0x08006c62   0x00000024   Code   RO         1504    i.USB_ReadDevInEPInterrupt  stm32h7xx_ll_usb.o
    0x08006c86   0x08006c86   0x00000010   Code   RO         1505    i.USB_ReadDevOutEPInterrupt  stm32h7xx_ll_usb.o
    0x08006c96   0x08006c96   0x00000008   Code   RO         1506    i.USB_ReadInterrupts  stm32h7xx_ll_usb.o
    0x08006c9e   0x08006c9e   0x0000001c   Code   RO         1507    i.USB_ReadPacket    stm32h7xx_ll_usb.o
    0x08006cba   0x08006cba   0x0000002e   Code   RO         1509    i.USB_SetCurrentMode  stm32h7xx_ll_usb.o
    0x08006ce8   0x08006ce8   0x00000022   Code   RO         1510    i.USB_SetDevAddress  stm32h7xx_ll_usb.o
    0x08006d0a   0x08006d0a   0x00000002   PAD
    0x08006d0c   0x08006d0c   0x000000e8   Code   RO         1512    i.USB_SetTurnaroundTime  stm32h7xx_ll_usb.o
    0x08006df4   0x08006df4   0x00000024   Code   RO         1515    i.USB_WritePacket   stm32h7xx_ll_usb.o
    0x08006e18   0x08006e18   0x00000002   Code   RO         1079    i.UsageFault_Handler  stm32h7xx_it.o
    0x08006e1a   0x08006e1a   0x00000022   Code   RO         3136    i.__NVIC_SetPriority  stm32h7xx_hal_cortex.o
    0x08006e3c   0x08006e3c   0x00000024   Code   RO          282    i.disable_mux       mux.o
    0x08006e60   0x08006e60   0x00000024   Code   RO          283    i.enable_mux        mux.o
    0x08006e84   0x08006e84   0x000001b0   Code   RO          426    i.main              main.o
    0x08007034   0x08007034   0x00000024   Code   RO          285    i.mux_init          mux.o
    0x08007058   0x08007058   0x0000002a   Code   RO          352    i.ring_buffer_dequeue  ringbuffer.o
    0x08007082   0x08007082   0x00000032   Code   RO          353    i.ring_buffer_dequeue_arr  ringbuffer.o
    0x080070b4   0x080070b4   0x0000000c   Code   RO          354    i.ring_buffer_init  ringbuffer.o
    0x080070c0   0x080070c0   0x00000010   Code   RO          389    i.ring_buffer_is_empty  ringbuffer.o
    0x080070d0   0x080070d0   0x00000018   Code   RO          394    i.ring_buffer_is_full  ringbuffer.o
    0x080070e8   0x080070e8   0x00000030   Code   RO          356    i.ring_buffer_queue  ringbuffer.o
    0x08007118   0x08007118   0x00000020   Code   RO          357    i.ring_buffer_queue_arr  ringbuffer.o
    0x08007138   0x08007138   0x00000080   Code   RO          210    i.setFrequencyRegister  ad9834.o
    0x080071b8   0x080071b8   0x00000064   Code   RO          211    i.setPhaseRegister  ad9834.o
    0x0800721c   0x0800721c   0x00000060   Code   RO          286    i.set_mux           mux.o
    0x0800727c   0x0800727c   0x0000004c   Code   RO           15    i.write_RDAC        ad5270_71.o
    0x080072c8   0x080072c8   0x00000030   Code   RO           16    i.write_reg_ad5270  ad5270_71.o
    0x080072f8   0x080072f8   0x0000002c   Code   RO          212    i.write_reg_ad9834  ad9834.o
    0x08007324   0x08007324   0x0000000a   Code   RO         6618    x$fpl$fpinit        fz_wv.l(fpinit.o)
    0x0800732e   0x0800732e   0x00000010   Data   RO         5970    .constdata          system_stm32h7xx.o
    0x0800733e   0x0800733e   0x00000002   PAD
    0x08007340   0x08007340   0x00000020   Data   RO         6709    Region$$Table       anon$$obj.o


    Execution Region RW_IRAM1 (Exec base: 0x20000000, Load base: 0x08007360, Size: 0x00000000, Max: 0x00020000, ABSOLUTE)

    **** No section assigned to this execution region ****


    Execution Region RW_IRAM2 (Exec base: 0x24000000, Load base: 0x08007360, Size: 0x00003230, Max: 0x00080000, ABSOLUTE, COMPRESSED[0x000000c4])

    Exec Addr    Load Addr    Size         Type   Attr      Idx    E Section Name        Object

    0x24000000   COMPRESSED   0x00000002   Data   RW           17    .data               ad5270_71.o
    0x24000002   COMPRESSED   0x00000002   PAD
    0x24000004   COMPRESSED   0x0000001c   Data   RW          924    .data               usbd_desc.o
    0x24000020   COMPRESSED   0x00000032   Data   RW          925    .data               usbd_desc.o
    0x24000052   COMPRESSED   0x00000002   PAD
    0x24000054   COMPRESSED   0x00000010   Data   RW         1008    .data               usbd_cdc_if.o
    0x24000064   COMPRESSED   0x0000000c   Data   RW         3310    .data               stm32h7xx_hal.o
    0x24000070   COMPRESSED   0x00000008   Data   RW         5971    .data               system_stm32h7xx.o
    0x24000078   COMPRESSED   0x00000001   Data   RW         6155    .data               usbd_ctlreq.o
    0x24000079   COMPRESSED   0x00000003   PAD
    0x2400007c   COMPRESSED   0x000000d7   Data   RW         6295    .data               usbd_cdc.o
    0x24000153   COMPRESSED   0x00000001   PAD
    0x24000154   COMPRESSED   0x00000038   Data   RW         6296    .data               usbd_cdc.o
    0x2400018c        -       0x00000220   Zero   RW          537    .bss                spi.o
    0x240003ac        -       0x00000040   Zero   RW          595    .bss                tim.o
    0x240003ec        -       0x0000008c   Zero   RW          642    .bss                usart.o
    0x24000478        -       0x000002c4   Zero   RW          682    .bss                usb_device.o
    0x2400073c        -       0x00000408   Zero   RW          745    .bss                usbd_conf.o
    0x24000b44        -       0x00000200   Zero   RW          923    .bss                usbd_desc.o
    0x24000d44        -       0x00001088   Zero   RW         1007    .bss                usbd_cdc_if.o
    0x24001dcc        -       0x00000060   Zero   RW         6580    .bss                c_w.l(libspace.o)
    0x24001e2c   COMPRESSED   0x00000004   PAD
    0x24001e30        -       0x00001000   Zero   RW            2    HEAP                startup_stm32h743xx.o
    0x24002e30        -       0x00000400   Zero   RW            1    STACK               startup_stm32h743xx.o


==============================================================================

Image component sizes


      Code (inc. data)   RO Data    RW Data    ZI Data      Debug   Object Name

       196         30          0          2          0    1290046   ad5270_71.o
       522         66          0          0          0       4568   ad9834.o
       564         38          0          0          0       1403   gpio.o
       630         54          0          0          0       9567   main.o
       204         44          0          0          0       2016   mux.o
       224          0          0          0          0       5886   ringbuffer.o
       808         82          0          0        544       4052   spi.o
        64         26        664          0       5120        852   startup_stm32h743xx.o
       232         44          0         12          0      23228   stm32h7xx_hal.o
       198         12          0          0          0      39035   stm32h7xx_hal_cortex.o
       570         50          0          0          0       2740   stm32h7xx_hal_gpio.o
        28          6          0          0          0        926   stm32h7xx_hal_msp.o
      2388         16          0          0          0      13189   stm32h7xx_hal_pcd.o
       120          6          0          0          0       3347   stm32h7xx_hal_pcd_ex.o
       100         10          0          0          0       1374   stm32h7xx_hal_pwr_ex.o
      2314        102          0          0          0       7172   stm32h7xx_hal_rcc.o
      3464        116          0          0          0       7969   stm32h7xx_hal_rcc_ex.o
      1140         12          0          0          0       4822   stm32h7xx_hal_spi.o
      1924        218          0          0          0      15341   stm32h7xx_hal_tim.o
       152         24          0          0          0       1560   stm32h7xx_hal_tim_ex.o
      3652        116          0          0          0       7477   stm32h7xx_hal_uart.o
       316         18          0          0          0       3845   stm32h7xx_hal_uart_ex.o
        32          6          0          0          0       4634   stm32h7xx_it.o
      2510        130          0          0          0      23203   stm32h7xx_ll_usb.o
       156         22         16          8          0       1510   system_stm32h7xx.o
       276         32          0          0         64       2508   tim.o
       208         22          0          0        140       1874   usart.o
        84         18          0          0        708        784   usb_device.o
       736         16          0        271          0      13778   usbd_cdc.o
       172         38          0         16       4232       5011   usbd_cdc_if.o
       646         26          0          0       1032      15268   usbd_conf.o
       698          0          0          0          0      12577   usbd_core.o
      1194         30          0          1          0       8464   usbd_ctlreq.o
       292        106          0         78        512       6145   usbd_desc.o
       132          0          0          0          0       4716   usbd_ioreq.o

    ----------------------------------------------------------------------
     26972       1536        714        396      12352    1550887   Object Totals
         0          0         32          0          0          0   (incl. Generated)
        26          0          2          8          0          0   (incl. Padding)

    ----------------------------------------------------------------------

      Code (inc. data)   RO Data    RW Data    ZI Data      Debug   Library Member Name

        90          0          0          0          0          0   __dczerorl2.o
         8          0          0          0          0         68   __main.o
       104          0          0          0          0         84   __printf.o
         0          0          0          0          0          0   __rtentry.o
        12          0          0          0          0          0   __rtentry2.o
         6          0          0          0          0          0   __rtentry4.o
        52          8          0          0          0          0   __scatter.o
        28          0          0          0          0          0   __scatter_zi.o
        48          6          0          0          0         96   _printf_char_common.o
         6          0          0          0          0          0   _printf_d.o
       120         16          0          0          0         92   _printf_dec.o
       178          0          0          0          0         88   _printf_intcommon.o
         0          0          0          0          0          0   _printf_percent.o
         4          0          0          0          0          0   _printf_percent_end.o
        10          0          0          0          0         68   _sputc.o
        10          0          0          0          0         68   defsig_exit.o
        50          0          0          0          0         88   defsig_general.o
        80         58          0          0          0         76   defsig_rtmem_inner.o
        14          0          0          0          0         80   defsig_rtmem_outer.o
        18          0          0          0          0         80   exit.o
        94          0          0          0          0         80   h1_alloc.o
        52          0          0          0          0         68   h1_extend.o
        78          0          0          0          0         80   h1_free.o
        14          0          0          0          0         84   h1_init.o
         6          0          0          0          0        152   heapauxi.o
         4          0          0          0          0        136   hguard.o
         0          0          0          0          0          0   indicate_semi.o
       138          0          0          0          0        168   init_alloc.o
         2          0          0          0          0          0   libinit.o
        14          0          0          0          0          0   libinit2.o
         2          0          0          0          0          0   libshutdown.o
         2          0          0          0          0          0   libshutdown2.o
         8          4          0          0         96         68   libspace.o
       238          0          0          0          0        100   lludivv7m.o
         0          0          0          0          0          0   maybetermalloc1.o
        40          6          0          0          0         84   noretval__2sprintf.o
         8          4          0          0          0         68   rt_heap_descriptor_intlibspace.o
        78          0          0          0          0         80   rt_memclr_w.o
       100          0          0          0          0         80   rt_memcpy_w.o
         2          0          0          0          0          0   rtexit.o
        10          0          0          0          0          0   rtexit2.o
        12          4          0          0          0         68   sys_exit.o
        74          0          0          0          0         80   sys_stackheap_outer.o
        14          0          0          0          0         76   sys_wrch.o
         2          0          0          0          0         68   use_no_semi.o
        10          0          0          0          0        116   fpinit.o

    ----------------------------------------------------------------------
      1850        106          0          0        100       2544   Library Totals
        10          0          0          0          4          0   (incl. Padding)

    ----------------------------------------------------------------------

      Code (inc. data)   RO Data    RW Data    ZI Data      Debug   Library Name

      1830        106          0          0         96       2428   c_w.l
        10          0          0          0          0        116   fz_wv.l

    ----------------------------------------------------------------------
      1850        106          0          0        100       2544   Library Totals

    ----------------------------------------------------------------------

==============================================================================


      Code (inc. data)   RO Data    RW Data    ZI Data      Debug   

     28822       1642        714        396      12452    1529431   Grand Totals
     28822       1642        714        196      12452    1529431   ELF Image Totals (compressed)
     28822       1642        714        196          0          0   ROM Totals

==============================================================================

    Total RO  Size (Code + RO Data)                29536 (  28.84kB)
    Total RW  Size (RW Data + ZI Data)             12848 (  12.55kB)
    Total ROM Size (Code + RO Data + RW Data)      29732 (  29.04kB)

==============================================================================

