<html>
<body>
<pre>
<h1>µVision Build Log</h1>
<h2>Tool Versions:</h2>
IDE-Version: µVision V5.33.0.0
Copyright (C) 2020 ARM Ltd and ARM Germany GmbH. All rights reserved.
License Information: Chesney Buyle, chesney.buyle@kuleuven.be, LIC=----
 
Tool Versions:
Toolchain:       MDK-Lite  Version: 5.33.0.0
Toolchain Path:  C:\Keil_v5\ARM\ARMCC\Bin
C Compiler:      Armcc.exe V5.06 update 7 (build 960)
Assembler:       Armasm.exe V5.06 update 7 (build 960)
Linker/Locator:  ArmLink.exe V5.06 update 7 (build 960)
Library Manager: ArmAr.exe V5.06 update 7 (build 960)
Hex Converter:   FromElf.exe V5.06 update 7 (build 960)
CPU DLL:         SARMCM3.DLL V5.33.0.0
Dialog DLL:      DCM.DLL V1.17.3.0
Target DLL:      STLink\ST-LINKIII-KEIL_SWO.dll V3.0.8.0
Dialog DLL:      TCM.DLL V1.48.0.0
 
<h2>Project:</h2>
C:\Users\Chesney\Downloads\PhD_Main_v2-master\MDK-ARM\PhD_Main_v2.uvprojx
Project File Date:  05/18/2021

<h2>Output:</h2>
*** Using Compiler 'V5.06 update 7 (build 960)', folder: 'C:\Keil_v5\ARM\ARMCC\Bin'
Build target 'PhD_Main_v2'
compiling main.c...
../Src/main.c(175): warning:  #167-D: argument of type "uint8_t *" is incompatible with parameter of type "char *__restrict__"
  				sprintf(resp, "OK DEV(%d)\n", dev);
../Src/main.c(198): warning:  #167-D: argument of type "uint8_t *" is incompatible with parameter of type "char *__restrict__"
  				sprintf(resp, "OK DEV(%d)\n", dev);
../Src/main.c(190): warning:  #177-D: variable "frequency"  was declared but never referenced
  				uint16_t frequency = dataBuffer[FREQ_MSB_PAYLOAD_OFFSET] << 8 | dataBuffer[FREQ_LSB_PAYLOAD_OFFSET];
../Src/main.c(191): warning:  #177-D: variable "phase"  was declared but never referenced
  				uint16_t phase = dataBuffer[PHASE_MSB_PAYLOAD_OFFSET] << 8 | dataBuffer[PHASE_LSB_PAYLOAD_OFFSET];
../Src/main.c(213): warning:  #167-D: argument of type "uint8_t *" is incompatible with parameter of type "char *__restrict__"
  				sprintf(resp, "OK DEV(%d)\n", dev);
../Src/main.c(206): warning:  #177-D: variable "phase"  was declared but never referenced
  				uint16_t phase = dataBuffer[PHASE_MSB_PAYLOAD_OFFSET] << 8 | dataBuffer[PHASE_LSB_PAYLOAD_OFFSET];
../Src/main.c(207): warning:  #177-D: variable "amplitude"  was declared but never referenced
  				uint16_t amplitude = dataBuffer[AMP_MSB_PAYLOAD_OFFSET] << 8 | dataBuffer[AMP_LSB_PAYLOAD_OFFSET];	
../Src/main.c(228): warning:  #167-D: argument of type "uint8_t *" is incompatible with parameter of type "char *__restrict__"
  				sprintf(resp, "OK DEV(%d)\n", dev);
../Src/main.c(220): warning:  #177-D: variable "frequency"  was declared but never referenced
  				uint16_t frequency = dataBuffer[FREQ_MSB_PAYLOAD_OFFSET] << 8 | dataBuffer[FREQ_LSB_PAYLOAD_OFFSET];
../Src/main.c(222): warning:  #177-D: variable "amplitude"  was declared but never referenced
  				uint16_t amplitude = dataBuffer[AMP_MSB_PAYLOAD_OFFSET] << 8 | dataBuffer[AMP_LSB_PAYLOAD_OFFSET];	
../Src/main.c: 10 warnings, 0 errors
linking...
Program Size: Code=28822 RO-data=714 RW-data=396 ZI-data=12452  
FromELF: creating hex file...
"PhD_Main_v2\PhD_Main_v2.axf" - 0 Error(s), 10 Warning(s).

<h2>Software Packages used:</h2>

Package Vendor: ARM
                http://www.keil.com/pack/ARM.CMSIS.5.7.0.pack
                ARM.CMSIS.5.7.0
                CMSIS (Cortex Microcontroller Software Interface Standard)
   * Component: CORE Version: 5.4.0

Package Vendor: Keil
                http://www.keil.com/pack/Keil.STM32H7xx_DFP.2.7.0.pack
                Keil.STM32H7xx_DFP.2.7.0
                STMicroelectronics STM32H7 Series Device Support and Examples

<h2>Collection of Component include folders:</h2>
  .\RTE\_PhD_Main_v2
  C:\Users\Chesney\AppData\Local\Arm\Packs\ARM\CMSIS\5.7.0\CMSIS\Core\Include
  C:\Users\Chesney\AppData\Local\Arm\Packs\Keil\STM32H7xx_DFP\2.7.0\Drivers\CMSIS\Device\ST\STM32H7xx\Include

<h2>Collection of Component Files used:</h2>

   * Component: ARM::CMSIS:CORE:5.4.0
Build Time Elapsed:  00:00:09
</pre>
</body>
</html>
