Archive member included to satisfy reference by file (symbol)

c:/users/chesn/appdata/roaming/gnu mcu eclipse/arm embedded gcc/xpack-arm-none-eabi-gcc-9.3.1-1.1/bin/../lib/gcc/arm-none-eabi/9.3.1/../../../../arm-none-eabi/lib/thumb/v7e-m+dp/hard\libc_nano.a(lib_a-exit.o)
                              c:/users/chesn/appdata/roaming/gnu mcu eclipse/arm embedded gcc/xpack-arm-none-eabi-gcc-9.3.1-1.1/bin/../lib/gcc/arm-none-eabi/9.3.1/../../../../arm-none-eabi/lib/thumb/v7e-m+dp/hard/crt0.o (exit)
c:/users/chesn/appdata/roaming/gnu mcu eclipse/arm embedded gcc/xpack-arm-none-eabi-gcc-9.3.1-1.1/bin/../lib/gcc/arm-none-eabi/9.3.1/../../../../arm-none-eabi/lib/thumb/v7e-m+dp/hard\libc_nano.a(lib_a-impure.o)
                              c:/users/chesn/appdata/roaming/gnu mcu eclipse/arm embedded gcc/xpack-arm-none-eabi-gcc-9.3.1-1.1/bin/../lib/gcc/arm-none-eabi/9.3.1/../../../../arm-none-eabi/lib/thumb/v7e-m+dp/hard\libc_nano.a(lib_a-exit.o) (_global_impure_ptr)
c:/users/chesn/appdata/roaming/gnu mcu eclipse/arm embedded gcc/xpack-arm-none-eabi-gcc-9.3.1-1.1/bin/../lib/gcc/arm-none-eabi/9.3.1/../../../../arm-none-eabi/lib/thumb/v7e-m+dp/hard\libc_nano.a(lib_a-init.o)
                              c:/users/chesn/appdata/roaming/gnu mcu eclipse/arm embedded gcc/xpack-arm-none-eabi-gcc-9.3.1-1.1/bin/../lib/gcc/arm-none-eabi/9.3.1/../../../../arm-none-eabi/lib/thumb/v7e-m+dp/hard/crt0.o (__libc_init_array)
c:/users/chesn/appdata/roaming/gnu mcu eclipse/arm embedded gcc/xpack-arm-none-eabi-gcc-9.3.1-1.1/bin/../lib/gcc/arm-none-eabi/9.3.1/../../../../arm-none-eabi/lib/thumb/v7e-m+dp/hard\libc_nano.a(lib_a-memset.o)
                              c:/users/chesn/appdata/roaming/gnu mcu eclipse/arm embedded gcc/xpack-arm-none-eabi-gcc-9.3.1-1.1/bin/../lib/gcc/arm-none-eabi/9.3.1/../../../../arm-none-eabi/lib/thumb/v7e-m+dp/hard/crt0.o (memset)
c:/users/chesn/appdata/roaming/gnu mcu eclipse/arm embedded gcc/xpack-arm-none-eabi-gcc-9.3.1-1.1/bin/../lib/gcc/arm-none-eabi/9.3.1/../../../../arm-none-eabi/lib/thumb/v7e-m+dp/hard\libnosys.a(_exit.o)
                              c:/users/chesn/appdata/roaming/gnu mcu eclipse/arm embedded gcc/xpack-arm-none-eabi-gcc-9.3.1-1.1/bin/../lib/gcc/arm-none-eabi/9.3.1/../../../../arm-none-eabi/lib/thumb/v7e-m+dp/hard\libc_nano.a(lib_a-exit.o) (_exit)
c:/users/chesn/appdata/roaming/gnu mcu eclipse/arm embedded gcc/xpack-arm-none-eabi-gcc-9.3.1-1.1/bin/../lib/gcc/arm-none-eabi/9.3.1/thumb/v7e-m+dp/hard\libgcc.a(_aeabi_uldivmod.o)
                              build/stm32h7xx_hal_uart.o (__aeabi_uldivmod)
c:/users/chesn/appdata/roaming/gnu mcu eclipse/arm embedded gcc/xpack-arm-none-eabi-gcc-9.3.1-1.1/bin/../lib/gcc/arm-none-eabi/9.3.1/thumb/v7e-m+dp/hard\libgcc.a(_udivmoddi4.o)
                              c:/users/chesn/appdata/roaming/gnu mcu eclipse/arm embedded gcc/xpack-arm-none-eabi-gcc-9.3.1-1.1/bin/../lib/gcc/arm-none-eabi/9.3.1/thumb/v7e-m+dp/hard\libgcc.a(_aeabi_uldivmod.o) (__udivmoddi4)
c:/users/chesn/appdata/roaming/gnu mcu eclipse/arm embedded gcc/xpack-arm-none-eabi-gcc-9.3.1-1.1/bin/../lib/gcc/arm-none-eabi/9.3.1/thumb/v7e-m+dp/hard\libgcc.a(_dvmd_tls.o)
                              c:/users/chesn/appdata/roaming/gnu mcu eclipse/arm embedded gcc/xpack-arm-none-eabi-gcc-9.3.1-1.1/bin/../lib/gcc/arm-none-eabi/9.3.1/thumb/v7e-m+dp/hard\libgcc.a(_aeabi_uldivmod.o) (__aeabi_ldiv0)

Allocating common symbols
Common symbol       size              file

hspi5               0x88              build/spi.o
huart3              0x8c              build/usart.o
hpcd_USB_OTG_FS     0x408             build/usb_otg.o
uwTick              0x4               build/stm32h7xx_hal.o
pFlash              0x1c              build/stm32h7xx_hal_flash.o
hspi3               0x88              build/spi.o
hspi4               0x88              build/spi.o
hspi1               0x88              build/spi.o

Discarded input sections

 .text          0x0000000000000000        0x0 c:/users/chesn/appdata/roaming/gnu mcu eclipse/arm embedded gcc/xpack-arm-none-eabi-gcc-9.3.1-1.1/bin/../lib/gcc/arm-none-eabi/9.3.1/thumb/v7e-m+dp/hard/crti.o
 .data          0x0000000000000000        0x0 c:/users/chesn/appdata/roaming/gnu mcu eclipse/arm embedded gcc/xpack-arm-none-eabi-gcc-9.3.1-1.1/bin/../lib/gcc/arm-none-eabi/9.3.1/thumb/v7e-m+dp/hard/crti.o
 .bss           0x0000000000000000        0x0 c:/users/chesn/appdata/roaming/gnu mcu eclipse/arm embedded gcc/xpack-arm-none-eabi-gcc-9.3.1-1.1/bin/../lib/gcc/arm-none-eabi/9.3.1/thumb/v7e-m+dp/hard/crti.o
 .text          0x0000000000000000        0x0 c:/users/chesn/appdata/roaming/gnu mcu eclipse/arm embedded gcc/xpack-arm-none-eabi-gcc-9.3.1-1.1/bin/../lib/gcc/arm-none-eabi/9.3.1/thumb/v7e-m+dp/hard/crtbegin.o
 .data          0x0000000000000000        0x0 c:/users/chesn/appdata/roaming/gnu mcu eclipse/arm embedded gcc/xpack-arm-none-eabi-gcc-9.3.1-1.1/bin/../lib/gcc/arm-none-eabi/9.3.1/thumb/v7e-m+dp/hard/crtbegin.o
[...]
Memory Configuration

Name             Origin             Length             Attributes
DTCMRAM          0x0000000020000000 0x0000000000020000 xrw
RAM_D1           0x0000000024000000 0x0000000000080000 xrw
RAM_D2           0x0000000030000000 0x0000000000048000 xrw
RAM_D3           0x0000000038000000 0x0000000000010000 xrw
ITCMRAM          0x0000000000000000 0x0000000000010000 xrw
FLASH            0x0000000008000000 0x0000000000200000 xr
*default*        0x0000000000000000 0xffffffffffffffff

Linker script and memory map

LOAD c:/users/chesn/appdata/roaming/gnu mcu eclipse/arm embedded gcc/xpack-arm-none-eabi-gcc-9.3.1-1.1/bin/../lib/gcc/arm-none-eabi/9.3.1/thumb/v7e-m+dp/hard/crti.o
LOAD c:/users/chesn/appdata/roaming/gnu mcu eclipse/arm embedded gcc/xpack-arm-none-eabi-gcc-9.3.1-1.1/bin/../lib/gcc/arm-none-eabi/9.3.1/thumb/v7e-m+dp/hard/crtbegin.o
LOAD c:/users/chesn/appdata/roaming/gnu mcu eclipse/arm embedded gcc/xpack-arm-none-eabi-gcc-9.3.1-1.1/bin/../lib/gcc/arm-none-eabi/9.3.1/../../../../arm-none-eabi/lib/thumb/v7e-m+dp/hard/crt0.o
LOAD build/main.o
LOAD build/gpio.o
LOAD build/spi.o
LOAD build/usart.o
LOAD build/usb_otg.o
LOAD build/stm32h7xx_it.o
LOAD build/stm32h7xx_hal_msp.o
LOAD build/stm32h7xx_hal_cortex.o
LOAD build/stm32h7xx_hal_spi.o
LOAD build/stm32h7xx_hal_spi_ex.o
LOAD build/stm32h7xx_hal_rcc.o
LOAD build/stm32h7xx_hal_rcc_ex.o
LOAD build/stm32h7xx_hal_flash.o
LOAD build/stm32h7xx_hal_flash_ex.o
LOAD build/stm32h7xx_hal_gpio.o
LOAD build/stm32h7xx_hal_hsem.o
LOAD build/stm32h7xx_hal_dma.o
LOAD build/stm32h7xx_hal_dma_ex.o
LOAD build/stm32h7xx_hal_mdma.o
LOAD build/stm32h7xx_hal_pwr.o
LOAD build/stm32h7xx_hal_pwr_ex.o
LOAD build/stm32h7xx_hal.o
LOAD build/stm32h7xx_hal_i2c.o
LOAD build/stm32h7xx_hal_i2c_ex.o
LOAD build/stm32h7xx_hal_exti.o
LOAD build/stm32h7xx_hal_tim.o
LOAD build/stm32h7xx_hal_tim_ex.o
LOAD build/stm32h7xx_hal_uart.o
LOAD build/stm32h7xx_hal_uart_ex.o
LOAD build/stm32h7xx_hal_pcd.o
LOAD build/stm32h7xx_hal_pcd_ex.o
LOAD build/stm32h7xx_ll_usb.o
LOAD build/system_stm32h7xx.o
LOAD build/startup_stm32h743xx.o
LOAD c:/users/chesn/appdata/roaming/gnu mcu eclipse/arm embedded gcc/xpack-arm-none-eabi-gcc-9.3.1-1.1/bin/../lib/gcc/arm-none-eabi/9.3.1/../../../../arm-none-eabi/lib/thumb/v7e-m+dp/hard\libc_nano.a
LOAD c:/users/chesn/appdata/roaming/gnu mcu eclipse/arm embedded gcc/xpack-arm-none-eabi-gcc-9.3.1-1.1/bin/../lib/gcc/arm-none-eabi/9.3.1/../../../../arm-none-eabi/lib/thumb/v7e-m+dp/hard\libm.a
LOAD c:/users/chesn/appdata/roaming/gnu mcu eclipse/arm embedded gcc/xpack-arm-none-eabi-gcc-9.3.1-1.1/bin/../lib/gcc/arm-none-eabi/9.3.1/../../../../arm-none-eabi/lib/thumb/v7e-m+dp/hard\libnosys.a
START GROUP
LOAD c:/users/chesn/appdata/roaming/gnu mcu eclipse/arm embedded gcc/xpack-arm-none-eabi-gcc-9.3.1-1.1/bin/../lib/gcc/arm-none-eabi/9.3.1/thumb/v7e-m+dp/hard\libgcc.a
LOAD c:/users/chesn/appdata/roaming/gnu mcu eclipse/arm embedded gcc/xpack-arm-none-eabi-gcc-9.3.1-1.1/bin/../lib/gcc/arm-none-eabi/9.3.1/../../../../arm-none-eabi/lib/thumb/v7e-m+dp/hard\libc_nano.a
END GROUP
START GROUP
LOAD c:/users/chesn/appdata/roaming/gnu mcu eclipse/arm embedded gcc/xpack-arm-none-eabi-gcc-9.3.1-1.1/bin/../lib/gcc/arm-none-eabi/9.3.1/thumb/v7e-m+dp/hard\libgcc.a
LOAD c:/users/chesn/appdata/roaming/gnu mcu eclipse/arm embedded gcc/xpack-arm-none-eabi-gcc-9.3.1-1.1/bin/../lib/gcc/arm-none-eabi/9.3.1/../../../../arm-none-eabi/lib/thumb/v7e-m+dp/hard\libc_nano.a
END GROUP
LOAD c:/users/chesn/appdata/roaming/gnu mcu eclipse/arm embedded gcc/xpack-arm-none-eabi-gcc-9.3.1-1.1/bin/../lib/gcc/arm-none-eabi/9.3.1/thumb/v7e-m+dp/hard/crtend.o
LOAD c:/users/chesn/appdata/roaming/gnu mcu eclipse/arm embedded gcc/xpack-arm-none-eabi-gcc-9.3.1-1.1/bin/../lib/gcc/arm-none-eabi/9.3.1/thumb/v7e-m+dp/hard/crtn.o
                0x0000000020020000                _estack = 0x20020000
                0x0000000000000200                _Min_Heap_Size = 0x200
                0x0000000000000400                _Min_Stack_Size = 0x400

.isr_vector     0x0000000008000000      0x298
                0x0000000008000000                . = ALIGN (0x4)
 *(.isr_vector)
 .isr_vector    0x0000000008000000      0x298 build/startup_stm32h743xx.o
                0x0000000008000000                g_pfnVectors
                0x0000000008000298                . = ALIGN (0x4)

.text           0x0000000008000298     0x4b64
                0x0000000008000298                . = ALIGN (0x4)
 *(.text)
 .text          0x0000000008000298       0x30 c:/users/chesn/appdata/roaming/gnu mcu eclipse/arm embedded gcc/xpack-arm-none-eabi-gcc-9.3.1-1.1/bin/../lib/gcc/arm-none-eabi/9.3.1/thumb/v7e-m+dp/hard\libgcc.a(_aeabi_uldivmod.o)
                0x0000000008000298                __aeabi_uldivmod
 .text          0x00000000080002c8        0x4 c:/users/chesn/appdata/roaming/gnu mcu eclipse/arm embedded gcc/xpack-arm-none-eabi-gcc-9.3.1-1.1/bin/../lib/gcc/arm-none-eabi/9.3.1/thumb/v7e-m+dp/hard\libgcc.a(_dvmd_tls.o)
                0x00000000080002c8                __aeabi_idiv0
                0x00000000080002c8                __aeabi_ldiv0
 *(.text*)
 .text.__do_global_dtors_aux
                0x00000000080002cc       0x24 c:/users/chesn/appdata/roaming/gnu mcu eclipse/arm embedded gcc/xpack-arm-none-eabi-gcc-9.3.1-1.1/bin/../lib/gcc/arm-none-eabi/9.3.1/thumb/v7e-m+dp/hard/crtbegin.o
 .text.frame_dummy
                0x00000000080002f0       0x1c c:/users/chesn/appdata/roaming/gnu mcu eclipse/arm embedded gcc/xpack-arm-none-eabi-gcc-9.3.1-1.1/bin/../lib/gcc/arm-none-eabi/9.3.1/thumb/v7e-m+dp/hard/crtbegin.o
 .text.SystemClock_Config
                0x000000000800030c       0xdc build/main.o
                0x000000000800030c                SystemClock_Config
 .text.main     0x00000000080003e8       0x28 build/main.o
                0x00000000080003e8                main
 .text.Error_Handler
                0x0000000008000410        0x2 build/main.o
                0x0000000008000410                Error_Handler
 *fill*         0x0000000008000412        0x2 
 .text.MX_GPIO_Init
                0x0000000008000414      0x298 build/gpio.o
                0x0000000008000414                MX_GPIO_Init
 .text.MX_SPI1_Init
                0x00000000080006ac       0x5c build/spi.o
                0x00000000080006ac                MX_SPI1_Init
 .text.MX_SPI3_Init
                0x0000000008000708       0x5c build/spi.o
                0x0000000008000708                MX_SPI3_Init
 .text.MX_SPI4_Init
                0x0000000008000764       0x5c build/spi.o
                0x0000000008000764                MX_SPI4_Init
 .text.MX_SPI5_Init
                0x00000000080007c0       0x5c build/spi.o
                0x00000000080007c0                MX_SPI5_Init
 .text.HAL_SPI_MspInit
                0x000000000800081c      0x224 build/spi.o
                0x000000000800081c                HAL_SPI_MspInit
 .text.MX_USART3_UART_Init
                0x0000000008000a40       0x68 build/usart.o
                0x0000000008000a40                MX_USART3_UART_Init
 .text.HAL_UART_MspInit
                0x0000000008000aa8       0x7c build/usart.o
                0x0000000008000aa8                HAL_UART_MspInit
 .text.MX_USB_OTG_FS_PCD_Init
                0x0000000008000b24       0x3c build/usb_otg.o
                0x0000000008000b24                MX_USB_OTG_FS_PCD_Init
 .text.HAL_PCD_MspInit
                0x0000000008000b60       0x8c build/usb_otg.o
                0x0000000008000b60                HAL_PCD_MspInit
 .text.NMI_Handler
                0x0000000008000bec        0x2 build/stm32h7xx_it.o
                0x0000000008000bec                NMI_Handler
 .text.HardFault_Handler
                0x0000000008000bee        0x2 build/stm32h7xx_it.o
                0x0000000008000bee                HardFault_Handler
 .text.MemManage_Handler
                0x0000000008000bf0        0x2 build/stm32h7xx_it.o
                0x0000000008000bf0                MemManage_Handler
 .text.BusFault_Handler
                0x0000000008000bf2        0x2 build/stm32h7xx_it.o
                0x0000000008000bf2                BusFault_Handler
 .text.UsageFault_Handler
                0x0000000008000bf4        0x2 build/stm32h7xx_it.o
                0x0000000008000bf4                UsageFault_Handler
 .text.SVC_Handler
                0x0000000008000bf6        0x2 build/stm32h7xx_it.o
                0x0000000008000bf6                SVC_Handler
 .text.DebugMon_Handler
                0x0000000008000bf8        0x2 build/stm32h7xx_it.o
                0x0000000008000bf8                DebugMon_Handler
 .text.PendSV_Handler
                0x0000000008000bfa        0x2 build/stm32h7xx_it.o
                0x0000000008000bfa                PendSV_Handler
 .text.SysTick_Handler
                0x0000000008000bfc        0x8 build/stm32h7xx_it.o
                0x0000000008000bfc                SysTick_Handler
 .text.HAL_MspInit
                0x0000000008000c04       0x24 build/stm32h7xx_hal_msp.o
                0x0000000008000c04                HAL_MspInit
 .text.HAL_NVIC_SetPriorityGrouping
                0x0000000008000c28       0x24 build/stm32h7xx_hal_cortex.o
                0x0000000008000c28                HAL_NVIC_SetPriorityGrouping
 .text.HAL_NVIC_SetPriority
                0x0000000008000c4c       0x64 build/stm32h7xx_hal_cortex.o
                0x0000000008000c4c                HAL_NVIC_SetPriority
 .text.HAL_SYSTICK_Config
                0x0000000008000cb0       0x2c build/stm32h7xx_hal_cortex.o
                0x0000000008000cb0                HAL_SYSTICK_Config
 .text.SPI_GetPacketSize
                0x0000000008000cdc       0x10 build/stm32h7xx_hal_spi.o
 .text.HAL_SPI_Init
                0x0000000008000cec      0x150 build/stm32h7xx_hal_spi.o
                0x0000000008000cec                HAL_SPI_Init
 .text.HAL_RCC_OscConfig
                0x0000000008000e3c      0x5f4 build/stm32h7xx_hal_rcc.o
                0x0000000008000e3c                HAL_RCC_OscConfig
 .text.HAL_RCC_GetSysClockFreq
                0x0000000008001430      0x1f4 build/stm32h7xx_hal_rcc.o
                0x0000000008001430                HAL_RCC_GetSysClockFreq
 .text.HAL_RCC_ClockConfig
                0x0000000008001624      0x294 build/stm32h7xx_hal_rcc.o
                0x0000000008001624                HAL_RCC_ClockConfig
 .text.HAL_RCC_GetHCLKFreq
                0x00000000080018b8       0x44 build/stm32h7xx_hal_rcc.o
                0x00000000080018b8                HAL_RCC_GetHCLKFreq
 .text.HAL_RCC_GetPCLK1Freq
                0x00000000080018fc       0x24 build/stm32h7xx_hal_rcc.o
                0x00000000080018fc                HAL_RCC_GetPCLK1Freq
 .text.HAL_RCC_GetPCLK2Freq
                0x0000000008001920       0x24 build/stm32h7xx_hal_rcc.o
                0x0000000008001920                HAL_RCC_GetPCLK2Freq
 .text.RCCEx_PLL2_Config
                0x0000000008001944      0x10c build/stm32h7xx_hal_rcc_ex.o
 .text.RCCEx_PLL3_Config
                0x0000000008001a50      0x10c build/stm32h7xx_hal_rcc_ex.o
 .text.HAL_RCCEx_PeriphCLKConfig
                0x0000000008001b5c      0x994 build/stm32h7xx_hal_rcc_ex.o
                0x0000000008001b5c                HAL_RCCEx_PeriphCLKConfig
 .text.HAL_RCCEx_GetD3PCLK1Freq
                0x00000000080024f0       0x24 build/stm32h7xx_hal_rcc_ex.o
                0x00000000080024f0                HAL_RCCEx_GetD3PCLK1Freq
 .text.HAL_RCCEx_GetPLL2ClockFreq
                0x0000000008002514      0x1fc build/stm32h7xx_hal_rcc_ex.o
                0x0000000008002514                HAL_RCCEx_GetPLL2ClockFreq
 .text.HAL_RCCEx_GetPLL3ClockFreq
                0x0000000008002710      0x1fc build/stm32h7xx_hal_rcc_ex.o
                0x0000000008002710                HAL_RCCEx_GetPLL3ClockFreq
 .text.HAL_GPIO_Init
                0x000000000800290c      0x1e4 build/stm32h7xx_hal_gpio.o
                0x000000000800290c                HAL_GPIO_Init
 .text.HAL_GPIO_WritePin
                0x0000000008002af0        0xc build/stm32h7xx_hal_gpio.o
                0x0000000008002af0                HAL_GPIO_WritePin
 .text.HAL_PWREx_ConfigSupply
                0x0000000008002afc       0x54 build/stm32h7xx_hal_pwr_ex.o
                0x0000000008002afc                HAL_PWREx_ConfigSupply
 .text.HAL_PWREx_EnableUSBVoltageDetector
                0x0000000008002b50       0x10 build/stm32h7xx_hal_pwr_ex.o
                0x0000000008002b50                HAL_PWREx_EnableUSBVoltageDetector
 .text.HAL_InitTick
                0x0000000008002b60       0x50 build/stm32h7xx_hal.o
                0x0000000008002b60                HAL_InitTick
 .text.HAL_Init
                0x0000000008002bb0       0x5c build/stm32h7xx_hal.o
                0x0000000008002bb0                HAL_Init
 .text.HAL_IncTick
                0x0000000008002c0c       0x18 build/stm32h7xx_hal.o
                0x0000000008002c0c                HAL_IncTick
 .text.HAL_GetTick
                0x0000000008002c24        0xc build/stm32h7xx_hal.o
                0x0000000008002c24                HAL_GetTick
 .text.HAL_Delay
                0x0000000008002c30       0x28 build/stm32h7xx_hal.o
                0x0000000008002c30                HAL_Delay
 .text.HAL_GetREVID
                0x0000000008002c58        0xc build/stm32h7xx_hal.o
                0x0000000008002c58                HAL_GetREVID
 .text.UART_SetConfig
                0x0000000008002c64     0x159c build/stm32h7xx_hal_uart.o
                0x0000000008002c64                UART_SetConfig
 .text.UART_AdvFeatureConfig
                0x0000000008004200       0xca build/stm32h7xx_hal_uart.o
                0x0000000008004200                UART_AdvFeatureConfig
 .text.UART_WaitOnFlagUntilTimeout
                0x00000000080042ca       0xac build/stm32h7xx_hal_uart.o
                0x00000000080042ca                UART_WaitOnFlagUntilTimeout
 .text.UART_CheckIdleState
                0x0000000008004376       0x72 build/stm32h7xx_hal_uart.o
                0x0000000008004376                UART_CheckIdleState
 .text.HAL_UART_Init
                0x00000000080043e8       0x66 build/stm32h7xx_hal_uart.o
                0x00000000080043e8                HAL_UART_Init
 *fill*         0x000000000800444e        0x2 
 .text.UARTEx_SetNbDataToProcess
                0x0000000008004450       0x70 build/stm32h7xx_hal_uart_ex.o
 .text.HAL_UARTEx_DisableFifoMode
                0x00000000080044c0       0x3e build/stm32h7xx_hal_uart_ex.o
                0x00000000080044c0                HAL_UARTEx_DisableFifoMode
 .text.HAL_UARTEx_SetTxFifoThreshold
                0x00000000080044fe       0x4a build/stm32h7xx_hal_uart_ex.o
                0x00000000080044fe                HAL_UARTEx_SetTxFifoThreshold
 .text.HAL_UARTEx_SetRxFifoThreshold
                0x0000000008004548       0x4a build/stm32h7xx_hal_uart_ex.o
                0x0000000008004548                HAL_UARTEx_SetRxFifoThreshold
 .text.HAL_PCD_Init
                0x0000000008004592      0x134 build/stm32h7xx_hal_pcd.o
                0x0000000008004592                HAL_PCD_Init
 *fill*         0x00000000080046c6        0x2 
 .text.HAL_PCDEx_ActivateLPM
                0x00000000080046c8       0x28 build/stm32h7xx_hal_pcd_ex.o
                0x00000000080046c8                HAL_PCDEx_ActivateLPM
 .text.USB_CoreReset
                0x00000000080046f0       0x3c build/stm32h7xx_ll_usb.o
 .text.USB_CoreInit
                0x000000000800472c       0x8c build/stm32h7xx_ll_usb.o
                0x000000000800472c                USB_CoreInit
 .text.USB_DisableGlobalInt
                0x00000000080047b8        0xc build/stm32h7xx_ll_usb.o
                0x00000000080047b8                USB_DisableGlobalInt
 .text.USB_SetCurrentMode
                0x00000000080047c4       0x30 build/stm32h7xx_ll_usb.o
                0x00000000080047c4                USB_SetCurrentMode
 .text.USB_FlushTxFifo
                0x00000000080047f4       0x28 build/stm32h7xx_ll_usb.o
                0x00000000080047f4                USB_FlushTxFifo
 .text.USB_FlushRxFifo
                0x000000000800481c       0x24 build/stm32h7xx_ll_usb.o
                0x000000000800481c                USB_FlushRxFifo
 .text.USB_SetDevSpeed
                0x0000000008004840        0xe build/stm32h7xx_ll_usb.o
                0x0000000008004840                USB_SetDevSpeed
 *fill*         0x000000000800484e        0x2 
 .text.USB_DevInit
                0x0000000008004850      0x190 build/stm32h7xx_ll_usb.o
                0x0000000008004850                USB_DevInit
 .text.USB_DevDisconnect
                0x00000000080049e0       0x18 build/stm32h7xx_ll_usb.o
                0x00000000080049e0                USB_DevDisconnect
 .text.SystemInit
                0x00000000080049f8       0x7c build/system_stm32h7xx.o
                0x00000000080049f8                SystemInit
 .text.Reset_Handler
                0x0000000008004a74       0x50 build/startup_stm32h743xx.o
                0x0000000008004a74                Reset_Handler
 .text.Default_Handler
                0x0000000008004ac4        0x2 build/startup_stm32h743xx.o
                0x0000000008004ac4                RTC_Alarm_IRQHandler
                0x0000000008004ac4                EXTI2_IRQHandler
                0x0000000008004ac4                TIM8_CC_IRQHandler
                0x0000000008004ac4                HRTIM1_Master_IRQHandler
                0x0000000008004ac4                UART8_IRQHandler
                0x0000000008004ac4                SPI4_IRQHandler
                0x0000000008004ac4                TIM1_CC_IRQHandler
                0x0000000008004ac4                BDMA_Channel6_IRQHandler
                0x0000000008004ac4                DMA2_Stream5_IRQHandler
                0x0000000008004ac4                HRTIM1_FLT_IRQHandler
                0x0000000008004ac4                JPEG_IRQHandler
                0x0000000008004ac4                DMA1_Stream5_IRQHandler
                0x0000000008004ac4                BDMA_Channel1_IRQHandler
                0x0000000008004ac4                HRTIM1_TIMD_IRQHandler
                0x0000000008004ac4                TAMP_STAMP_IRQHandler
                0x0000000008004ac4                EXTI3_IRQHandler
                0x0000000008004ac4                LPTIM4_IRQHandler
                0x0000000008004ac4                TIM8_TRG_COM_TIM14_IRQHandler
                0x0000000008004ac4                LPTIM2_IRQHandler
                0x0000000008004ac4                DFSDM1_FLT1_IRQHandler
                0x0000000008004ac4                DMAMUX2_OVR_IRQHandler
                0x0000000008004ac4                TIM8_UP_TIM13_IRQHandler
                0x0000000008004ac4                I2C3_ER_IRQHandler
                0x0000000008004ac4                DFSDM1_FLT2_IRQHandler
                0x0000000008004ac4                MDMA_IRQHandler
                0x0000000008004ac4                LPTIM3_IRQHandler
                0x0000000008004ac4                HSEM1_IRQHandler
                0x0000000008004ac4                EXTI0_IRQHandler
                0x0000000008004ac4                I2C2_EV_IRQHandler
                0x0000000008004ac4                DMA1_Stream2_IRQHandler
                0x0000000008004ac4                FPU_IRQHandler
                0x0000000008004ac4                OTG_HS_WKUP_IRQHandler
                0x0000000008004ac4                FDCAN1_IT1_IRQHandler
                0x0000000008004ac4                LTDC_ER_IRQHandler
                0x0000000008004ac4                DMA2_Stream2_IRQHandler
                0x0000000008004ac4                HRTIM1_TIME_IRQHandler
                0x0000000008004ac4                SPI1_IRQHandler
                0x0000000008004ac4                TIM6_DAC_IRQHandler
                0x0000000008004ac4                DCMI_IRQHandler
                0x0000000008004ac4                HRTIM1_TIMC_IRQHandler
                0x0000000008004ac4                DMA2_Stream3_IRQHandler
                0x0000000008004ac4                SAI2_IRQHandler
                0x0000000008004ac4                DFSDM1_FLT3_IRQHandler
                0x0000000008004ac4                USART6_IRQHandler
                0x0000000008004ac4                TIM17_IRQHandler
                0x0000000008004ac4                USART3_IRQHandler
                0x0000000008004ac4                BDMA_Channel7_IRQHandler
                0x0000000008004ac4                LPTIM5_IRQHandler
                0x0000000008004ac4                UART5_IRQHandler
                0x0000000008004ac4                ADC3_IRQHandler
                0x0000000008004ac4                DMA2_Stream0_IRQHandler
                0x0000000008004ac4                TIM4_IRQHandler
                0x0000000008004ac4                BDMA_Channel2_IRQHandler
                0x0000000008004ac4                QUADSPI_IRQHandler
                0x0000000008004ac4                I2C1_EV_IRQHandler
                0x0000000008004ac4                DMA1_Stream6_IRQHandler
                0x0000000008004ac4                DMAMUX1_OVR_IRQHandler
                0x0000000008004ac4                DMA1_Stream1_IRQHandler
                0x0000000008004ac4                TIM16_IRQHandler
                0x0000000008004ac4                UART4_IRQHandler
                0x0000000008004ac4                BDMA_Channel5_IRQHandler
                0x0000000008004ac4                TIM3_IRQHandler
                0x0000000008004ac4                RCC_IRQHandler
                0x0000000008004ac4                TIM8_BRK_TIM12_IRQHandler
                0x0000000008004ac4                TIM1_TRG_COM_IRQHandler
                0x0000000008004ac4                Default_Handler
                0x0000000008004ac4                ECC_IRQHandler
                0x0000000008004ac4                CEC_IRQHandler
                0x0000000008004ac4                EXTI15_10_IRQHandler
                0x0000000008004ac4                BDMA_Channel0_IRQHandler
                0x0000000008004ac4                ADC_IRQHandler
                0x0000000008004ac4                DMA1_Stream7_IRQHandler
                0x0000000008004ac4                HRTIM1_TIMA_IRQHandler
                0x0000000008004ac4                SPI5_IRQHandler
                0x0000000008004ac4                TIM7_IRQHandler
                0x0000000008004ac4                SDMMC1_IRQHandler
                0x0000000008004ac4                TIM5_IRQHandler
                0x0000000008004ac4                DMA2_Stream7_IRQHandler
                0x0000000008004ac4                TIM15_IRQHandler
                0x0000000008004ac4                PVD_AVD_IRQHandler
                0x0000000008004ac4                I2C3_EV_IRQHandler
                0x0000000008004ac4                EXTI9_5_IRQHandler
                0x0000000008004ac4                RTC_WKUP_IRQHandler
                0x0000000008004ac4                LTDC_IRQHandler
                0x0000000008004ac4                SAI3_IRQHandler
                0x0000000008004ac4                ETH_WKUP_IRQHandler
                0x0000000008004ac4                SPDIF_RX_IRQHandler
                0x0000000008004ac4                SPI2_IRQHandler
                0x0000000008004ac4                OTG_HS_EP1_IN_IRQHandler
                0x0000000008004ac4                DMA1_Stream0_IRQHandler
                0x0000000008004ac4                CRS_IRQHandler
                0x0000000008004ac4                EXTI4_IRQHandler
                0x0000000008004ac4                RNG_IRQHandler
                0x0000000008004ac4                HRTIM1_TIMB_IRQHandler
                0x0000000008004ac4                FDCAN2_IT1_IRQHandler
                0x0000000008004ac4                ETH_IRQHandler
                0x0000000008004ac4                TIM1_UP_IRQHandler
                0x0000000008004ac4                BDMA_Channel4_IRQHandler
                0x0000000008004ac4                OTG_HS_EP1_OUT_IRQHandler
                0x0000000008004ac4                WWDG_IRQHandler
                0x0000000008004ac4                SPI6_IRQHandler
                0x0000000008004ac4                MDIOS_IRQHandler
                0x0000000008004ac4                I2C4_EV_IRQHandler
                0x0000000008004ac4                FDCAN2_IT0_IRQHandler
                0x0000000008004ac4                LPUART1_IRQHandler
                0x0000000008004ac4                FDCAN1_IT0_IRQHandler
                0x0000000008004ac4                TIM2_IRQHandler
                0x0000000008004ac4                OTG_FS_WKUP_IRQHandler
                0x0000000008004ac4                OTG_HS_IRQHandler
                0x0000000008004ac4                DMA2D_IRQHandler
                0x0000000008004ac4                TIM1_BRK_IRQHandler
                0x0000000008004ac4                EXTI1_IRQHandler
                0x0000000008004ac4                SDMMC2_IRQHandler
                0x0000000008004ac4                OTG_FS_EP1_OUT_IRQHandler
                0x0000000008004ac4                BDMA_Channel3_IRQHandler
                0x0000000008004ac4                UART7_IRQHandler
                0x0000000008004ac4                MDIOS_WKUP_IRQHandler
                0x0000000008004ac4                USART2_IRQHandler
                0x0000000008004ac4                DFSDM1_FLT0_IRQHandler
                0x0000000008004ac4                SAI4_IRQHandler
                0x0000000008004ac4                I2C2_ER_IRQHandler
                0x0000000008004ac4                DMA2_Stream1_IRQHandler
                0x0000000008004ac4                FLASH_IRQHandler
                0x0000000008004ac4                DMA2_Stream4_IRQHandler
                0x0000000008004ac4                USART1_IRQHandler
                0x0000000008004ac4                OTG_FS_IRQHandler
                0x0000000008004ac4                SPI3_IRQHandler
                0x0000000008004ac4                WAKEUP_PIN_IRQHandler
                0x0000000008004ac4                DMA1_Stream4_IRQHandler
                0x0000000008004ac4                OTG_FS_EP1_IN_IRQHandler
                0x0000000008004ac4                I2C1_ER_IRQHandler
                0x0000000008004ac4                FMC_IRQHandler
                0x0000000008004ac4                FDCAN_CAL_IRQHandler
                0x0000000008004ac4                SWPMI1_IRQHandler
                0x0000000008004ac4                COMP1_IRQHandler
                0x0000000008004ac4                LPTIM1_IRQHandler
                0x0000000008004ac4                I2C4_ER_IRQHandler
                0x0000000008004ac4                DMA2_Stream6_IRQHandler
                0x0000000008004ac4                SAI1_IRQHandler
                0x0000000008004ac4                DMA1_Stream3_IRQHandler
 *fill*         0x0000000008004ac6        0x2 
 .text.__libc_init_array
                0x0000000008004ac8       0x48 c:/users/chesn/appdata/roaming/gnu mcu eclipse/arm embedded gcc/xpack-arm-none-eabi-gcc-9.3.1-1.1/bin/../lib/gcc/arm-none-eabi/9.3.1/../../../../arm-none-eabi/lib/thumb/v7e-m+dp/hard\libc_nano.a(lib_a-init.o)
                0x0000000008004ac8                __libc_init_array
 .text.memset   0x0000000008004b10       0x10 c:/users/chesn/appdata/roaming/gnu mcu eclipse/arm embedded gcc/xpack-arm-none-eabi-gcc-9.3.1-1.1/bin/../lib/gcc/arm-none-eabi/9.3.1/../../../../arm-none-eabi/lib/thumb/v7e-m+dp/hard\libc_nano.a(lib_a-memset.o)
                0x0000000008004b10                memset
 .text.__udivmoddi4
                0x0000000008004b20      0x2c4 c:/users/chesn/appdata/roaming/gnu mcu eclipse/arm embedded gcc/xpack-arm-none-eabi-gcc-9.3.1-1.1/bin/../lib/gcc/arm-none-eabi/9.3.1/thumb/v7e-m+dp/hard\libgcc.a(_udivmoddi4.o)
                0x0000000008004b20                __udivmoddi4
 *(.glue_7)
 .glue_7        0x0000000008004de4        0x0 linker stubs
 *(.glue_7t)
 .glue_7t       0x0000000008004de4        0x0 linker stubs
 *(.eh_frame)
 .eh_frame      0x0000000008004de4        0x0 c:/users/chesn/appdata/roaming/gnu mcu eclipse/arm embedded gcc/xpack-arm-none-eabi-gcc-9.3.1-1.1/bin/../lib/gcc/arm-none-eabi/9.3.1/thumb/v7e-m+dp/hard/crtbegin.o
 *(.init)
 .init          0x0000000008004de4        0x4 c:/users/chesn/appdata/roaming/gnu mcu eclipse/arm embedded gcc/xpack-arm-none-eabi-gcc-9.3.1-1.1/bin/../lib/gcc/arm-none-eabi/9.3.1/thumb/v7e-m+dp/hard/crti.o
                0x0000000008004de4                _init
 .init          0x0000000008004de8        0x8 c:/users/chesn/appdata/roaming/gnu mcu eclipse/arm embedded gcc/xpack-arm-none-eabi-gcc-9.3.1-1.1/bin/../lib/gcc/arm-none-eabi/9.3.1/thumb/v7e-m+dp/hard/crtn.o
 *(.fini)
 .fini          0x0000000008004df0        0x4 c:/users/chesn/appdata/roaming/gnu mcu eclipse/arm embedded gcc/xpack-arm-none-eabi-gcc-9.3.1-1.1/bin/../lib/gcc/arm-none-eabi/9.3.1/thumb/v7e-m+dp/hard/crti.o
                0x0000000008004df0                _fini
 .fini          0x0000000008004df4        0x8 c:/users/chesn/appdata/roaming/gnu mcu eclipse/arm embedded gcc/xpack-arm-none-eabi-gcc-9.3.1-1.1/bin/../lib/gcc/arm-none-eabi/9.3.1/thumb/v7e-m+dp/hard/crtn.o
                0x0000000008004dfc                . = ALIGN (0x4)
                0x0000000008004dfc                _etext = .

.vfp11_veneer   0x0000000008004dfc        0x0
 .vfp11_veneer  0x0000000008004dfc        0x0 linker stubs

.v4_bx          0x0000000008004dfc        0x0
 .v4_bx         0x0000000008004dfc        0x0 linker stubs

.iplt           0x0000000008004dfc        0x0
 .iplt          0x0000000008004dfc        0x0 c:/users/chesn/appdata/roaming/gnu mcu eclipse/arm embedded gcc/xpack-arm-none-eabi-gcc-9.3.1-1.1/bin/../lib/gcc/arm-none-eabi/9.3.1/thumb/v7e-m+dp/hard/crtbegin.o

.rodata         0x0000000008004dfc       0x24
                0x0000000008004dfc                . = ALIGN (0x4)
 *(.rodata)
 .rodata        0x0000000008004dfc        0x8 build/stm32h7xx_hal_uart_ex.o
 *(.rodata*)
 .rodata.UARTEx_SetNbDataToProcess.str1.4
                0x0000000008004e04        0x9 build/stm32h7xx_hal_uart_ex.o
 *fill*         0x0000000008004e0d        0x3 
 .rodata.D1CorePrescTable
                0x0000000008004e10       0x10 build/system_stm32h7xx.o
                0x0000000008004e10                D1CorePrescTable
                0x0000000008004e20                . = ALIGN (0x4)

.ARM.extab
 *(.ARM.extab* .gnu.linkonce.armextab.*)

.ARM            0x0000000008004e20        0x8
                0x0000000008004e20                __exidx_start = .
 *(.ARM.exidx*)
 .ARM.exidx.text.__udivmoddi4
                0x0000000008004e20        0x8 c:/users/chesn/appdata/roaming/gnu mcu eclipse/arm embedded gcc/xpack-arm-none-eabi-gcc-9.3.1-1.1/bin/../lib/gcc/arm-none-eabi/9.3.1/thumb/v7e-m+dp/hard\libgcc.a(_udivmoddi4.o)
                0x0000000008004e28                __exidx_end = .

.rel.dyn        0x0000000008004e28        0x0
 .rel.iplt      0x0000000008004e28        0x0 c:/users/chesn/appdata/roaming/gnu mcu eclipse/arm embedded gcc/xpack-arm-none-eabi-gcc-9.3.1-1.1/bin/../lib/gcc/arm-none-eabi/9.3.1/thumb/v7e-m+dp/hard/crtbegin.o

.preinit_array  0x0000000008004e28        0x0
                0x0000000008004e28                PROVIDE (__preinit_array_start = .)
 *(.preinit_array*)
                0x0000000008004e28                PROVIDE (__preinit_array_end = .)

.init_array     0x0000000008004e28        0x4
                0x0000000008004e28                PROVIDE (__init_array_start = .)
 *(SORT_BY_NAME(.init_array.*))
 *(.init_array*)
 .init_array    0x0000000008004e28        0x4 c:/users/chesn/appdata/roaming/gnu mcu eclipse/arm embedded gcc/xpack-arm-none-eabi-gcc-9.3.1-1.1/bin/../lib/gcc/arm-none-eabi/9.3.1/thumb/v7e-m+dp/hard/crtbegin.o
                0x0000000008004e2c                PROVIDE (__init_array_end = .)

.fini_array     0x0000000008004e2c        0x4
                [!provide]                        PROVIDE (__fini_array_start = .)
 *(SORT_BY_NAME(.fini_array.*))
 *(.fini_array*)
 .fini_array    0x0000000008004e2c        0x4 c:/users/chesn/appdata/roaming/gnu mcu eclipse/arm embedded gcc/xpack-arm-none-eabi-gcc-9.3.1-1.1/bin/../lib/gcc/arm-none-eabi/9.3.1/thumb/v7e-m+dp/hard/crtbegin.o
                [!provide]                        PROVIDE (__fini_array_end = .)
                0x0000000008004e30                _sidata = LOADADDR (.data)

.data           0x0000000020000000       0x10 load address 0x0000000008004e30
                0x0000000020000000                . = ALIGN (0x4)
                0x0000000020000000                _sdata = .
 *(.data)
 *(.data*)
 .data.uwTickFreq
                0x0000000020000000        0x1 build/stm32h7xx_hal.o
                0x0000000020000000                uwTickFreq
 *fill*         0x0000000020000001        0x3 
 .data.uwTickPrio
                0x0000000020000004        0x4 build/stm32h7xx_hal.o
                0x0000000020000004                uwTickPrio
 .data.SystemCoreClock
                0x0000000020000008        0x4 build/system_stm32h7xx.o
                0x0000000020000008                SystemCoreClock
 .data.SystemD2Clock
                0x000000002000000c        0x4 build/system_stm32h7xx.o
                0x000000002000000c                SystemD2Clock
                0x0000000020000010                . = ALIGN (0x4)
                0x0000000020000010                _edata = .

.igot.plt       0x0000000020000010        0x0 load address 0x0000000008004e40
 .igot.plt      0x0000000020000010        0x0 c:/users/chesn/appdata/roaming/gnu mcu eclipse/arm embedded gcc/xpack-arm-none-eabi-gcc-9.3.1-1.1/bin/../lib/gcc/arm-none-eabi/9.3.1/thumb/v7e-m+dp/hard/crtbegin.o
                0x0000000020000010                . = ALIGN (0x4)

.bss            0x0000000020000010      0x6d4 load address 0x0000000008004e40
                0x0000000020000010                _sbss = .
                0x0000000020000010                __bss_start__ = _sbss
 *(.bss)
 *(.bss*)
 .bss.completed.10277
                0x0000000020000010        0x1 c:/users/chesn/appdata/roaming/gnu mcu eclipse/arm embedded gcc/xpack-arm-none-eabi-gcc-9.3.1-1.1/bin/../lib/gcc/arm-none-eabi/9.3.1/thumb/v7e-m+dp/hard/crtbegin.o
 *fill*         0x0000000020000011        0x3 
 .bss.object.10282
                0x0000000020000014       0x18 c:/users/chesn/appdata/roaming/gnu mcu eclipse/arm embedded gcc/xpack-arm-none-eabi-gcc-9.3.1-1.1/bin/../lib/gcc/arm-none-eabi/9.3.1/thumb/v7e-m+dp/hard/crtbegin.o
 *(COMMON)
 COMMON         0x000000002000002c      0x220 build/spi.o
                0x000000002000002c                hspi5
                0x00000000200000b4                hspi3
                0x000000002000013c                hspi4
                0x00000000200001c4                hspi1
 COMMON         0x000000002000024c       0x8c build/usart.o
                0x000000002000024c                huart3
 COMMON         0x00000000200002d8      0x408 build/usb_otg.o
                0x00000000200002d8                hpcd_USB_OTG_FS
 COMMON         0x00000000200006e0        0x4 build/stm32h7xx_hal.o
                0x00000000200006e0                uwTick
                0x00000000200006e4                . = ALIGN (0x4)
                0x00000000200006e4                _ebss = .
                0x00000000200006e4                __bss_end__ = _ebss

._user_heap_stack
                0x00000000200006e4      0x604 load address 0x0000000008004e40
                0x00000000200006e8                . = ALIGN (0x8)
 *fill*         0x00000000200006e4        0x4 
                [!provide]                        PROVIDE (end = .)
                [!provide]                        PROVIDE (_end = .)
                0x00000000200008e8                . = (. + _Min_Heap_Size)
 *fill*         0x00000000200006e8      0x200 
                0x0000000020000ce8                . = (. + _Min_Stack_Size)
 *fill*         0x00000000200008e8      0x400 
                0x0000000020000ce8                . = ALIGN (0x8)

/DISCARD/
 libc.a(*)
 libm.a(*)
 libgcc.a(*)

.ARM.attributes
                0x0000000000000000       0x2e
 *(.ARM.attributes)
 .ARM.attributes
                0x0000000000000000       0x1e c:/users/chesn/appdata/roaming/gnu mcu eclipse/arm embedded gcc/xpack-arm-none-eabi-gcc-9.3.1-1.1/bin/../lib/gcc/arm-none-eabi/9.3.1/thumb/v7e-m+dp/hard/crti.o
 .ARM.attributes
                0x000000000000001e       0x32 c:/users/chesn/appdata/roaming/gnu mcu eclipse/arm embedded gcc/xpack-arm-none-eabi-gcc-9.3.1-1.1/bin/../lib/gcc/arm-none-eabi/9.3.1/thumb/v7e-m+dp/hard/crtbegin.o
 .ARM.attributes
                0x0000000000000050       0x32 build/main.o
 .ARM.attributes
                0x0000000000000082       0x32 build/gpio.o
 .ARM.attributes
                0x00000000000000b4       0x32 build/spi.o
 .ARM.attributes
                0x00000000000000e6       0x32 build/usart.o
 .ARM.attributes
                0x0000000000000118       0x32 build/usb_otg.o
 .ARM.attributes
                0x000000000000014a       0x32 build/stm32h7xx_it.o
 .ARM.attributes
                0x000000000000017c       0x32 build/stm32h7xx_hal_msp.o
 .ARM.attributes
                0x00000000000001ae       0x32 build/stm32h7xx_hal_cortex.o
 .ARM.attributes
                0x00000000000001e0       0x32 build/stm32h7xx_hal_spi.o
 .ARM.attributes
                0x0000000000000212       0x32 build/stm32h7xx_hal_rcc.o
 .ARM.attributes
                0x0000000000000244       0x32 build/stm32h7xx_hal_rcc_ex.o
 .ARM.attributes
                0x0000000000000276       0x32 build/stm32h7xx_hal_gpio.o
 .ARM.attributes
                0x00000000000002a8       0x32 build/stm32h7xx_hal_pwr_ex.o
 .ARM.attributes
                0x00000000000002da       0x32 build/stm32h7xx_hal.o
 .ARM.attributes
                0x000000000000030c       0x32 build/stm32h7xx_hal_uart.o
 .ARM.attributes
                0x000000000000033e       0x32 build/stm32h7xx_hal_uart_ex.o
 .ARM.attributes
                0x0000000000000370       0x32 build/stm32h7xx_hal_pcd.o
 .ARM.attributes
                0x00000000000003a2       0x32 build/stm32h7xx_hal_pcd_ex.o
 .ARM.attributes
                0x00000000000003d4       0x32 build/stm32h7xx_ll_usb.o
 .ARM.attributes
                0x0000000000000406       0x32 build/system_stm32h7xx.o
 .ARM.attributes
                0x0000000000000438       0x21 build/startup_stm32h743xx.o
 .ARM.attributes
                0x0000000000000459       0x32 c:/users/chesn/appdata/roaming/gnu mcu eclipse/arm embedded gcc/xpack-arm-none-eabi-gcc-9.3.1-1.1/bin/../lib/gcc/arm-none-eabi/9.3.1/../../../../arm-none-eabi/lib/thumb/v7e-m+dp/hard\libc_nano.a(lib_a-init.o)
 .ARM.attributes
                0x000000000000048b       0x32 c:/users/chesn/appdata/roaming/gnu mcu eclipse/arm embedded gcc/xpack-arm-none-eabi-gcc-9.3.1-1.1/bin/../lib/gcc/arm-none-eabi/9.3.1/../../../../arm-none-eabi/lib/thumb/v7e-m+dp/hard\libc_nano.a(lib_a-memset.o)
 .ARM.attributes
                0x00000000000004bd       0x1e c:/users/chesn/appdata/roaming/gnu mcu eclipse/arm embedded gcc/xpack-arm-none-eabi-gcc-9.3.1-1.1/bin/../lib/gcc/arm-none-eabi/9.3.1/thumb/v7e-m+dp/hard\libgcc.a(_aeabi_uldivmod.o)
 .ARM.attributes
                0x00000000000004db       0x32 c:/users/chesn/appdata/roaming/gnu mcu eclipse/arm embedded gcc/xpack-arm-none-eabi-gcc-9.3.1-1.1/bin/../lib/gcc/arm-none-eabi/9.3.1/thumb/v7e-m+dp/hard\libgcc.a(_udivmoddi4.o)
 .ARM.attributes
                0x000000000000050d       0x1e c:/users/chesn/appdata/roaming/gnu mcu eclipse/arm embedded gcc/xpack-arm-none-eabi-gcc-9.3.1-1.1/bin/../lib/gcc/arm-none-eabi/9.3.1/thumb/v7e-m+dp/hard\libgcc.a(_dvmd_tls.o)
 .ARM.attributes
                0x000000000000052b       0x1e c:/users/chesn/appdata/roaming/gnu mcu eclipse/arm embedded gcc/xpack-arm-none-eabi-gcc-9.3.1-1.1/bin/../lib/gcc/arm-none-eabi/9.3.1/thumb/v7e-m+dp/hard/crtn.o
OUTPUT(build/PhD_Main_v2.elf elf32-littlearm)
LOAD linker stubs
LOAD c:/users/chesn/appdata/roaming/gnu mcu eclipse/arm embedded gcc/xpack-arm-none-eabi-gcc-9.3.1-1.1/bin/../lib/gcc/arm-none-eabi/9.3.1/../../../../arm-none-eabi/lib/thumb/v7e-m+dp/hard\libc.a
LOAD c:/users/chesn/appdata/roaming/gnu mcu eclipse/arm embedded gcc/xpack-arm-none-eabi-gcc-9.3.1-1.1/bin/../lib/gcc/arm-none-eabi/9.3.1/../../../../arm-none-eabi/lib/thumb/v7e-m+dp/hard\libm.a
LOAD c:/users/chesn/appdata/roaming/gnu mcu eclipse/arm embedded gcc/xpack-arm-none-eabi-gcc-9.3.1-1.1/bin/../lib/gcc/arm-none-eabi/9.3.1/thumb/v7e-m+dp/hard\libgcc.a

.debug_info     0x0000000000000000    0x2676e
 .debug_info    0x0000000000000000     0x27d5 build/main.o
 .debug_info    0x00000000000027d5     0x15c6 build/gpio.o
 .debug_info    0x0000000000003d9b     0x1dfc build/spi.o
 .debug_info    0x0000000000005b97     0x1b07 build/usart.o
 .debug_info    0x000000000000769e     0x1908 build/usb_otg.o
 .debug_info    0x0000000000008fa6      0xd24 build/stm32h7xx_it.o
 .debug_info    0x0000000000009cca     0x10da build/stm32h7xx_hal_msp.o
 .debug_info    0x000000000000ada4     0x206e build/stm32h7xx_hal_cortex.o
 .debug_info    0x000000000000ce12     0x28d6 build/stm32h7xx_hal_spi.o
 .debug_info    0x000000000000f6e8     0x1ee9 build/stm32h7xx_hal_rcc.o
 .debug_info    0x00000000000115d1     0x2718 build/stm32h7xx_hal_rcc_ex.o
 .debug_info    0x0000000000013ce9     0x1a63 build/stm32h7xx_hal_gpio.o
 .debug_info    0x000000000001574c     0x1ec1 build/stm32h7xx_hal_pwr_ex.o
 .debug_info    0x000000000001760d     0x2416 build/stm32h7xx_hal.o
 .debug_info    0x0000000000019a23     0x3358 build/stm32h7xx_hal_uart.o
 .debug_info    0x000000000001cd7b     0x196b build/stm32h7xx_hal_uart_ex.o
 .debug_info    0x000000000001e6e6     0x26e9 build/stm32h7xx_hal_pcd.o
 .debug_info    0x0000000000020dcf     0x1643 build/stm32h7xx_hal_pcd_ex.o
 .debug_info    0x0000000000022412     0x2c82 build/stm32h7xx_ll_usb.o
 .debug_info    0x0000000000025094     0x16b8 build/system_stm32h7xx.o
 .debug_info    0x000000000002674c       0x22 build/startup_stm32h743xx.o

.debug_abbrev   0x0000000000000000     0x3f94
 .debug_abbrev  0x0000000000000000      0x2d3 build/main.o
 .debug_abbrev  0x00000000000002d3      0x266 build/gpio.o
 .debug_abbrev  0x0000000000000539      0x2e9 build/spi.o
 .debug_abbrev  0x0000000000000822      0x2a8 build/usart.o
 .debug_abbrev  0x0000000000000aca      0x2b7 build/usb_otg.o
 .debug_abbrev  0x0000000000000d81      0x22b build/stm32h7xx_it.o
 .debug_abbrev  0x0000000000000fac      0x22a build/stm32h7xx_hal_msp.o
 .debug_abbrev  0x00000000000011d6      0x493 build/stm32h7xx_hal_cortex.o
 .debug_abbrev  0x0000000000001669      0x3bf build/stm32h7xx_hal_spi.o
 .debug_abbrev  0x0000000000001a28      0x339 build/stm32h7xx_hal_rcc.o
 .debug_abbrev  0x0000000000001d61      0x37a build/stm32h7xx_hal_rcc_ex.o
 .debug_abbrev  0x00000000000020db      0x350 build/stm32h7xx_hal_gpio.o
 .debug_abbrev  0x000000000000242b      0x3a9 build/stm32h7xx_hal_pwr_ex.o
 .debug_abbrev  0x00000000000027d4      0x359 build/stm32h7xx_hal.o
 .debug_abbrev  0x0000000000002b2d      0x385 build/stm32h7xx_hal_uart.o
 .debug_abbrev  0x0000000000002eb2      0x346 build/stm32h7xx_hal_uart_ex.o
 .debug_abbrev  0x00000000000031f8      0x3b8 build/stm32h7xx_hal_pcd.o
 .debug_abbrev  0x00000000000035b0      0x371 build/stm32h7xx_hal_pcd_ex.o
 .debug_abbrev  0x0000000000003921      0x3fe build/stm32h7xx_ll_usb.o
 .debug_abbrev  0x0000000000003d1f      0x263 build/system_stm32h7xx.o
 .debug_abbrev  0x0000000000003f82       0x12 build/startup_stm32h743xx.o

.debug_loc      0x0000000000000000     0xd248
 .debug_loc     0x0000000000000000       0x59 build/main.o
 .debug_loc     0x0000000000000059       0x39 build/gpio.o
 .debug_loc     0x0000000000000092      0x218 build/spi.o
 .debug_loc     0x00000000000002aa      0x108 build/usart.o
 .debug_loc     0x00000000000003b2      0x108 build/usb_otg.o
 .debug_loc     0x00000000000004ba       0x20 build/stm32h7xx_it.o
 .debug_loc     0x00000000000004da       0x2c build/stm32h7xx_hal_msp.o
 .debug_loc     0x0000000000000506      0x7b6 build/stm32h7xx_hal_cortex.o
 .debug_loc     0x0000000000000cbc     0x2078 build/stm32h7xx_hal_spi.o
 .debug_loc     0x0000000000002d34      0xa8b build/stm32h7xx_hal_rcc.o
 .debug_loc     0x00000000000037bf     0x1aad build/stm32h7xx_hal_rcc_ex.o
 .debug_loc     0x000000000000526c      0x44b build/stm32h7xx_hal_gpio.o
 .debug_loc     0x00000000000056b7      0x5ba build/stm32h7xx_hal_pwr_ex.o
 .debug_loc     0x0000000000005c71      0x582 build/stm32h7xx_hal.o
 .debug_loc     0x00000000000061f3     0x292f build/stm32h7xx_hal_uart.o
 .debug_loc     0x0000000000008b22      0x6d6 build/stm32h7xx_hal_uart_ex.o
 .debug_loc     0x00000000000091f8     0x1516 build/stm32h7xx_hal_pcd.o
 .debug_loc     0x000000000000a70e      0x265 build/stm32h7xx_hal_pcd_ex.o
 .debug_loc     0x000000000000a973     0x272c build/stm32h7xx_ll_usb.o
 .debug_loc     0x000000000000d09f      0x1a9 build/system_stm32h7xx.o

.debug_aranges  0x0000000000000000      0xee0
 .debug_aranges
                0x0000000000000000       0x30 build/main.o
 .debug_aranges
                0x0000000000000030       0x20 build/gpio.o
 .debug_aranges
                0x0000000000000050       0x48 build/spi.o
 .debug_aranges
                0x0000000000000098       0x30 build/usart.o
 .debug_aranges
                0x00000000000000c8       0x30 build/usb_otg.o
 .debug_aranges
                0x00000000000000f8       0x60 build/stm32h7xx_it.o
 .debug_aranges
                0x0000000000000158       0x20 build/stm32h7xx_hal_msp.o
 .debug_aranges
                0x0000000000000178       0xb0 build/stm32h7xx_hal_cortex.o
 .debug_aranges
                0x0000000000000228      0x1a0 build/stm32h7xx_hal_spi.o
 .debug_aranges
                0x00000000000003c8       0x88 build/stm32h7xx_hal_rcc.o
 .debug_aranges
                0x0000000000000450       0xf8 build/stm32h7xx_hal_rcc_ex.o
 .debug_aranges
                0x0000000000000548       0x58 build/stm32h7xx_hal_gpio.o
 .debug_aranges
                0x00000000000005a0      0x158 build/stm32h7xx_hal_pwr_ex.o
 .debug_aranges
                0x00000000000006f8      0x1b8 build/stm32h7xx_hal.o
 .debug_aranges
                0x00000000000008b0      0x230 build/stm32h7xx_hal_uart.o
 .debug_aranges
                0x0000000000000ae0       0x88 build/stm32h7xx_hal_uart_ex.o
 .debug_aranges
                0x0000000000000b68      0x130 build/stm32h7xx_hal_pcd.o
 .debug_aranges
                0x0000000000000c98       0x60 build/stm32h7xx_hal_pcd_ex.o
 .debug_aranges
                0x0000000000000cf8      0x198 build/stm32h7xx_ll_usb.o
 .debug_aranges
                0x0000000000000e90       0x28 build/system_stm32h7xx.o
 .debug_aranges
                0x0000000000000eb8       0x28 build/startup_stm32h743xx.o

.debug_ranges   0x0000000000000000      0xe68
 .debug_ranges  0x0000000000000000       0x20 build/main.o
 .debug_ranges  0x0000000000000020       0x10 build/gpio.o
 .debug_ranges  0x0000000000000030       0x38 build/spi.o
 .debug_ranges  0x0000000000000068       0x20 build/usart.o
 .debug_ranges  0x0000000000000088       0x20 build/usb_otg.o
 .debug_ranges  0x00000000000000a8       0x50 build/stm32h7xx_it.o
 .debug_ranges  0x00000000000000f8       0x10 build/stm32h7xx_hal_msp.o
 .debug_ranges  0x0000000000000108      0x100 build/stm32h7xx_hal_cortex.o
 .debug_ranges  0x0000000000000208      0x190 build/stm32h7xx_hal_spi.o
 .debug_ranges  0x0000000000000398       0xe8 build/stm32h7xx_hal_rcc.o
 .debug_ranges  0x0000000000000480       0xe8 build/stm32h7xx_hal_rcc_ex.o
 .debug_ranges  0x0000000000000568       0x48 build/stm32h7xx_hal_gpio.o
 .debug_ranges  0x00000000000005b0      0x148 build/stm32h7xx_hal_pwr_ex.o
 .debug_ranges  0x00000000000006f8      0x1a8 build/stm32h7xx_hal.o
 .debug_ranges  0x00000000000008a0      0x220 build/stm32h7xx_hal_uart.o
 .debug_ranges  0x0000000000000ac0       0x78 build/stm32h7xx_hal_uart_ex.o
 .debug_ranges  0x0000000000000b38      0x120 build/stm32h7xx_hal_pcd.o
 .debug_ranges  0x0000000000000c58       0x50 build/stm32h7xx_hal_pcd_ex.o
 .debug_ranges  0x0000000000000ca8      0x188 build/stm32h7xx_ll_usb.o
 .debug_ranges  0x0000000000000e30       0x18 build/system_stm32h7xx.o
 .debug_ranges  0x0000000000000e48       0x20 build/startup_stm32h743xx.o

.debug_line     0x0000000000000000    0x122b5
 .debug_line    0x0000000000000000      0x5de build/main.o
 .debug_line    0x00000000000005de      0x584 build/gpio.o
 .debug_line    0x0000000000000b62      0x97f build/spi.o
 .debug_line    0x00000000000014e1      0x511 build/usart.o
 .debug_line    0x00000000000019f2      0x4fb build/usb_otg.o
 .debug_line    0x0000000000001eed      0x446 build/stm32h7xx_it.o
 .debug_line    0x0000000000002333      0x381 build/stm32h7xx_hal_msp.o
 .debug_line    0x00000000000026b4      0x96e build/stm32h7xx_hal_cortex.o
 .debug_line    0x0000000000003022     0x27cc build/stm32h7xx_hal_spi.o
 .debug_line    0x00000000000057ee     0x1336 build/stm32h7xx_hal_rcc.o
 .debug_line    0x0000000000006b24     0x1c79 build/stm32h7xx_hal_rcc_ex.o
 .debug_line    0x000000000000879d      0x8be build/stm32h7xx_hal_gpio.o
 .debug_line    0x000000000000905b      0xbca build/stm32h7xx_hal_pwr_ex.o
 .debug_line    0x0000000000009c25      0xacf build/stm32h7xx_hal.o
 .debug_line    0x000000000000a6f4     0x3476 build/stm32h7xx_hal_uart.o
 .debug_line    0x000000000000db6a      0x954 build/stm32h7xx_hal_uart_ex.o
 .debug_line    0x000000000000e4be     0x1516 build/stm32h7xx_hal_pcd.o
 .debug_line    0x000000000000f9d4      0x678 build/stm32h7xx_hal_pcd_ex.o
 .debug_line    0x000000000001004c     0x1c5e build/stm32h7xx_ll_usb.o
 .debug_line    0x0000000000011caa      0x598 build/system_stm32h7xx.o
 .debug_line    0x0000000000012242       0x73 build/startup_stm32h743xx.o

.debug_str      0x0000000000000000     0x5e00
 .debug_str     0x0000000000000000     0x18a6 build/main.o
                                       0x1a04 (size before relaxing)
 .debug_str     0x00000000000018a6      0x29a build/gpio.o
                                        0xafe (size before relaxing)
 .debug_str     0x0000000000001b40       0x53 build/spi.o
                                       0x1121 (size before relaxing)
 .debug_str     0x0000000000001b93       0xa0 build/usart.o
                                       0x10a8 (size before relaxing)
 .debug_str     0x0000000000001c33       0x56 build/usb_otg.o
                                        0xf0c (size before relaxing)
 .debug_str     0x0000000000001c89       0xaf build/stm32h7xx_it.o
                                        0x8ae (size before relaxing)
 .debug_str     0x0000000000001d38       0x24 build/stm32h7xx_hal_msp.o
                                        0xa4d (size before relaxing)
 .debug_str     0x0000000000001d5c      0xdc4 build/stm32h7xx_hal_cortex.o
                                       0x1683 (size before relaxing)
 .debug_str     0x0000000000002b20      0x556 build/stm32h7xx_hal_spi.o
                                       0x1398 (size before relaxing)
 .debug_str     0x0000000000003076      0x332 build/stm32h7xx_hal_rcc.o
                                       0x102e (size before relaxing)
 .debug_str     0x00000000000033a8      0x66b build/stm32h7xx_hal_rcc_ex.o
                                       0x151b (size before relaxing)
 .debug_str     0x0000000000003a13       0xf7 build/stm32h7xx_hal_gpio.o
                                        0xd34 (size before relaxing)
 .debug_str     0x0000000000003b0a      0x521 build/stm32h7xx_hal_pwr_ex.o
                                       0x1091 (size before relaxing)
 .debug_str     0x000000000000402b      0x62b build/stm32h7xx_hal.o
                                       0x1aca (size before relaxing)
 .debug_str     0x0000000000004656      0x817 build/stm32h7xx_hal_uart.o
                                       0x1986 (size before relaxing)
 .debug_str     0x0000000000004e6d      0x1d4 build/stm32h7xx_hal_uart_ex.o
                                       0x106a (size before relaxing)
 .debug_str     0x0000000000005041      0x78b build/stm32h7xx_hal_pcd.o
                                       0x13b9 (size before relaxing)
 .debug_str     0x00000000000057cc      0x1ac build/stm32h7xx_hal_pcd_ex.o
                                        0xe0a (size before relaxing)
 .debug_str     0x0000000000005978      0x42c build/stm32h7xx_ll_usb.o
                                       0x12f0 (size before relaxing)
 .debug_str     0x0000000000005da4       0x38 build/system_stm32h7xx.o
                                        0xc08 (size before relaxing)
 .debug_str     0x0000000000005ddc       0x24 build/startup_stm32h743xx.o
                                         0x58 (size before relaxing)

.comment        0x0000000000000000       0x43
 .comment       0x0000000000000000       0x43 build/main.o
                                         0x44 (size before relaxing)
 .comment       0x0000000000000043       0x44 build/gpio.o
 .comment       0x0000000000000043       0x44 build/spi.o
 .comment       0x0000000000000043       0x44 build/usart.o
 .comment       0x0000000000000043       0x44 build/usb_otg.o
 .comment       0x0000000000000043       0x44 build/stm32h7xx_it.o
 .comment       0x0000000000000043       0x44 build/stm32h7xx_hal_msp.o
 .comment       0x0000000000000043       0x44 build/stm32h7xx_hal_cortex.o
 .comment       0x0000000000000043       0x44 build/stm32h7xx_hal_spi.o
 .comment       0x0000000000000043       0x44 build/stm32h7xx_hal_rcc.o
 .comment       0x0000000000000043       0x44 build/stm32h7xx_hal_rcc_ex.o
 .comment       0x0000000000000043       0x44 build/stm32h7xx_hal_gpio.o
 .comment       0x0000000000000043       0x44 build/stm32h7xx_hal_pwr_ex.o
 .comment       0x0000000000000043       0x44 build/stm32h7xx_hal.o
 .comment       0x0000000000000043       0x44 build/stm32h7xx_hal_uart.o
 .comment       0x0000000000000043       0x44 build/stm32h7xx_hal_uart_ex.o
 .comment       0x0000000000000043       0x44 build/stm32h7xx_hal_pcd.o
 .comment       0x0000000000000043       0x44 build/stm32h7xx_hal_pcd_ex.o
 .comment       0x0000000000000043       0x44 build/stm32h7xx_ll_usb.o
 .comment       0x0000000000000043       0x44 build/system_stm32h7xx.o

.debug_frame    0x0000000000000000     0x25d4
 .debug_frame   0x0000000000000000       0x58 build/main.o
 .debug_frame   0x0000000000000058       0x40 build/gpio.o
 .debug_frame   0x0000000000000098       0xb0 build/spi.o
 .debug_frame   0x0000000000000148       0x60 build/usart.o
 .debug_frame   0x00000000000001a8       0x64 build/usb_otg.o
 .debug_frame   0x000000000000020c       0xa8 build/stm32h7xx_it.o
 .debug_frame   0x00000000000002b4       0x28 build/stm32h7xx_hal_msp.o
 .debug_frame   0x00000000000002dc      0x16c build/stm32h7xx_hal_cortex.o
 .debug_frame   0x0000000000000448      0x4b4 build/stm32h7xx_hal_spi.o
 .debug_frame   0x00000000000008fc      0x18c build/stm32h7xx_hal_rcc.o
 .debug_frame   0x0000000000000a88      0x284 build/stm32h7xx_hal_rcc_ex.o
 .debug_frame   0x0000000000000d0c       0xe4 build/stm32h7xx_hal_gpio.o
 .debug_frame   0x0000000000000df0      0x2f0 build/stm32h7xx_hal_pwr_ex.o
 .debug_frame   0x00000000000010e0      0x3c8 build/stm32h7xx_hal.o
 .debug_frame   0x00000000000014a8      0x62c build/stm32h7xx_hal_uart.o
 .debug_frame   0x0000000000001ad4      0x15c build/stm32h7xx_hal_uart_ex.o
 .debug_frame   0x0000000000001c30      0x364 build/stm32h7xx_hal_pcd.o
 .debug_frame   0x0000000000001f94       0xb8 build/stm32h7xx_hal_pcd_ex.o
 .debug_frame   0x000000000000204c      0x4a0 build/stm32h7xx_ll_usb.o
 .debug_frame   0x00000000000024ec       0x3c build/system_stm32h7xx.o
 .debug_frame   0x0000000000002528       0x2c c:/users/chesn/appdata/roaming/gnu mcu eclipse/arm embedded gcc/xpack-arm-none-eabi-gcc-9.3.1-1.1/bin/../lib/gcc/arm-none-eabi/9.3.1/../../../../arm-none-eabi/lib/thumb/v7e-m+dp/hard\libc_nano.a(lib_a-init.o)
 .debug_frame   0x0000000000002554       0x20 c:/users/chesn/appdata/roaming/gnu mcu eclipse/arm embedded gcc/xpack-arm-none-eabi-gcc-9.3.1-1.1/bin/../lib/gcc/arm-none-eabi/9.3.1/../../../../arm-none-eabi/lib/thumb/v7e-m+dp/hard\libc_nano.a(lib_a-memset.o)
 .debug_frame   0x0000000000002574       0x2c c:/users/chesn/appdata/roaming/gnu mcu eclipse/arm embedded gcc/xpack-arm-none-eabi-gcc-9.3.1-1.1/bin/../lib/gcc/arm-none-eabi/9.3.1/thumb/v7e-m+dp/hard\libgcc.a(_aeabi_uldivmod.o)
 .debug_frame   0x00000000000025a0       0x34 c:/users/chesn/appdata/roaming/gnu mcu eclipse/arm embedded gcc/xpack-arm-none-eabi-gcc-9.3.1-1.1/bin/../lib/gcc/arm-none-eabi/9.3.1/thumb/v7e-m+dp/hard\libgcc.a(_udivmoddi4.o)

Cross Reference Table

Symbol                                            File
ADC3_IRQHandler                                   build/startup_stm32h743xx.o
ADC_IRQHandler                                    build/startup_stm32h743xx.o
BDMA_Channel0_IRQHandler                          build/startup_stm32h743xx.o
BDMA_Channel1_IRQHandler                          build/startup_stm32h743xx.o
BDMA_Channel2_IRQHandler                          build/startup_stm32h743xx.o
BDMA_Channel3_IRQHandler                          build/startup_stm32h743xx.o
BDMA_Channel4_IRQHandler                          build/startup_stm32h743xx.o
BDMA_Channel5_IRQHandler                          build/startup_stm32h743xx.o
BDMA_Channel6_IRQHandler                          build/startup_stm32h743xx.o
BDMA_Channel7_IRQHandler                          build/startup_stm32h743xx.o
BusFault_Handler                                  build/stm32h7xx_it.o
CEC_IRQHandler                                    build/startup_stm32h743xx.o
COMP1_IRQHandler                                  build/startup_stm32h743xx.o
CRS_IRQHandler                                    build/startup_stm32h743xx.o
D1CorePrescTable                                  build/system_stm32h7xx.o
                                                  build/stm32h7xx_hal.o
                                                  build/stm32h7xx_hal_rcc_ex.o
                                                  build/stm32h7xx_hal_rcc.o
DCMI_IRQHandler                                   build/startup_stm32h743xx.o
DFSDM1_FLT0_IRQHandler                            build/startup_stm32h743xx.o
DFSDM1_FLT1_IRQHandler                            build/startup_stm32h743xx.o
DFSDM1_FLT2_IRQHandler                            build/startup_stm32h743xx.o
DFSDM1_FLT3_IRQHandler                            build/startup_stm32h743xx.o
DMA1_Stream0_IRQHandler                           build/startup_stm32h743xx.o
DMA1_Stream1_IRQHandler                           build/startup_stm32h743xx.o
DMA1_Stream2_IRQHandler                           build/startup_stm32h743xx.o
DMA1_Stream3_IRQHandler                           build/startup_stm32h743xx.o
DMA1_Stream4_IRQHandler                           build/startup_stm32h743xx.o
DMA1_Stream5_IRQHandler                           build/startup_stm32h743xx.o
DMA1_Stream6_IRQHandler                           build/startup_stm32h743xx.o
DMA1_Stream7_IRQHandler                           build/startup_stm32h743xx.o
DMA2D_IRQHandler                                  build/startup_stm32h743xx.o
DMA2_Stream0_IRQHandler                           build/startup_stm32h743xx.o
DMA2_Stream1_IRQHandler                           build/startup_stm32h743xx.o
DMA2_Stream2_IRQHandler                           build/startup_stm32h743xx.o
DMA2_Stream3_IRQHandler                           build/startup_stm32h743xx.o
DMA2_Stream4_IRQHandler                           build/startup_stm32h743xx.o
DMA2_Stream5_IRQHandler                           build/startup_stm32h743xx.o
DMA2_Stream6_IRQHandler                           build/startup_stm32h743xx.o
DMA2_Stream7_IRQHandler                           build/startup_stm32h743xx.o
DMAMUX1_OVR_IRQHandler                            build/startup_stm32h743xx.o
DMAMUX2_OVR_IRQHandler                            build/startup_stm32h743xx.o
DebugMon_Handler                                  build/stm32h7xx_it.o
Default_Handler                                   build/startup_stm32h743xx.o
ECC_IRQHandler                                    build/startup_stm32h743xx.o
ETH_IRQHandler                                    build/startup_stm32h743xx.o
ETH_WKUP_IRQHandler                               build/startup_stm32h743xx.o
EXTI0_IRQHandler                                  build/startup_stm32h743xx.o
EXTI15_10_IRQHandler                              build/startup_stm32h743xx.o
EXTI1_IRQHandler                                  build/startup_stm32h743xx.o
EXTI2_IRQHandler                                  build/startup_stm32h743xx.o
EXTI3_IRQHandler                                  build/startup_stm32h743xx.o
EXTI4_IRQHandler                                  build/startup_stm32h743xx.o
EXTI9_5_IRQHandler                                build/startup_stm32h743xx.o
Error_Handler                                     build/main.o
                                                  build/usb_otg.o
                                                  build/usart.o
                                                  build/spi.o
FDCAN1_IT0_IRQHandler                             build/startup_stm32h743xx.o
FDCAN1_IT1_IRQHandler                             build/startup_stm32h743xx.o
FDCAN2_IT0_IRQHandler                             build/startup_stm32h743xx.o
FDCAN2_IT1_IRQHandler                             build/startup_stm32h743xx.o
FDCAN_CAL_IRQHandler                              build/startup_stm32h743xx.o
FLASH_CRC_WaitForLastOperation                    build/stm32h7xx_hal_flash.o
                                                  build/stm32h7xx_hal_flash_ex.o
FLASH_Erase_Sector                                build/stm32h7xx_hal_flash_ex.o
                                                  build/stm32h7xx_hal_flash.o
FLASH_IRQHandler                                  build/startup_stm32h743xx.o
FLASH_OB_WaitForLastOperation                     build/stm32h7xx_hal_flash.o
                                                  build/stm32h7xx_hal_flash_ex.o
FLASH_WaitForLastOperation                        build/stm32h7xx_hal_flash.o
                                                  build/stm32h7xx_hal_flash_ex.o
FMC_IRQHandler                                    build/startup_stm32h743xx.o
FPU_IRQHandler                                    build/startup_stm32h743xx.o
HAL_DBGMCU_DisableDBGSleepMode                    build/stm32h7xx_hal.o
HAL_DBGMCU_DisableDBGStandbyMode                  build/stm32h7xx_hal.o
HAL_DBGMCU_DisableDBGStopMode                     build/stm32h7xx_hal.o
HAL_DBGMCU_EnableDBGSleepMode                     build/stm32h7xx_hal.o
HAL_DBGMCU_EnableDBGStandbyMode                   build/stm32h7xx_hal.o
HAL_DBGMCU_EnableDBGStopMode                      build/stm32h7xx_hal.o
HAL_DMAEx_ChangeMemory                            build/stm32h7xx_hal_dma_ex.o
HAL_DMAEx_ConfigMuxRequestGenerator               build/stm32h7xx_hal_dma_ex.o
HAL_DMAEx_ConfigMuxSync                           build/stm32h7xx_hal_dma_ex.o
HAL_DMAEx_DisableMuxRequestGenerator              build/stm32h7xx_hal_dma_ex.o
HAL_DMAEx_EnableMuxRequestGenerator               build/stm32h7xx_hal_dma_ex.o
HAL_DMAEx_MUX_IRQHandler                          build/stm32h7xx_hal_dma_ex.o
HAL_DMAEx_MultiBufferStart                        build/stm32h7xx_hal_dma_ex.o
HAL_DMAEx_MultiBufferStart_IT                     build/stm32h7xx_hal_dma_ex.o
HAL_DMA_Abort                                     build/stm32h7xx_hal_dma.o
                                                  build/stm32h7xx_hal_uart.o
                                                  build/stm32h7xx_hal_spi.o
HAL_DMA_Abort_IT                                  build/stm32h7xx_hal_dma.o
                                                  build/stm32h7xx_hal_uart.o
                                                  build/stm32h7xx_hal_i2c.o
                                                  build/stm32h7xx_hal_spi.o
HAL_DMA_DeInit                                    build/stm32h7xx_hal_dma.o
HAL_DMA_GetError                                  build/stm32h7xx_hal_dma.o
                                                  build/stm32h7xx_hal_uart.o
                                                  build/stm32h7xx_hal_i2c.o
                                                  build/stm32h7xx_hal_spi.o
HAL_DMA_GetState                                  build/stm32h7xx_hal_dma.o
                                                  build/stm32h7xx_hal_i2c.o
HAL_DMA_IRQHandler                                build/stm32h7xx_hal_dma.o
HAL_DMA_Init                                      build/stm32h7xx_hal_dma.o
HAL_DMA_PollForTransfer                           build/stm32h7xx_hal_dma.o
HAL_DMA_RegisterCallback                          build/stm32h7xx_hal_dma.o
HAL_DMA_Start                                     build/stm32h7xx_hal_dma.o
HAL_DMA_Start_IT                                  build/stm32h7xx_hal_dma.o
                                                  build/stm32h7xx_hal_uart.o
                                                  build/stm32h7xx_hal_i2c.o
                                                  build/stm32h7xx_hal_spi.o
HAL_DMA_UnRegisterCallback                        build/stm32h7xx_hal_dma.o
HAL_DeInit                                        build/stm32h7xx_hal.o
HAL_Delay                                         build/stm32h7xx_hal.o
                                                  build/stm32h7xx_ll_usb.o
                                                  build/stm32h7xx_hal_pcd_ex.o
HAL_DisableCompensationCell                       build/stm32h7xx_hal.o
HAL_DisableDomain3DBGStandbyMode                  build/stm32h7xx_hal.o
HAL_DisableDomain3DBGStopMode                     build/stm32h7xx_hal.o
HAL_EXTI_ClearConfigLine                          build/stm32h7xx_hal_exti.o
HAL_EXTI_ClearPending                             build/stm32h7xx_hal_exti.o
HAL_EXTI_D1_ClearFlag                             build/stm32h7xx_hal.o
HAL_EXTI_D1_EventInputConfig                      build/stm32h7xx_hal.o
HAL_EXTI_D3_EventInputConfig                      build/stm32h7xx_hal.o
HAL_EXTI_EdgeConfig                               build/stm32h7xx_hal.o
HAL_EXTI_GenerateSWI                              build/stm32h7xx_hal_exti.o
HAL_EXTI_GenerateSWInterrupt                      build/stm32h7xx_hal.o
HAL_EXTI_GetConfigLine                            build/stm32h7xx_hal_exti.o
HAL_EXTI_GetHandle                                build/stm32h7xx_hal_exti.o
HAL_EXTI_GetPending                               build/stm32h7xx_hal_exti.o
HAL_EXTI_IRQHandler                               build/stm32h7xx_hal_exti.o
HAL_EXTI_RegisterCallback                         build/stm32h7xx_hal_exti.o
HAL_EXTI_SetConfigLine                            build/stm32h7xx_hal_exti.o
HAL_EnableCompensationCell                        build/stm32h7xx_hal.o
HAL_EnableDomain3DBGStandbyMode                   build/stm32h7xx_hal.o
HAL_EnableDomain3DBGStopMode                      build/stm32h7xx_hal.o
HAL_FLASHEx_ComputeCRC                            build/stm32h7xx_hal_flash_ex.o
HAL_FLASHEx_Erase                                 build/stm32h7xx_hal_flash_ex.o
HAL_FLASHEx_Erase_IT                              build/stm32h7xx_hal_flash_ex.o
HAL_FLASHEx_Lock_Bank1                            build/stm32h7xx_hal_flash_ex.o
HAL_FLASHEx_Lock_Bank2                            build/stm32h7xx_hal_flash_ex.o
HAL_FLASHEx_OBGetConfig                           build/stm32h7xx_hal_flash_ex.o
HAL_FLASHEx_OBProgram                             build/stm32h7xx_hal_flash_ex.o
HAL_FLASHEx_Unlock_Bank1                          build/stm32h7xx_hal_flash_ex.o
HAL_FLASHEx_Unlock_Bank2                          build/stm32h7xx_hal_flash_ex.o
HAL_FLASH_EndOfOperationCallback                  build/stm32h7xx_hal_flash.o
HAL_FLASH_GetError                                build/stm32h7xx_hal_flash.o
HAL_FLASH_IRQHandler                              build/stm32h7xx_hal_flash.o
HAL_FLASH_Lock                                    build/stm32h7xx_hal_flash.o
HAL_FLASH_OB_Launch                               build/stm32h7xx_hal_flash.o
HAL_FLASH_OB_Lock                                 build/stm32h7xx_hal_flash.o
HAL_FLASH_OB_Unlock                               build/stm32h7xx_hal_flash.o
HAL_FLASH_OperationErrorCallback                  build/stm32h7xx_hal_flash.o
HAL_FLASH_Program                                 build/stm32h7xx_hal_flash.o
HAL_FLASH_Program_IT                              build/stm32h7xx_hal_flash.o
HAL_FLASH_Unlock                                  build/stm32h7xx_hal_flash.o
HAL_GPIO_DeInit                                   build/stm32h7xx_hal_gpio.o
                                                  build/usb_otg.o
                                                  build/usart.o
                                                  build/spi.o
HAL_GPIO_EXTI_Callback                            build/stm32h7xx_hal_gpio.o
HAL_GPIO_EXTI_IRQHandler                          build/stm32h7xx_hal_gpio.o
HAL_GPIO_Init                                     build/stm32h7xx_hal_gpio.o
                                                  build/stm32h7xx_hal_rcc.o
                                                  build/usb_otg.o
                                                  build/usart.o
                                                  build/spi.o
                                                  build/gpio.o
HAL_GPIO_LockPin                                  build/stm32h7xx_hal_gpio.o
HAL_GPIO_ReadPin                                  build/stm32h7xx_hal_gpio.o
HAL_GPIO_TogglePin                                build/stm32h7xx_hal_gpio.o
HAL_GPIO_WritePin                                 build/stm32h7xx_hal_gpio.o
                                                  build/gpio.o
HAL_GetCurrentCPUID                               build/stm32h7xx_hal_cortex.o
HAL_GetDEVID                                      build/stm32h7xx_hal.o
HAL_GetFMCMemorySwappingConfig                    build/stm32h7xx_hal.o
HAL_GetHalVersion                                 build/stm32h7xx_hal.o
HAL_GetREVID                                      build/stm32h7xx_hal.o
                                                  build/stm32h7xx_hal_rcc_ex.o
                                                  build/stm32h7xx_hal_rcc.o
HAL_GetTick                                       build/stm32h7xx_hal.o
                                                  build/stm32h7xx_hal_pcd_ex.o
                                                  build/stm32h7xx_hal_uart_ex.o
                                                  build/stm32h7xx_hal_uart.o
                                                  build/stm32h7xx_hal_i2c.o
                                                  build/stm32h7xx_hal_pwr_ex.o
                                                  build/stm32h7xx_hal_mdma.o
                                                  build/stm32h7xx_hal_dma.o
                                                  build/stm32h7xx_hal_flash.o
                                                  build/stm32h7xx_hal_rcc_ex.o
                                                  build/stm32h7xx_hal_rcc.o
                                                  build/stm32h7xx_hal_spi.o
HAL_GetTickFreq                                   build/stm32h7xx_hal.o
HAL_GetTickPrio                                   build/stm32h7xx_hal.o
HAL_GetUIDw0                                      build/stm32h7xx_hal.o
HAL_GetUIDw1                                      build/stm32h7xx_hal.o
HAL_GetUIDw2                                      build/stm32h7xx_hal.o
HAL_HSEM_ActivateNotification                     build/stm32h7xx_hal_hsem.o
HAL_HSEM_DeactivateNotification                   build/stm32h7xx_hal_hsem.o
HAL_HSEM_FastTake                                 build/stm32h7xx_hal_hsem.o
HAL_HSEM_FreeCallback                             build/stm32h7xx_hal_hsem.o
HAL_HSEM_GetClearKey                              build/stm32h7xx_hal_hsem.o
HAL_HSEM_IRQHandler                               build/stm32h7xx_hal_hsem.o
HAL_HSEM_IsSemTaken                               build/stm32h7xx_hal_hsem.o
HAL_HSEM_Release                                  build/stm32h7xx_hal_hsem.o
HAL_HSEM_ReleaseAll                               build/stm32h7xx_hal_hsem.o
HAL_HSEM_SetClearKey                              build/stm32h7xx_hal_hsem.o
HAL_HSEM_Take                                     build/stm32h7xx_hal_hsem.o
HAL_HalfDuplex_EnableReceiver                     build/stm32h7xx_hal_uart.o
HAL_HalfDuplex_EnableTransmitter                  build/stm32h7xx_hal_uart.o
HAL_HalfDuplex_Init                               build/stm32h7xx_hal_uart.o
HAL_I2CEx_ConfigAnalogFilter                      build/stm32h7xx_hal_i2c_ex.o
HAL_I2CEx_ConfigDigitalFilter                     build/stm32h7xx_hal_i2c_ex.o
HAL_I2CEx_DisableFastModePlus                     build/stm32h7xx_hal_i2c_ex.o
HAL_I2CEx_DisableWakeUp                           build/stm32h7xx_hal_i2c_ex.o
HAL_I2CEx_EnableFastModePlus                      build/stm32h7xx_hal_i2c_ex.o
HAL_I2CEx_EnableWakeUp                            build/stm32h7xx_hal_i2c_ex.o
HAL_I2C_AbortCpltCallback                         build/stm32h7xx_hal_i2c.o
HAL_I2C_AddrCallback                              build/stm32h7xx_hal_i2c.o
HAL_I2C_DeInit                                    build/stm32h7xx_hal_i2c.o
HAL_I2C_DisableListen_IT                          build/stm32h7xx_hal_i2c.o
HAL_I2C_ER_IRQHandler                             build/stm32h7xx_hal_i2c.o
HAL_I2C_EV_IRQHandler                             build/stm32h7xx_hal_i2c.o
HAL_I2C_EnableListen_IT                           build/stm32h7xx_hal_i2c.o
HAL_I2C_ErrorCallback                             build/stm32h7xx_hal_i2c.o
HAL_I2C_GetError                                  build/stm32h7xx_hal_i2c.o
HAL_I2C_GetMode                                   build/stm32h7xx_hal_i2c.o
HAL_I2C_GetState                                  build/stm32h7xx_hal_i2c.o
HAL_I2C_Init                                      build/stm32h7xx_hal_i2c.o
HAL_I2C_IsDeviceReady                             build/stm32h7xx_hal_i2c.o
HAL_I2C_ListenCpltCallback                        build/stm32h7xx_hal_i2c.o
HAL_I2C_MasterRxCpltCallback                      build/stm32h7xx_hal_i2c.o
HAL_I2C_MasterTxCpltCallback                      build/stm32h7xx_hal_i2c.o
HAL_I2C_Master_Abort_IT                           build/stm32h7xx_hal_i2c.o
HAL_I2C_Master_Receive                            build/stm32h7xx_hal_i2c.o
HAL_I2C_Master_Receive_DMA                        build/stm32h7xx_hal_i2c.o
HAL_I2C_Master_Receive_IT                         build/stm32h7xx_hal_i2c.o
HAL_I2C_Master_Seq_Receive_DMA                    build/stm32h7xx_hal_i2c.o
HAL_I2C_Master_Seq_Receive_IT                     build/stm32h7xx_hal_i2c.o
HAL_I2C_Master_Seq_Transmit_DMA                   build/stm32h7xx_hal_i2c.o
HAL_I2C_Master_Seq_Transmit_IT                    build/stm32h7xx_hal_i2c.o
HAL_I2C_Master_Transmit                           build/stm32h7xx_hal_i2c.o
HAL_I2C_Master_Transmit_DMA                       build/stm32h7xx_hal_i2c.o
HAL_I2C_Master_Transmit_IT                        build/stm32h7xx_hal_i2c.o
HAL_I2C_MemRxCpltCallback                         build/stm32h7xx_hal_i2c.o
HAL_I2C_MemTxCpltCallback                         build/stm32h7xx_hal_i2c.o
HAL_I2C_Mem_Read                                  build/stm32h7xx_hal_i2c.o
HAL_I2C_Mem_Read_DMA                              build/stm32h7xx_hal_i2c.o
HAL_I2C_Mem_Read_IT                               build/stm32h7xx_hal_i2c.o
HAL_I2C_Mem_Write                                 build/stm32h7xx_hal_i2c.o
HAL_I2C_Mem_Write_DMA                             build/stm32h7xx_hal_i2c.o
HAL_I2C_Mem_Write_IT                              build/stm32h7xx_hal_i2c.o
HAL_I2C_MspDeInit                                 build/stm32h7xx_hal_i2c.o
HAL_I2C_MspInit                                   build/stm32h7xx_hal_i2c.o
HAL_I2C_SlaveRxCpltCallback                       build/stm32h7xx_hal_i2c.o
HAL_I2C_SlaveTxCpltCallback                       build/stm32h7xx_hal_i2c.o
HAL_I2C_Slave_Receive                             build/stm32h7xx_hal_i2c.o
HAL_I2C_Slave_Receive_DMA                         build/stm32h7xx_hal_i2c.o
HAL_I2C_Slave_Receive_IT                          build/stm32h7xx_hal_i2c.o
HAL_I2C_Slave_Seq_Receive_DMA                     build/stm32h7xx_hal_i2c.o
HAL_I2C_Slave_Seq_Receive_IT                      build/stm32h7xx_hal_i2c.o
HAL_I2C_Slave_Seq_Transmit_DMA                    build/stm32h7xx_hal_i2c.o
HAL_I2C_Slave_Seq_Transmit_IT                     build/stm32h7xx_hal_i2c.o
HAL_I2C_Slave_Transmit                            build/stm32h7xx_hal_i2c.o
HAL_I2C_Slave_Transmit_DMA                        build/stm32h7xx_hal_i2c.o
HAL_I2C_Slave_Transmit_IT                         build/stm32h7xx_hal_i2c.o
HAL_IncTick                                       build/stm32h7xx_hal.o
                                                  build/stm32h7xx_it.o
HAL_Init                                          build/stm32h7xx_hal.o
                                                  build/main.o
HAL_InitTick                                      build/stm32h7xx_hal.o
                                                  build/stm32h7xx_hal_rcc.o
HAL_LIN_Init                                      build/stm32h7xx_hal_uart.o
HAL_LIN_SendBreak                                 build/stm32h7xx_hal_uart.o
HAL_MDMA_Abort                                    build/stm32h7xx_hal_mdma.o
HAL_MDMA_Abort_IT                                 build/stm32h7xx_hal_mdma.o
HAL_MDMA_ConfigPostRequestMask                    build/stm32h7xx_hal_mdma.o
HAL_MDMA_DeInit                                   build/stm32h7xx_hal_mdma.o
HAL_MDMA_GenerateSWRequest                        build/stm32h7xx_hal_mdma.o
HAL_MDMA_GetError                                 build/stm32h7xx_hal_mdma.o
HAL_MDMA_GetState                                 build/stm32h7xx_hal_mdma.o
HAL_MDMA_IRQHandler                               build/stm32h7xx_hal_mdma.o
HAL_MDMA_Init                                     build/stm32h7xx_hal_mdma.o
HAL_MDMA_LinkedList_AddNode                       build/stm32h7xx_hal_mdma.o
HAL_MDMA_LinkedList_CreateNode                    build/stm32h7xx_hal_mdma.o
HAL_MDMA_LinkedList_DisableCircularMode           build/stm32h7xx_hal_mdma.o
HAL_MDMA_LinkedList_EnableCircularMode            build/stm32h7xx_hal_mdma.o
HAL_MDMA_LinkedList_RemoveNode                    build/stm32h7xx_hal_mdma.o
HAL_MDMA_PollForTransfer                          build/stm32h7xx_hal_mdma.o
HAL_MDMA_RegisterCallback                         build/stm32h7xx_hal_mdma.o
HAL_MDMA_Start                                    build/stm32h7xx_hal_mdma.o
HAL_MDMA_Start_IT                                 build/stm32h7xx_hal_mdma.o
HAL_MDMA_UnRegisterCallback                       build/stm32h7xx_hal_mdma.o
HAL_MPU_ConfigRegion                              build/stm32h7xx_hal_cortex.o
HAL_MPU_Disable                                   build/stm32h7xx_hal_cortex.o
HAL_MPU_Enable                                    build/stm32h7xx_hal_cortex.o
HAL_MspDeInit                                     build/stm32h7xx_hal.o
HAL_MspInit                                       build/stm32h7xx_hal_msp.o
HAL_MultiProcessorEx_AddressLength_Set            build/stm32h7xx_hal_uart_ex.o
HAL_MultiProcessor_DisableMuteMode                build/stm32h7xx_hal_uart.o
HAL_MultiProcessor_EnableMuteMode                 build/stm32h7xx_hal_uart.o
HAL_MultiProcessor_EnterMuteMode                  build/stm32h7xx_hal_uart.o
HAL_MultiProcessor_Init                           build/stm32h7xx_hal_uart.o
HAL_NVIC_ClearPendingIRQ                          build/stm32h7xx_hal_cortex.o
HAL_NVIC_DisableIRQ                               build/stm32h7xx_hal_cortex.o
HAL_NVIC_EnableIRQ                                build/stm32h7xx_hal_cortex.o
HAL_NVIC_GetActive                                build/stm32h7xx_hal_cortex.o
HAL_NVIC_GetPendingIRQ                            build/stm32h7xx_hal_cortex.o
HAL_NVIC_GetPriority                              build/stm32h7xx_hal_cortex.o
HAL_NVIC_GetPriorityGrouping                      build/stm32h7xx_hal_cortex.o
HAL_NVIC_SetPendingIRQ                            build/stm32h7xx_hal_cortex.o
HAL_NVIC_SetPriority                              build/stm32h7xx_hal_cortex.o
                                                  build/stm32h7xx_hal.o
HAL_NVIC_SetPriorityGrouping                      build/stm32h7xx_hal_cortex.o
                                                  build/stm32h7xx_hal.o
HAL_NVIC_SystemReset                              build/stm32h7xx_hal_cortex.o
HAL_PCDEx_ActivateBCD                             build/stm32h7xx_hal_pcd_ex.o
HAL_PCDEx_ActivateLPM                             build/stm32h7xx_hal_pcd_ex.o
                                                  build/stm32h7xx_hal_pcd.o
HAL_PCDEx_BCD_Callback                            build/stm32h7xx_hal_pcd_ex.o
HAL_PCDEx_BCD_VBUSDetect                          build/stm32h7xx_hal_pcd_ex.o
HAL_PCDEx_DeActivateBCD                           build/stm32h7xx_hal_pcd_ex.o
HAL_PCDEx_DeActivateLPM                           build/stm32h7xx_hal_pcd_ex.o
HAL_PCDEx_LPM_Callback                            build/stm32h7xx_hal_pcd_ex.o
                                                  build/stm32h7xx_hal_pcd.o
HAL_PCDEx_SetRxFiFo                               build/stm32h7xx_hal_pcd_ex.o
HAL_PCDEx_SetTxFiFo                               build/stm32h7xx_hal_pcd_ex.o
HAL_PCD_ActivateRemoteWakeup                      build/stm32h7xx_hal_pcd.o
HAL_PCD_ConnectCallback                           build/stm32h7xx_hal_pcd.o
HAL_PCD_DataInStageCallback                       build/stm32h7xx_hal_pcd.o
HAL_PCD_DataOutStageCallback                      build/stm32h7xx_hal_pcd.o
HAL_PCD_DeActivateRemoteWakeup                    build/stm32h7xx_hal_pcd.o
HAL_PCD_DeInit                                    build/stm32h7xx_hal_pcd.o
HAL_PCD_DevConnect                                build/stm32h7xx_hal_pcd.o
HAL_PCD_DevDisconnect                             build/stm32h7xx_hal_pcd.o
HAL_PCD_DisconnectCallback                        build/stm32h7xx_hal_pcd.o
HAL_PCD_EP_Close                                  build/stm32h7xx_hal_pcd.o
HAL_PCD_EP_ClrStall                               build/stm32h7xx_hal_pcd.o
HAL_PCD_EP_Flush                                  build/stm32h7xx_hal_pcd.o
HAL_PCD_EP_GetRxCount                             build/stm32h7xx_hal_pcd.o
HAL_PCD_EP_Open                                   build/stm32h7xx_hal_pcd.o
HAL_PCD_EP_Receive                                build/stm32h7xx_hal_pcd.o
HAL_PCD_EP_SetStall                               build/stm32h7xx_hal_pcd.o
HAL_PCD_EP_Transmit                               build/stm32h7xx_hal_pcd.o
HAL_PCD_GetState                                  build/stm32h7xx_hal_pcd.o
HAL_PCD_IRQHandler                                build/stm32h7xx_hal_pcd.o
HAL_PCD_ISOINIncompleteCallback                   build/stm32h7xx_hal_pcd.o
HAL_PCD_ISOOUTIncompleteCallback                  build/stm32h7xx_hal_pcd.o
HAL_PCD_Init                                      build/stm32h7xx_hal_pcd.o
                                                  build/usb_otg.o
HAL_PCD_MspDeInit                                 build/usb_otg.o
HAL_PCD_MspInit                                   build/usb_otg.o
HAL_PCD_ResetCallback                             build/stm32h7xx_hal_pcd.o
HAL_PCD_ResumeCallback                            build/stm32h7xx_hal_pcd.o
HAL_PCD_SOFCallback                               build/stm32h7xx_hal_pcd.o
HAL_PCD_SetAddress                                build/stm32h7xx_hal_pcd.o
HAL_PCD_SetupStageCallback                        build/stm32h7xx_hal_pcd.o
HAL_PCD_Start                                     build/stm32h7xx_hal_pcd.o
HAL_PCD_Stop                                      build/stm32h7xx_hal_pcd.o
HAL_PCD_SuspendCallback                           build/stm32h7xx_hal_pcd.o
HAL_PWREx_AVDCallback                             build/stm32h7xx_hal_pwr_ex.o
HAL_PWREx_ClearPendingEvent                       build/stm32h7xx_hal_pwr_ex.o
HAL_PWREx_ClearWakeupFlag                         build/stm32h7xx_hal_pwr_ex.o
HAL_PWREx_ConfigAVD                               build/stm32h7xx_hal_pwr_ex.o
HAL_PWREx_ConfigD3Domain                          build/stm32h7xx_hal_pwr_ex.o
HAL_PWREx_ConfigSupply                            build/stm32h7xx_hal_pwr_ex.o
                                                  build/main.o
HAL_PWREx_ControlStopModeVoltageScaling           build/stm32h7xx_hal_pwr_ex.o
HAL_PWREx_ControlVoltageScaling                   build/stm32h7xx_hal_pwr_ex.o
HAL_PWREx_DisableAVD                              build/stm32h7xx_hal_pwr_ex.o
HAL_PWREx_DisableBatteryCharging                  build/stm32h7xx_hal_pwr_ex.o
HAL_PWREx_DisableBkUpReg                          build/stm32h7xx_hal_pwr_ex.o
HAL_PWREx_DisableFlashPowerDown                   build/stm32h7xx_hal_pwr_ex.o
HAL_PWREx_DisableMonitoring                       build/stm32h7xx_hal_pwr_ex.o
HAL_PWREx_DisableUSBReg                           build/stm32h7xx_hal_pwr_ex.o
HAL_PWREx_DisableUSBVoltageDetector               build/stm32h7xx_hal_pwr_ex.o
HAL_PWREx_DisableWakeUpPin                        build/stm32h7xx_hal_pwr_ex.o
HAL_PWREx_EnableAVD                               build/stm32h7xx_hal_pwr_ex.o
HAL_PWREx_EnableBatteryCharging                   build/stm32h7xx_hal_pwr_ex.o
HAL_PWREx_EnableBkUpReg                           build/stm32h7xx_hal_pwr_ex.o
HAL_PWREx_EnableFlashPowerDown                    build/stm32h7xx_hal_pwr_ex.o
HAL_PWREx_EnableMonitoring                        build/stm32h7xx_hal_pwr_ex.o
HAL_PWREx_EnableUSBReg                            build/stm32h7xx_hal_pwr_ex.o
HAL_PWREx_EnableUSBVoltageDetector                build/stm32h7xx_hal_pwr_ex.o
                                                  build/main.o
HAL_PWREx_EnableWakeUpPin                         build/stm32h7xx_hal_pwr_ex.o
HAL_PWREx_EnterSTANDBYMode                        build/stm32h7xx_hal_pwr_ex.o
HAL_PWREx_EnterSTOPMode                           build/stm32h7xx_hal_pwr_ex.o
HAL_PWREx_GetStopModeVoltageRange                 build/stm32h7xx_hal_pwr_ex.o
HAL_PWREx_GetSupplyConfig                         build/stm32h7xx_hal_pwr_ex.o
HAL_PWREx_GetTemperatureLevel                     build/stm32h7xx_hal_pwr_ex.o
HAL_PWREx_GetVBATLevel                            build/stm32h7xx_hal_pwr_ex.o
HAL_PWREx_GetVoltageRange                         build/stm32h7xx_hal_pwr_ex.o
HAL_PWREx_GetWakeupFlag                           build/stm32h7xx_hal_pwr_ex.o
HAL_PWREx_PVD_AVD_IRQHandler                      build/stm32h7xx_hal_pwr_ex.o
HAL_PWREx_WAKEUP_PIN_IRQHandler                   build/stm32h7xx_hal_pwr_ex.o
HAL_PWREx_WKUP1_Callback                          build/stm32h7xx_hal_pwr_ex.o
HAL_PWREx_WKUP2_Callback                          build/stm32h7xx_hal_pwr_ex.o
HAL_PWREx_WKUP3_Callback                          build/stm32h7xx_hal_pwr_ex.o
HAL_PWREx_WKUP4_Callback                          build/stm32h7xx_hal_pwr_ex.o
HAL_PWREx_WKUP5_Callback                          build/stm32h7xx_hal_pwr_ex.o
HAL_PWREx_WKUP6_Callback                          build/stm32h7xx_hal_pwr_ex.o
HAL_PWR_ConfigPVD                                 build/stm32h7xx_hal_pwr.o
HAL_PWR_DeInit                                    build/stm32h7xx_hal_pwr.o
HAL_PWR_DisableBkUpAccess                         build/stm32h7xx_hal_pwr.o
HAL_PWR_DisablePVD                                build/stm32h7xx_hal_pwr.o
HAL_PWR_DisableSEVOnPend                          build/stm32h7xx_hal_pwr.o
HAL_PWR_DisableSleepOnExit                        build/stm32h7xx_hal_pwr.o
HAL_PWR_DisableWakeUpPin                          build/stm32h7xx_hal_pwr.o
HAL_PWR_EnableBkUpAccess                          build/stm32h7xx_hal_pwr.o
HAL_PWR_EnablePVD                                 build/stm32h7xx_hal_pwr.o
HAL_PWR_EnableSEVOnPend                           build/stm32h7xx_hal_pwr.o
HAL_PWR_EnableSleepOnExit                         build/stm32h7xx_hal_pwr.o
HAL_PWR_EnableWakeUpPin                           build/stm32h7xx_hal_pwr.o
HAL_PWR_EnterSLEEPMode                            build/stm32h7xx_hal_pwr.o
HAL_PWR_EnterSTANDBYMode                          build/stm32h7xx_hal_pwr.o
HAL_PWR_EnterSTOPMode                             build/stm32h7xx_hal_pwr.o
HAL_PWR_PVDCallback                               build/stm32h7xx_hal_pwr.o
                                                  build/stm32h7xx_hal_pwr_ex.o
HAL_PWR_PVD_IRQHandler                            build/stm32h7xx_hal_pwr.o
HAL_RCCEx_CRSConfig                               build/stm32h7xx_hal_rcc_ex.o
HAL_RCCEx_CRSGetSynchronizationInfo               build/stm32h7xx_hal_rcc_ex.o
HAL_RCCEx_CRSSoftwareSynchronizationGenerate      build/stm32h7xx_hal_rcc_ex.o
HAL_RCCEx_CRSWaitSynchronization                  build/stm32h7xx_hal_rcc_ex.o
HAL_RCCEx_CRS_ErrorCallback                       build/stm32h7xx_hal_rcc_ex.o
HAL_RCCEx_CRS_ExpectedSyncCallback                build/stm32h7xx_hal_rcc_ex.o
HAL_RCCEx_CRS_IRQHandler                          build/stm32h7xx_hal_rcc_ex.o
HAL_RCCEx_CRS_SyncOkCallback                      build/stm32h7xx_hal_rcc_ex.o
HAL_RCCEx_CRS_SyncWarnCallback                    build/stm32h7xx_hal_rcc_ex.o
HAL_RCCEx_DisableLSECSS                           build/stm32h7xx_hal_rcc_ex.o
HAL_RCCEx_EnableLSECSS                            build/stm32h7xx_hal_rcc_ex.o
HAL_RCCEx_EnableLSECSS_IT                         build/stm32h7xx_hal_rcc_ex.o
HAL_RCCEx_GetD1PCLK1Freq                          build/stm32h7xx_hal_rcc_ex.o
HAL_RCCEx_GetD1SysClockFreq                       build/stm32h7xx_hal_rcc_ex.o
HAL_RCCEx_GetD3PCLK1Freq                          build/stm32h7xx_hal_rcc_ex.o
                                                  build/stm32h7xx_hal_uart.o
HAL_RCCEx_GetPLL1ClockFreq                        build/stm32h7xx_hal_rcc_ex.o
HAL_RCCEx_GetPLL2ClockFreq                        build/stm32h7xx_hal_rcc_ex.o
                                                  build/stm32h7xx_hal_uart.o
HAL_RCCEx_GetPLL3ClockFreq                        build/stm32h7xx_hal_rcc_ex.o
                                                  build/stm32h7xx_hal_uart.o
HAL_RCCEx_GetPeriphCLKConfig                      build/stm32h7xx_hal_rcc_ex.o
HAL_RCCEx_GetPeriphCLKFreq                        build/stm32h7xx_hal_rcc_ex.o
HAL_RCCEx_KerWakeUpStopCLKConfig                  build/stm32h7xx_hal_rcc_ex.o
HAL_RCCEx_LSECSS_Callback                         build/stm32h7xx_hal_rcc_ex.o
HAL_RCCEx_LSECSS_IRQHandler                       build/stm32h7xx_hal_rcc_ex.o
HAL_RCCEx_PeriphCLKConfig                         build/stm32h7xx_hal_rcc_ex.o
                                                  build/main.o
HAL_RCCEx_WWDGxSysResetConfig                     build/stm32h7xx_hal_rcc_ex.o
HAL_RCCEx_WakeUpStopCLKConfig                     build/stm32h7xx_hal_rcc_ex.o
HAL_RCC_CSSCallback                               build/stm32h7xx_hal_rcc.o
HAL_RCC_ClockConfig                               build/stm32h7xx_hal_rcc.o
                                                  build/main.o
HAL_RCC_DeInit                                    build/stm32h7xx_hal_rcc.o
HAL_RCC_DisableCSS                                build/stm32h7xx_hal_rcc.o
HAL_RCC_EnableCSS                                 build/stm32h7xx_hal_rcc.o
HAL_RCC_GetClockConfig                            build/stm32h7xx_hal_rcc.o
HAL_RCC_GetHCLKFreq                               build/stm32h7xx_hal_rcc.o
                                                  build/stm32h7xx_hal_pcd.o
                                                  build/stm32h7xx_hal_rcc_ex.o
HAL_RCC_GetOscConfig                              build/stm32h7xx_hal_rcc.o
HAL_RCC_GetPCLK1Freq                              build/stm32h7xx_hal_rcc.o
                                                  build/stm32h7xx_hal_uart.o
HAL_RCC_GetPCLK2Freq                              build/stm32h7xx_hal_rcc.o
                                                  build/stm32h7xx_hal_uart.o
HAL_RCC_GetSysClockFreq                           build/stm32h7xx_hal_rcc.o
                                                  build/stm32h7xx_hal.o
                                                  build/stm32h7xx_hal_rcc_ex.o
HAL_RCC_MCOConfig                                 build/stm32h7xx_hal_rcc.o
HAL_RCC_NMI_IRQHandler                            build/stm32h7xx_hal_rcc.o
HAL_RCC_OscConfig                                 build/stm32h7xx_hal_rcc.o
                                                  build/main.o
HAL_RS485Ex_Init                                  build/stm32h7xx_hal_uart_ex.o
HAL_ResumeTick                                    build/stm32h7xx_hal.o
HAL_SPIEx_ConfigureUnderrun                       build/stm32h7xx_hal_spi_ex.o
HAL_SPIEx_EnableLockConfiguration                 build/stm32h7xx_hal_spi_ex.o
HAL_SPIEx_FlushRxFifo                             build/stm32h7xx_hal_spi_ex.o
HAL_SPI_Abort                                     build/stm32h7xx_hal_spi.o
HAL_SPI_AbortCpltCallback                         build/stm32h7xx_hal_spi.o
HAL_SPI_Abort_IT                                  build/stm32h7xx_hal_spi.o
HAL_SPI_DMAPause                                  build/stm32h7xx_hal_spi.o
HAL_SPI_DMAResume                                 build/stm32h7xx_hal_spi.o
HAL_SPI_DMAStop                                   build/stm32h7xx_hal_spi.o
HAL_SPI_DeInit                                    build/stm32h7xx_hal_spi.o
HAL_SPI_ErrorCallback                             build/stm32h7xx_hal_spi.o
HAL_SPI_GetError                                  build/stm32h7xx_hal_spi.o
HAL_SPI_GetState                                  build/stm32h7xx_hal_spi.o
HAL_SPI_IRQHandler                                build/stm32h7xx_hal_spi.o
HAL_SPI_Init                                      build/stm32h7xx_hal_spi.o
                                                  build/spi.o
HAL_SPI_MspDeInit                                 build/spi.o
HAL_SPI_MspInit                                   build/spi.o
HAL_SPI_Receive                                   build/stm32h7xx_hal_spi.o
HAL_SPI_Receive_DMA                               build/stm32h7xx_hal_spi.o
HAL_SPI_Receive_IT                                build/stm32h7xx_hal_spi.o
HAL_SPI_RxCpltCallback                            build/stm32h7xx_hal_spi.o
HAL_SPI_RxHalfCpltCallback                        build/stm32h7xx_hal_spi.o
HAL_SPI_Transmit                                  build/stm32h7xx_hal_spi.o
HAL_SPI_TransmitReceive                           build/stm32h7xx_hal_spi.o